D/PowerManagerService( 1944): getInputBlocked: false
D/PowerManagerService( 1944): getInputBlocked: false
D/PowerManagerService( 1944): getInputBlocked: false
D/PowerManagerService( 1944): getInputBlocked: false
D/PowerManagerService( 1944): getInputBlocked: false
D/PowerManagerService( 1944): getInputBlocked: false
D/PowerManagerService( 1944): getInputBlocked: false
D/PowerManagerService( 1944): getInputBlocked: false
D/PowerManagerService( 1944): getInputBlocked: false
D/PowerManagerService( 1944): getInputBlocked: false
D/PowerManagerService( 1944): getInputBlocked: false
D/PowerManagerService( 1944): getInputBlocked: false
D/PowerManagerService( 1944): getInputBlocked: false
D/PowerManagerService( 1944): getInputBlocked: false
D/PowerManagerService( 1944): getInputBlocked: false
D/PowerManagerService( 1944): getInputBlocked: false
D/PowerManagerService( 1944): getInputBlocked: false
D/PowerManagerService( 1944): getInputBlocked: false
D/PowerManagerService( 1944): getInputBlocked: false
D/PowerManagerService( 1944): getInputBlocked: false
D/PowerManagerService( 1944): getInputBlocked: false
D/PowerManagerService( 1944): getInputBlocked: false
D/PowerManagerService( 1944): getInputBlocked: false
D/PowerManagerService( 1944): getInputBlocked: false
D/PowerManagerService( 1944): getInputBlocked: false
D/PowerManagerService( 1944): getInputBlocked: false
D/PowerManagerService( 1944): getInputBlocked: false
D/PowerManagerService( 1944): getInputBlocked: false
D/PowerManagerService( 1944): getInputBlocked: false
D/PowerManagerService( 1944): getInputBlocked: false
D/PowerManagerService( 1944): getInputBlocked: false
D/PowerManagerService( 1944): getInputBlocked: false
D/PowerManagerService( 1944): getInputBlocked: false
D/PowerManagerService( 1944): getInputBlocked: false
D/PowerManagerService( 1944): getInputBlocked: false
D/PowerManagerService( 1944): getInputBlocked: false
D/PowerManagerService( 1944): getInputBlocked: false
D/PowerManagerService( 1944): getInputBlocked: false
D/PowerManagerService( 1944): getInputBlocked: false
D/PowerManagerService( 1944): getInputBlocked: false
D/PowerManagerService( 1944): getInputBlocked: false
D/PowerManagerService( 1944): getInputBlocked: false
D/PowerManagerService( 1944): getInputBlocked: false
D/PowerManagerService( 1944): getInputBlocked: false
D/PowerManagerService( 1944): getInputBlocked: false
D/PowerManagerService( 1944): getInputBlocked: false
D/PowerManagerService( 1944): getInputBlocked: false
D/PowerManagerService( 1944): getInputBlocked: false
D/PowerManagerService( 1944): getInputBlocked: false
D/PowerManagerService( 1944): getInputBlocked: false
D/PowerManagerService( 1944): getInputBlocked: false
D/PowerManagerService( 1944): getInputBlocked: false
D/PowerManagerService( 1944): getInputBlocked: false
D/PowerManagerService( 1944): getInputBlocked: false
D/PowerManagerService( 1944): getInputBlocked: false
D/PowerManagerService( 1944): getInputBlocked: false
D/PowerManagerService( 1944): getInputBlocked: false
D/PowerManagerService( 1944): getInputBlocked: false
D/PowerManagerService( 1944): getInputBlocked: false
D/PowerManagerService( 1944): getInputBlocked: false
D/PowerManagerService( 1944): getInputBlocked: false
D/PowerManagerService( 1944): getInputBlocked: false
D/PowerManagerService( 1944): getInputBlocked: false
D/PowerManagerService( 1944): getInputBlocked: false
D/PowerManagerService( 1944): getInputBlocked: false
D/PowerManagerService( 1944): getInputBlocked: false
D/PowerManagerService( 1944): getInputBlocked: false
D/PowerManagerService( 1944): getInputBlocked: false
D/PowerManagerService( 1944): getInputBlocked: false
D/PowerManagerService( 1944): getInputBlocked: false
D/PowerManagerService( 1944): getInputBlocked: false
D/PowerManagerService( 1944): getInputBlocked: false
D/PowerManagerService( 1944): getInputBlocked: false
D/PowerManagerService( 1944): getInputBlocked: false
D/PowerManagerService( 1944): getInputBlocked: false
D/PowerManagerService( 1944): getInputBlocked: false
D/PowerManagerService( 1944): getInputBlocked: false
D/PowerManagerService( 1944): getInputBlocked: false
D/PowerManagerService( 1944): getInputBlocked: false
D/PowerManagerService( 1944): getInputBlocked: false
D/PowerManagerService( 1944): getInputBlocked: false
D/PowerManagerService( 1944): getInputBlocked: false
D/PowerManagerService( 1944): getInputBlocked: false
D/PowerManagerService( 1944): getInputBlocked: false
D/PowerManagerService( 1944): getInputBlocked: false
D/PowerManagerService( 1944): getInputBlocked: false
D/PowerManagerService( 1944): getInputBlocked: false
D/PowerManagerService( 1944): getInputBlocked: false
D/PowerManagerService( 1944): getInputBlocked: false
D/PowerManagerService( 1944): getInputBlocked: false
D/PowerManagerService( 1944): getInputBlocked: false
D/PowerManagerService( 1944): getInputBlocked: false
D/PowerManagerService( 1944): getInputBlocked: false
D/PowerManagerService( 1944): getInputBlocked: false
D/PowerManagerService( 1944): getInputBlocked: false
D/PowerManagerService( 1944): getInputBlocked: false
D/PowerManagerService( 1944): getInputBlocked: false
D/PowerManagerService( 1944): getInputBlocked: false
D/PowerManagerService( 1944): getInputBlocked: false
D/PowerManagerService( 1944): getInputBlocked: false
D/PowerManagerService( 1944): getInputBlocked: false
D/PowerManagerService( 1944): getInputBlocked: false
D/PowerManagerService( 1944): getInputBlocked: false
D/PowerManagerService( 1944): getInputBlocked: false
D/PowerManagerService( 1944): getInputBlocked: false
D/PowerManagerService( 1944): getInputBlocked: false
D/PowerManagerService( 1944): getInputBlocked: false
D/PowerManagerService( 1944): getInputBlocked: false
D/PowerManagerService( 1944): getInputBlocked: false
D/PowerManagerService( 1944): getInputBlocked: false
D/PowerManagerService( 1944): getInputBlocked: false
D/PowerManagerService( 1944): getInputBlocked: false
D/PowerManagerService( 1944): getInputBlocked: false
D/PowerManagerService( 1944): getInputBlocked: false
D/PowerManagerService( 1944): getInputBlocked: false
D/PowerManagerService( 1944): getInputBlocked: false
D/PowerManagerService( 1944): getInputBlocked: false
D/PowerManagerService( 1944): getInputBlocked: false
D/PowerManagerService( 1944): getInputBlocked: false
D/PowerManagerService( 1944): getInputBlocked: false
D/PowerManagerService( 1944): getInputBlocked: false
D/PowerManagerService( 1944): getInputBlocked: false
D/PowerManagerService( 1944): getInputBlocked: false
D/PowerManagerService( 1944): getInputBlocked: false
D/PowerManagerService( 1944): getInputBlocked: false
D/PowerManagerService( 1944): getInputBlocked: false
D/PowerManagerService( 1944): getInputBlocked: false
D/PowerManagerService( 1944): getInputBlocked: false
D/PowerManagerService( 1944): getInputBlocked: false
D/PowerManagerService( 1944): getInputBlocked: false
D/PowerManagerService( 1944): getInputBlocked: false
D/PowerManagerService( 1944): getInputBlocked: false
D/PowerManagerService( 1944): getInputBlocked: false
D/PowerManagerService( 1944): getInputBlocked: false
D/PowerManagerService( 1944): getInputBlocked: false
D/PowerManagerService( 1944): getInputBlocked: false
D/PowerManagerService( 1944): getInputBlocked: false
D/PowerManagerService( 1944): getInputBlocked: false
D/PowerManagerService( 1944): getInputBlocked: false
D/PowerManagerService( 1944): getInputBlocked: false
D/PowerManagerService( 1944): getInputBlocked: false
D/PowerManagerService( 1944): getInputBlocked: false
D/PowerManagerService( 1944): getInputBlocked: false
D/PowerManagerService( 1944): getInputBlocked: false
D/PowerManagerService( 1944): getInputBlocked: false
D/PowerManagerService( 1944): getInputBlocked: false
D/PowerManagerService( 1944): getInputBlocked: false
D/PowerManagerService( 1944): getInputBlocked: false
D/PowerManagerService( 1944): getInputBlocked: false
D/PowerManagerService( 1944): getInputBlocked: false
D/PowerManagerService( 1944): getInputBlocked: false
D/PowerManagerService( 1944): getInputBlocked: false
D/PowerManagerService( 1944): getInputBlocked: false
D/PowerManagerService( 1944): getInputBlocked: false
D/PowerManagerService( 1944): getInputBlocked: false
D/PowerManagerService( 1944): getInputBlocked: false
D/PowerManagerService( 1944): getInputBlocked: false
D/PowerManagerService( 1944): getInputBlocked: false
D/PowerManagerService( 1944): getInputBlocked: false
D/PowerManagerService( 1944): getInputBlocked: false
D/PowerManagerService( 1944): getInputBlocked: false
D/PowerManagerService( 1944): getInputBlocked: false
D/PowerManagerService( 1944): getInputBlocked: false
D/PowerManagerService( 1944): getInputBlocked: false
I/ActivityManager( 1944): START u0 {act=android.intent.action.DELETE dat=package:adv.com.nrt.myapplication2 flg=0x10800000 cmp=com.android.packageinstaller/.UninstallerActivity (has extras)} from uid 1000 on display 0
V/WindowManager( 1944): addAppToken: AppWindowToken{27d75a71 token=Token{e1d1018 ActivityRecord{2d0d07fb u0 com.android.packageinstaller/.UninstallerActivity t106}}} to stack=1 task=106 at 0
V/ActivityManager( 1944): resumeTopActivityLocked mLowResumedActivityPkg :[com.android.packageinstaller] HomeActivity :[com.android.launcher3 ]
V/ActivityManager( 1944): resumeTopActivityLocked mLowResumedActivityPkg :[com.android.packageinstaller] HomeActivity :[com.android.launcher3 ]
I/ActivityManager( 1944): Start proc 8678:com.android.packageinstaller/u0a31 for activity com.android.packageinstaller/.UninstallerActivity
V/ActivityManager( 1944): stopActivityLocked mLowResumedActivityPkg=[ com.android.packageinstaller]Removing activity=[ com.android.launcher3]isLowRamGoHome =[false ]
V/WindowManager( 1944): Adding window Window{397bebe2 u0 com.android.packageinstaller/com.android.packageinstaller.UninstallerActivity} at 2 of 5 (after Window{19679e05 u0 com.android.launcher3/com.android.launcher3.Launcher})
V/WindowManager( 1944): Adding window Window{3c99ca30 u0 com.android.packageinstaller/com.android.packageinstaller.UninstallerActivity} at 2 of 6 (before Window{397bebe2 u0 com.android.packageinstaller/com.android.packageinstaller.UninstallerActivity})
D/PowerManagerService( 1944): getInputBlocked: false
D/PowerManagerService( 1944): getInputBlocked: false
D/PowerManagerService( 1944): getInputBlocked: false
D/PowerManagerService( 1944): getInputBlocked: false
D/PowerManagerService( 1944): getInputBlocked: false
D/PowerManagerService( 1944): getInputBlocked: false
D/PowerManagerService( 1944): getInputBlocked: false
D/PowerManagerService( 1944): getInputBlocked: false
D/PowerManagerService( 1944): getInputBlocked: false
D/PowerManagerService( 1944): getInputBlocked: false
D/PowerManagerService( 1944): getInputBlocked: false
D/PowerManagerService( 1944): getInputBlocked: false
D/PowerManagerService( 1944): getInputBlocked: false
D/PowerManagerService( 1944): getInputBlocked: false
D/PowerManagerService( 1944): getInputBlocked: false
D/PowerManagerService( 1944): getInputBlocked: false
D/PowerManagerService( 1944): getInputBlocked: false
D/PowerManagerService( 1944): getInputBlocked: false
D/PowerManagerService( 1944): getInputBlocked: false
D/PowerManagerService( 1944): getInputBlocked: false
D/PowerManagerService( 1944): getInputBlocked: false
D/PowerManagerService( 1944): getInputBlocked: false
D/PowerManagerService( 1944): getInputBlocked: false
D/PowerManagerService( 1944): getInputBlocked: false
D/PowerManagerService( 1944): getInputBlocked: false
D/PowerManagerService( 1944): getInputBlocked: false
D/PowerManagerService( 1944): getInputBlocked: false
D/PowerManagerService( 1944): getInputBlocked: false
D/PowerManagerService( 1944): getInputBlocked: false
D/PowerManagerService( 1944): getInputBlocked: false
D/PowerManagerService( 1944): getInputBlocked: false
D/PowerManagerService( 1944): getInputBlocked: false
D/PowerManagerService( 1944): getInputBlocked: false
D/PowerManagerService( 1944): getInputBlocked: false
D/PowerManagerService( 1944): getInputBlocked: false
D/PowerManagerService( 1944): getInputBlocked: false
D/PowerManagerService( 1944): getInputBlocked: false
D/PowerManagerService( 1944): getInputBlocked: false
D/PowerManagerService( 1944): getInputBlocked: false
D/PowerManagerService( 1944): getInputBlocked: false
D/PowerManagerService( 1944): getInputBlocked: false
D/PowerManagerService( 1944): getInputBlocked: false
D/PowerManagerService( 1944): getInputBlocked: false
D/PowerManagerService( 1944): getInputBlocked: false
D/PowerManagerService( 1944): getInputBlocked: false
D/PowerManagerService( 1944): getInputBlocked: false
D/PowerManagerService( 1944): getInputBlocked: false
D/PowerManagerService( 1944): getInputBlocked: false
D/PowerManagerService( 1944): getInputBlocked: false
D/PowerManagerService( 1944): getInputBlocked: false
D/PowerManagerService( 1944): getInputBlocked: false
D/PowerManagerService( 1944): getInputBlocked: false
D/PowerManagerService( 1944): getInputBlocked: false
D/PowerManagerService( 1944): getInputBlocked: false
D/PowerManagerService( 1944): getInputBlocked: false
D/PowerManagerService( 1944): getInputBlocked: false
D/PowerManagerService( 1944): getInputBlocked: false
D/PowerManagerService( 1944): getInputBlocked: false
D/PowerManagerService( 1944): getInputBlocked: false
D/PowerManagerService( 1944): getInputBlocked: false
D/PowerManagerService( 1944): getInputBlocked: false
D/PowerManagerService( 1944): getInputBlocked: false
D/PowerManagerService( 1944): getInputBlocked: false
D/PowerManagerService( 1944): getInputBlocked: false
D/PowerManagerService( 1944): getInputBlocked: false
D/PowerManagerService( 1944): getInputBlocked: false
D/PowerManagerService( 1944): getInputBlocked: false
D/PowerManagerService( 1944): getInputBlocked: false
D/PowerManagerService( 1944): getInputBlocked: false
D/PowerManagerService( 1944): getInputBlocked: false
D/PowerManagerService( 1944): getInputBlocked: false
D/PowerManagerService( 1944): getInputBlocked: false
D/PowerManagerService( 1944): getInputBlocked: false
D/PowerManagerService( 1944): getInputBlocked: false
D/PowerManagerService( 1944): getInputBlocked: false
D/PowerManagerService( 1944): getInputBlocked: false
D/PowerManagerService( 1944): getInputBlocked: false
D/PowerManagerService( 1944): getInputBlocked: false
D/PowerManagerService( 1944): getInputBlocked: false
D/PowerManagerService( 1944): getInputBlocked: false
D/PowerManagerService( 1944): getInputBlocked: false
D/PowerManagerService( 1944): getInputBlocked: false
D/PowerManagerService( 1944): getInputBlocked: false
D/PowerManagerService( 1944): getInputBlocked: false
D/PowerManagerService( 1944): getInputBlocked: false
D/PowerManagerService( 1944): getInputBlocked: false
D/PowerManagerService( 1944): getInputBlocked: false
D/PowerManagerService( 1944): getInputBlocked: false
D/PowerManagerService( 1944): getInputBlocked: false
D/PowerManagerService( 1944): getInputBlocked: false
D/PowerManagerService( 1944): getInputBlocked: false
D/PowerManagerService( 1944): getInputBlocked: false
D/PowerManagerService( 1944): getInputBlocked: false
D/PowerManagerService( 1944): getInputBlocked: false
D/PowerManagerService( 1944): getInputBlocked: false
D/PowerManagerService( 1944): getInputBlocked: false
D/PowerManagerService( 1944): getInputBlocked: false
D/PowerManagerService( 1944): getInputBlocked: false
D/PowerManagerService( 1944): getInputBlocked: false
D/PowerManagerService( 1944): getInputBlocked: false
D/PowerManagerService( 1944): getInputBlocked: false
D/PowerManagerService( 1944): getInputBlocked: false
D/PowerManagerService( 1944): getInputBlocked: false
D/PowerManagerService( 1944): getInputBlocked: false
D/PowerManagerService( 1944): getInputBlocked: false
D/PowerManagerService( 1944): getInputBlocked: false
D/PowerManagerService( 1944): getInputBlocked: false
D/PowerManagerService( 1944): getInputBlocked: false
D/PowerManagerService( 1944): getInputBlocked: false
D/PowerManagerService( 1944): getInputBlocked: false
D/PowerManagerService( 1944): getInputBlocked: false
D/PowerManagerService( 1944): getInputBlocked: false
D/PowerManagerService( 1944): getInputBlocked: false
D/PowerManagerService( 1944): getInputBlocked: false
D/PowerManagerService( 1944): getInputBlocked: false
D/PowerManagerService( 1944): getInputBlocked: false
D/PowerManagerService( 1944): getInputBlocked: false
D/PowerManagerService( 1944): getInputBlocked: false
D/PowerManagerService( 1944): getInputBlocked: false
D/PowerManagerService( 1944): getInputBlocked: false
D/PowerManagerService( 1944): getInputBlocked: false
D/PowerManagerService( 1944): getInputBlocked: false
D/PowerManagerService( 1944): getInputBlocked: false
D/PowerManagerService( 1944): getInputBlocked: false
D/PowerManagerService( 1944): getInputBlocked: false
D/PowerManagerService( 1944): getInputBlocked: false
D/PowerManagerService( 1944): getInputBlocked: false
D/PowerManagerService( 1944): getInputBlocked: false
D/PowerManagerService( 1944): getInputBlocked: false
D/PowerManagerService( 1944): getInputBlocked: false
D/PowerManagerService( 1944): getInputBlocked: false
D/PowerManagerService( 1944): getInputBlocked: false
D/PowerManagerService( 1944): getInputBlocked: false
D/PowerManagerService( 1944): getInputBlocked: false
D/PowerManagerService( 1944): getInputBlocked: false
D/PowerManagerService( 1944): getInputBlocked: false
D/PowerManagerService( 1944): getInputBlocked: false
D/PowerManagerService( 1944): getInputBlocked: false
D/PowerManagerService( 1944): getInputBlocked: false
D/PowerManagerService( 1944): getInputBlocked: false
D/PowerManagerService( 1944): getInputBlocked: false
D/PowerManagerService( 1944): getInputBlocked: false
D/PowerManagerService( 1944): getInputBlocked: false
D/PowerManagerService( 1944): getInputBlocked: false
D/PowerManagerService( 1944): getInputBlocked: false
D/PowerManagerService( 1944): getInputBlocked: false
D/PowerManagerService( 1944): getInputBlocked: false
D/PowerManagerService( 1944): getInputBlocked: false
D/PowerManagerService( 1944): getInputBlocked: false
D/PowerManagerService( 1944): getInputBlocked: false
D/PowerManagerService( 1944): getInputBlocked: false
D/PowerManagerService( 1944): getInputBlocked: false
D/PowerManagerService( 1944): getInputBlocked: false
D/PowerManagerService( 1944): getInputBlocked: false
D/PowerManagerService( 1944): getInputBlocked: false
D/PowerManagerService( 1944): getInputBlocked: false
D/PowerManagerService( 1944): getInputBlocked: false
D/PowerManagerService( 1944): getInputBlocked: false
D/PowerManagerService( 1944): getInputBlocked: false
D/PowerManagerService( 1944): getInputBlocked: false
D/PowerManagerService( 1944): getInputBlocked: false
D/PowerManagerService( 1944): getInputBlocked: false
D/PowerManagerService( 1944): getInputBlocked: false
D/PowerManagerService( 1944): getInputBlocked: false
D/PowerManagerService( 1944): getInputBlocked: false
D/PowerManagerService( 1944): getInputBlocked: false
D/PowerManagerService( 1944): getInputBlocked: false
D/PowerManagerService( 1944): getInputBlocked: false
D/PowerManagerService( 1944): getInputBlocked: false
D/PowerManagerService( 1944): getInputBlocked: false
D/PowerManagerService( 1944): getInputBlocked: false
D/PowerManagerService( 1944): getInputBlocked: false
D/PowerManagerService( 1944): getInputBlocked: false
D/PowerManagerService( 1944): getInputBlocked: false
D/PowerManagerService( 1944): getInputBlocked: false
D/PowerManagerService( 1944): getInputBlocked: false
D/PowerManagerService( 1944): getInputBlocked: false
D/PowerManagerService( 1944): getInputBlocked: false
D/PowerManagerService( 1944): getInputBlocked: false
D/PowerManagerService( 1944): getInputBlocked: false
D/PowerManagerService( 1944): getInputBlocked: false
D/PowerManagerService( 1944): getInputBlocked: false
D/PowerManagerService( 1944): getInputBlocked: false
D/PowerManagerService( 1944): getInputBlocked: false
D/PowerManagerService( 1944): getInputBlocked: false
D/PowerManagerService( 1944): getInputBlocked: false
D/PowerManagerService( 1944): getInputBlocked: false
D/PowerManagerService( 1944): getInputBlocked: false
D/PowerManagerService( 1944): getInputBlocked: false
D/PowerManagerService( 1944): getInputBlocked: false
D/PowerManagerService( 1944): getInputBlocked: false
D/PowerManagerService( 1944): getInputBlocked: false
I/ActivityManager( 1944): START u0 {act=android.intent.action.VIEW cmp=com.android.packageinstaller/.UninstallAppProgress (has extras)} from uid 10031 on display 0
V/WindowManager( 1944): addAppToken: AppWindowToken{362be5eb token=Token{8ab153a ActivityRecord{375d4465 u0 com.android.packageinstaller/.UninstallAppProgress t106}}} to stack=1 task=106 at 1
V/ActivityManager( 1944): resumeTopActivityLocked mLowResumedActivityPkg :[com.android.packageinstaller] HomeActivity :[com.android.launcher3 ]
V/ActivityManager( 1944): resumeTopActivityLocked mLowResumedActivityPkg :[com.android.packageinstaller] HomeActivity :[com.android.launcher3 ]
V/ActivityManager( 1944): resumeTopActivityLocked mLowResumedActivityPkg :[com.android.packageinstaller] HomeActivity :[com.android.launcher3 ]
V/WindowManager( 1944): Adding window Window{34a54b06 u0 com.android.packageinstaller/com.android.packageinstaller.UninstallAppProgress} at 3 of 6 (after Window{3c99ca30 u0 com.android.packageinstaller/com.android.packageinstaller.UninstallerActivity})
I/ActivityManager( 1944): Force stopping adv.com.nrt.myapplication2 appid=10043 user=-1: uninstall pkg
I/ActivityManager( 1944): Killing 4281:adv.com.nrt.myapplication2/u0a43 (adj 11): stop adv.com.nrt.myapplication2
V/ActivityManager( 1944): resumeTopActivityLocked mLowResumedActivityPkg :[com.android.packageinstaller] HomeActivity :[com.android.launcher3 ]
V/ActivityManager( 1944): destroyActivityLocked mLowResumedActivityPkg=[ com.android.packageinstaller]Removing activity=[ com.android.packageinstaller]isLowRamGoHome =[false ]
W/ActivityManager( 1944): Spurious death for ProcessRecord{13e0f5c7 4281:adv.com.nrt.myapplication2/u0a43}, curProc for 4281: null
D/PowerManagerService( 1944): getInputBlocked: false
--------- beginning of main
I/hide    ( 1944): #############################
D/PowerManagerService( 1944): getInputBlocked: false
I/hide    ( 1944): #############################
D/PowerManagerService( 1944): getInputBlocked: false
I/hide    ( 1944): #############################
D/PowerManagerService( 1944): getInputBlocked: false
I/hide    ( 1944): #############################
D/PowerManagerService( 1944): getInputBlocked: false
I/hide    ( 1944): #############################
D/PowerManagerService( 1944): getInputBlocked: false
I/hide    ( 1944): #############################
D/PowerManagerService( 1944): getInputBlocked: false
I/hide    ( 1944): #############################
I/ActivityManager( 1944): Force stopping adv.com.nrt.myapplication2 appid=10043 user=0: pkg removed
V/ActivityManager( 1944): resumeTopActivityLocked mLowResumedActivityPkg :[com.android.packageinstaller] HomeActivity :[com.android.launcher3 ]
V/RenderScript( 8678): 0xb481d600 Launching thread(s), CPUs 2
I/art     ( 2032): Explicit concurrent mark sweep GC freed 6491(256KB) AllocSpace objects, 0(0B) LOS objects, 8% free, 21MB/23MB, paused 1.347ms total 89.369ms
I/art     ( 2402): Explicit concurrent mark sweep GC freed 13295(551KB) AllocSpace objects, 7(583KB) LOS objects, 18% free, 8MB/10MB, paused 4.413ms total 135.220ms
I/ActivityManager( 1944): Start proc 8748:android.process.acore/u0a2 for broadcast com.android.providers.contacts/.PackageIntentReceiver
V/ActivityManager( 1944): resumeTopActivityLocked mLowResumedActivityPkg :[com.android.packageinstaller] HomeActivity :[com.android.launcher3 ]
D/TaskPersister( 1944): removeObsoleteFile: deleting file=105_task.xml
D/TaskPersister( 1944): removeObsoleteFile: deleting file=105_task_thumbnail.png
I/ActivityManager( 1944): Displayed com.android.packageinstaller/.UninstallAppProgress: +448ms
I/InputReader( 1944): Reconfiguring input devices.  changes=0x00000010
I/art     ( 1944): Explicit concurrent mark sweep GC freed 13663(736KB) AllocSpace objects, 2(32KB) LOS objects, 12% free, 13MB/15MB, paused 2.748ms total 175.812ms
D/JobSchedulerService( 1944): Receieved: android.intent.action.PACKAGE_REMOVED
D/BackupManagerService( 1944): Received broadcast Intent { act=android.intent.action.PACKAGE_REMOVED dat=package:adv.com.nrt.myapplication2 flg=0x4000010 (has extras) }
E/Environment( 8748): canonicalPath = /storage/sdcard
E/art     ( 8748): Failed sending reply to debugger: Broken pipe
I/art     ( 8748): Debugger is no longer active
W/Searchables( 1944): No global search activity found
I/Launcher( 2402): Deferring update until onResume
I/Launcher( 2402): Deferring update until onResume
D/VoicemailCleanupService( 8748): Cleaning up data for package: adv.com.nrt.myapplication2
I/ActivityManager( 1944): Start proc 8769:com.estrongs.android.pop/u0a17 for broadcast com.estrongs.android.pop/.app.InstallMonitorReceiver
E/Environment( 8769): canonicalPath = /storage/sdcard
W/ResourceType( 8769): ResTable_typeSpec entry count inconsistent: given 1, previously 1238
E/ObjectHelper( 8769): Can't find method:setCompatibilityInfo
I/art     ( 1944): Explicit concurrent mark sweep GC freed 5582(555KB) AllocSpace objects, 2(1566KB) LOS objects, 14% free, 12MB/14MB, paused 5.103ms total 301.942ms
E/Environment( 8305): canonicalPath = /storage/sdcard
V/ActivityManager( 1944): resumeTopActivityLocked mLowResumedActivityPkg :[com.android.launcher3] HomeActivity :[com.android.launcher3 ]
D/am      ( 8769): Refresh storage info done.17
V/ActivityManager( 1944): resumeTopActivityLocked:  go home
D/Launcher.Workspace( 2402): 11683562 - stripEmptyScreens()
D/Launcher.Workspace( 2402): 11683562 - stripEmptyScreens()
V/ActivityManager( 1944): destroyActivityLocked mLowResumedActivityPkg=[ com.android.launcher3]Removing activity=[ com.android.packageinstaller]isLowRamGoHome =[true ]
I/ActivityManager( 1944): START u0 {flg=0x10800000 cmp=com.estrongs.android.pop/.app.UninstallMonitorActivity (has extras)} from uid 10017 on display 0
W/ResourceType( 1944): ResTable_typeSpec entry count inconsistent: given 1, previously 1238
I/art     ( 1944): Background partial concurrent mark sweep GC freed 850(44KB) AllocSpace objects, 0(0B) LOS objects, 12% free, 13MB/15MB, paused 2.369ms total 172.811ms
I/ContactLocale( 8748): AddressBook Labels [zh-CN]: [, A, B, C, D, E, F, G, H, I, J, K, L, M, N, O, P, Q, R, S, T, U, V, W, X, Y, Z, , , , , , , , , , , , , , , , , , , , , , , , , , , , , , , , , , , , , , , , , , , , , , , , , , , , , , , , , , , , , , , , , , , , , , , , , , , , , , , , , , , , , , , , , , , , , , , , , , , , , , , , , , , , , , , , , , , , , , , , , , , , , , , , , , , , , , , , , , , , , , , , , , , , , , , , , , , , , , , , , , , , , , , , , , , , , , , , , , , , , , , , , , , , #, ]
V/WindowManager( 1944): addAppToken: AppWindowToken{6b40054 token=Token{327ce3a7 ActivityRecord{38a571a8 u0 com.estrongs.android.pop/.app.UninstallMonitorActivity t107}}} to stack=1 task=107 at 0
V/ActivityManager( 1944): resumeTopActivityLocked mLowResumedActivityPkg :[com.estrongs.android.pop] HomeActivity :[com.android.launcher3 ]
V/ActivityManager( 1944): resumeTopActivityLocked mLowResumedActivityPkg :[com.estrongs.android.pop] HomeActivity :[com.android.launcher3 ]
I/ActivityManager( 1944): Start proc 8789:com.android.gallery3d/u0a20 for broadcast com.android.gallery3d/.app.PackagesMonitor
I/ActivityManager( 1944): Killing 8748:android.process.acore/u0a2 (adj 13): empty #3
I/art     ( 1471): Explicit concurrent mark sweep GC freed 705(30KB) AllocSpace objects, 0(0B) LOS objects, 24% free, 4MB/5MB, paused 494us total 31.269ms
E/Environment( 8789): canonicalPath = /storage/sdcard
V/ActivityManager( 1944): resumeTopActivityLocked mLowResumedActivityPkg :[com.estrongs.android.pop] HomeActivity :[com.android.launcher3 ]
V/ActivityManager( 1944): resumeTopActivityLocked mLowResumedActivityPkg :[com.estrongs.android.pop] HomeActivity :[com.android.launcher3 ]
I/art     ( 1471): Explicit concurrent mark sweep GC freed 7(240B) AllocSpace objects, 0(0B) LOS objects, 24% free, 4MB/5MB, paused 533us total 47.825ms
I/art     ( 1471): Explicit concurrent mark sweep GC freed 5(160B) AllocSpace objects, 0(0B) LOS objects, 24% free, 4MB/5MB, paused 457us total 36.152ms
I/art     ( 8769): Background sticky concurrent mark sweep GC freed 5363(380KB) AllocSpace objects, 3(48KB) LOS objects, 4% free, 5MB/5MB, paused 6.512ms total 47.381ms
D/OpenGLRenderer( 8769): Use EGL_SWAP_BEHAVIOR_PRESERVED: false
D/Atlas   ( 8769): Validating map...
V/WindowManager( 1944): Adding window Window{2e7acdc0 u0 com.estrongs.android.pop/com.estrongs.android.pop.app.UninstallMonitorActivity} at 2 of 6 (after Window{19679e05 u0 com.android.launcher3/com.android.launcher3.Launcher})
I/OpenGLRenderer( 8769): Initialized EGL, version 1.4
D/OpenGLRenderer( 8769): Enabling debug mode 0
W/InputMethodManagerService( 1944): Window already focused, ignoring focus gain of: com.android.internal.view.IInputMethodClient$Stub$Proxy@177a4af9 attribute=null, token = android.os.BinderProxy@3804957c
D/WifiService( 1944): New client listening to asynchronous messages
I/WindowManager( 1944): Screenshot max retries 4 of Token{327ce3a7 ActivityRecord{38a571a8 u0 com.estrongs.android.pop/.app.UninstallMonitorActivity t107 f}} appWin=Window{2e7acdc0 u0 com.estrongs.android.pop/com.estrongs.android.pop.app.UninstallMonitorActivity} drawState=1
W/InputMethodManagerService( 1944): Focus gain on non-focused client com.android.internal.view.IInputMethodClient$Stub$Proxy@29b0a09f (uid=10017 pid=8769)
I/ActivityManager( 1944): Start proc 8816:com.android.keychain/1000 for broadcast com.android.keychain/.KeyChainBroadcastReceiver
E/Environment( 8816): canonicalPath = /storage/sdcard
W/ContextImpl( 8816): Calling a method in the system process without a qualified user: android.app.ContextImpl.startService:1738 android.content.ContextWrapper.startService:516 android.content.ContextWrapper.startService:516 com.android.keychain.KeyChainBroadcastReceiver.onReceive:12 android.app.ActivityThread.handleReceiver:2609 
W/Launcher( 2402): setApplicationContext called twice! old=com.android.launcher3.LauncherApplication@facd097 new=com.android.launcher3.LauncherApplication@facd097
I/ActivityManager( 1944): Start proc 8833:com.android.documentsui/u0a16 for broadcast com.android.documentsui/.PackageReceiver
I/ActivityManager( 1944): Killing 8305:com.android.defcontainer/u0a3 (adj 13): empty #3
V/ActivityManager( 1944): resumeTopActivityLocked mLowResumedActivityPkg :[com.android.launcher3] HomeActivity :[com.android.launcher3 ]
V/ActivityManager( 1944): resumeTopActivityLocked:  go home
E/Environment( 8833): canonicalPath = /storage/sdcard
E/art     ( 8833): Failed sending reply to debugger: Broken pipe
I/art     ( 8833): Debugger is no longer active
I/ActivityManager( 1944): Start proc 8854:android.process.media/u0a4 for content provider com.android.providers.downloads/.DownloadStorageProvider
W/ActivityManager( 1944): Activity pause timeout for ActivityRecord{38a571a8 u0 com.estrongs.android.pop/.app.UninstallMonitorActivity t107 f}
E/Environment( 8854): canonicalPath = /storage/sdcard
V/ActivityManager( 1944): resumeTopActivityLocked mLowResumedActivityPkg :[com.android.launcher3] HomeActivity :[com.android.launcher3 ]
V/ActivityManager( 1944): resumeTopActivityLocked:  go home
V/ActivityManager( 1944): resumeTopActivityLocked mLowResumedActivityPkg :[com.android.launcher3] HomeActivity :[com.android.launcher3 ]
W/stat    ( 8769): stat send log data over. result=true 
V/ActivityManager( 1944): resumeTopActivityLocked:  go home
I/ActivityManager( 1944): Killing 8789:com.android.gallery3d/u0a20 (adj 13): empty #3
V/ActivityManager( 1944): resumeTopActivityLocked mLowResumedActivityPkg :[com.android.launcher3] HomeActivity :[com.android.launcher3 ]
V/ActivityManager( 1944): resumeTopActivityLocked:  go home
V/ActivityManager( 1944): destroyActivityLocked mLowResumedActivityPkg=[ com.android.launcher3]Removing activity=[ com.estrongs.android.pop]isLowRamGoHome =[true ]
I/ActivityManager( 1944): Killing 8816:com.android.keychain/1000 (adj 13): empty #3
V/ActivityManager( 1944): resumeTopActivityLocked mLowResumedActivityPkg :[com.android.launcher3] HomeActivity :[com.android.launcher3 ]
V/ActivityManager( 1944): resumeTopActivityLocked:  go home
V/ActivityManager( 1944): resumeTopActivityLocked mLowResumedActivityPkg :[com.android.launcher3] HomeActivity :[com.android.launcher3 ]
V/ActivityManager( 1944): resumeTopActivityLocked:  go home
E/SQLiteLog( 8854): (283) recovered 99 frames from WAL file /data/data/com.android.providers.media/databases/external.db-wal
I/ActivityManager( 1944): Start proc 8875:com.android.externalstorage/u0a5 for content provider com.android.externalstorage/.ExternalStorageProvider
I/ActivityManager( 1944): Killing 8833:com.android.documentsui/u0a16 (adj 13): empty #3
V/ActivityManager( 1944): resumeTopActivityLocked mLowResumedActivityPkg :[com.android.launcher3] HomeActivity :[com.android.launcher3 ]
E/Environment( 8875): canonicalPath = /storage/sdcard
V/ActivityManager( 1944): resumeTopActivityLocked:  go home
I/ActivityManager( 1944): Killing 8769:com.estrongs.android.pop/u0a17 (adj 13): empty #3
D/WifiService( 1944): Client connection lost with reason: 4
V/ActivityManager( 1944): resumeTopActivityLocked mLowResumedActivityPkg :[com.android.launcher3] HomeActivity :[com.android.launcher3 ]
V/ActivityManager( 1944): resumeTopActivityLocked:  go home
D/ExternalStorage( 8875): After updating volumes, found 0 active roots
I/ActivityManager( 1944): Killing 8678:com.android.packageinstaller/u0a31 (adj 13): empty #3
I/WindowState( 1944): WIN DEATH: Window{2b26af53 u0 Toast}
V/ActivityManager( 1944): resumeTopActivityLocked mLowResumedActivityPkg :[com.android.launcher3] HomeActivity :[com.android.launcher3 ]
V/ActivityManager( 1944): resumeTopActivityLocked:  go home
D/TaskPersister( 1944): removeObsoleteFile: deleting file=94_task.xml
D/TaskPersister( 1944): removeObsoleteFile: deleting file=94_task_thumbnail.png
D/AndroidRuntime( 8891): >>>>>> START com.android.internal.os.RuntimeInit uid 0 <<<<<<
D/AndroidRuntime( 8891): CheckJNI is OFF
E/cutils-trace( 8891): Error opening trace file: No such file or directory (2)
E/memtrack( 8891): Couldn't load memtrack module (No such file or directory)
E/android.os.Debug( 8891): failed to load memtrack module: -2
I/EthernetJNI( 8891): Loading ethernet jni class
D/AndroidRuntime( 8891): Calling main entry com.android.commands.pm.Pm
I/PackageManager( 1944): Package doesn't exist in get block uninstall adv.com.nrt.myapplication2
W/PackageManager( 1944): Package named 'adv.com.nrt.myapplication2' doesn't exist.
I/art     ( 1944): Explicit concurrent mark sweep GC freed 4960(266KB) AllocSpace objects, 0(0B) LOS objects, 12% free, 13MB/15MB, paused 1.787ms total 76.268ms
E/Pm      ( 8891): Failure details: Bundle[{android.content.pm.extra.STATUS=1, android.content.pm.extra.PACKAGE_NAME=adv.com.nrt.myapplication2, android.content.pm.extra.LEGACY_STATUS=-1, android.content.pm.extra.STATUS_MESSAGE=DELETE_FAILED_INTERNAL_ERROR}]
I/art     ( 8891): System.exit called, status: 1
I/AndroidRuntime( 8891): VM exiting with result code 1.
I/hide    ( 1944): #############################
E/Netd    ( 1454): Unable to create pid file (No such file or directory)
I/hide    ( 1944): #############################
I/hide    ( 1944): #############################
I/hide    ( 1944): #############################
I/hide    ( 1944): #############################
I/hide    ( 1944): #############################
I/hide    ( 1944): #############################
E/Netd    ( 1454): Unable to create pid file (No such file or directory)
I/hide    ( 1944): #############################
I/hide    ( 1944): #############################
I/hide    ( 1944): #############################
D/AndroidRuntime( 9011): >>>>>> START com.android.internal.os.RuntimeInit uid 0 <<<<<<
D/AndroidRuntime( 9011): CheckJNI is OFF
E/cutils-trace( 9011): Error opening trace file: No such file or directory (2)
E/memtrack( 9011): Couldn't load memtrack module (No such file or directory)
E/android.os.Debug( 9011): failed to load memtrack module: -2
I/EthernetJNI( 9011): Loading ethernet jni class
D/AndroidRuntime( 9011): Calling main entry com.android.commands.pm.Pm
I/ActivityManager( 1944): Start proc 9021:com.android.defcontainer/u0a3 for service com.android.defcontainer/.DefaultContainerService
E/Environment( 9021): canonicalPath = /storage/sdcard
D/DefContainer( 9021): Copying /data/local/tmp/adv.com.nrt.myapplication2 to base.apk
D/PackageManager( 1944): Renaming /data/app/vmdl1152563743.tmp to /data/app/adv.com.nrt.myapplication2-1
I/PackageManager( 1944): Running dexopt on: /data/app/adv.com.nrt.myapplication2-1/base.apk pkg=adv.com.nrt.myapplication2 isa=arm vmSafeMode=false
E/cutils-trace( 9039): Error opening trace file: No such file or directory (2)
I/dex2oat ( 9039): /system/bin/dex2oat --zip-fd=5 --zip-location=/data/app/adv.com.nrt.myapplication2-1/base.apk --oat-fd=6 --oat-location=/data/dalvik-cache/arm/data@app@adv.com.nrt.myapplication2-1@base.apk@classes.dex --instruction-set=arm --instruction-set-features=default --runtime-arg -Xms64m --runtime-arg -Xmx512m --compiler-filter=everything --swap-fd=7
I/dex2oat ( 9039): Decided to run without swap.
I/art     ( 1944): Explicit concurrent mark sweep GC freed 31895(1513KB) AllocSpace objects, 18(335KB) LOS objects, 12% free, 13MB/15MB, paused 2.358ms total 86.563ms
I/dex2oat ( 9039): dex2oat took 161.797ms (threads: 2) arena alloc=176KB java alloc=53KB native alloc=1029KB free=6MB
W/PackageManager( 1944): Not granting permission android.permission.MOUNT_UNMOUNT_FILESYSTEMS to package adv.com.nrt.myapplication2 (protectionLevel=18 flags=0x48be46)
V/BackupManagerService( 1944): restoreAtInstall pkg=adv.com.nrt.myapplication2 token=2 restoreSet=0
V/BackupManagerService( 1944): Finishing install immediately
I/InputReader( 1944): Reconfiguring input devices.  changes=0x00000010
D/BackupManagerService( 1944): Received broadcast Intent { act=android.intent.action.PACKAGE_ADDED dat=package:adv.com.nrt.myapplication2 flg=0x4000010 (has extras) }
W/BackupManagerService( 1944): Removing schedule queue dupe of adv.com.nrt.myapplication2
W/Settings( 1944): Setting install_non_market_apps has moved from android.provider.Settings.Global to android.provider.Settings.Secure, returning read-only value.
I/ActivityManager( 1944): Start proc 9042:android.process.acore/u0a2 for broadcast com.android.providers.contacts/.PackageIntentReceiver
E/Environment( 9042): canonicalPath = /storage/sdcard
E/art     ( 9042): Failed sending reply to debugger: Broken pipe
I/art     ( 9042): Debugger is no longer active
W/Searchables( 1944): No global search activity found
D/Launcher.Workspace( 2402): 11683562 - removeExtraEmptyScreen()
D/Launcher.Workspace( 2402): 11683562 - convertFinalScreenToEmptyScreenIfNecessary()
I/ActivityManager( 1944): Start proc 9061:com.estrongs.android.pop/u0a17 for broadcast com.estrongs.android.pop/.app.InstallMonitorReceiver
I/ActivityManager( 1944): Killing 8854:android.process.media/u0a4 (adj 13): empty #3
V/ActivityManager( 1944): resumeTopActivityLocked mLowResumedActivityPkg :[com.android.launcher3] HomeActivity :[com.android.launcher3 ]
V/ActivityManager( 1944): resumeTopActivityLocked:  go home
E/Environment( 9061): canonicalPath = /storage/sdcard
W/ResourceType( 9061): ResTable_typeSpec entry count inconsistent: given 1, previously 1238
E/ObjectHelper( 9061): Can't find method:setCompatibilityInfo
I/ContactLocale( 9042): AddressBook Labels [zh-CN]: [, A, B, C, D, E, F, G, H, I, J, K, L, M, N, O, P, Q, R, S, T, U, V, W, X, Y, Z, , , , , , , , , , , , , , , , , , , , , , , , , , , , , , , , , , , , , , , , , , , , , , , , , , , , , , , , , , , , , , , , , , , , , , , , , , , , , , , , , , , , , , , , , , , , , , , , , , , , , , , , , , , , , , , , , , , , , , , , , , , , , , , , , , , , , , , , , , , , , , , , , , , , , , , , , , , , , , , , , , , , , , , , , , , , , , , , , , , , , , , , , , , , #, ]
D/am      ( 9061): Refresh storage info done.17
I/art     ( 1944): Explicit concurrent mark sweep GC freed 7844(586KB) AllocSpace objects, 4(64KB) LOS objects, 12% free, 13MB/15MB, paused 3.601ms total 367.196ms
I/art     ( 9011): System.exit called, status: 0
I/AndroidRuntime( 9011): VM exiting with result code 0.
I/ActivityManager( 1944): START u0 {flg=0x10800000 cmp=com.estrongs.android.pop/.app.InstallMonitorActivity (has extras)} from uid 10017 on display 0
V/WindowManager( 1944): addAppToken: AppWindowToken{8074d token=Token{3afb36e4 ActivityRecord{3fbb9a77 u0 com.estrongs.android.pop/.app.InstallMonitorActivity t108}}} to stack=1 task=108 at 0
V/ActivityManager( 1944): resumeTopActivityLocked mLowResumedActivityPkg :[com.estrongs.android.pop] HomeActivity :[com.android.launcher3 ]
V/ActivityManager( 1944): resumeTopActivityLocked mLowResumedActivityPkg :[com.estrongs.android.pop] HomeActivity :[com.android.launcher3 ]
I/ActivityManager( 1944): Start proc 9083:com.android.gallery3d/u0a20 for broadcast com.android.gallery3d/.app.PackagesMonitor
E/Environment( 9083): canonicalPath = /storage/sdcard
W/InputMethodManagerService( 1944): Window already focused, ignoring focus gain of: com.android.internal.view.IInputMethodClient$Stub$Proxy@1cfbd305 attribute=null, token = android.os.BinderProxy@3804957c
V/ActivityManager( 1944): resumeTopActivityLocked mLowResumedActivityPkg :[com.android.launcher3] HomeActivity :[com.android.launcher3 ]
V/ActivityManager( 1944): resumeTopActivityLocked:  go home
V/ActivityManager( 1944): resumeTopActivityLocked mLowResumedActivityPkg :[com.android.launcher3] HomeActivity :[com.android.launcher3 ]
V/ActivityManager( 1944): resumeTopActivityLocked:  go home
V/ActivityManager( 1944): destroyActivityLocked mLowResumedActivityPkg=[ com.android.launcher3]Removing activity=[ com.estrongs.android.pop]isLowRamGoHome =[true ]
I/ActivityManager( 1944): Killing 8875:com.android.externalstorage/u0a5 (adj 13): empty #3
V/ActivityManager( 1944): resumeTopActivityLocked mLowResumedActivityPkg :[com.android.launcher3] HomeActivity :[com.android.launcher3 ]
V/ActivityManager( 1944): resumeTopActivityLocked:  go home
V/ActivityManager( 1944): resumeTopActivityLocked mLowResumedActivityPkg :[com.android.launcher3] HomeActivity :[com.android.launcher3 ]
V/ActivityManager( 1944): resumeTopActivityLocked:  go home
I/ActivityManager( 1944): Start proc 9107:com.svox.pico/u0a34 for broadcast com.svox.pico/.VoiceDataInstallerReceiver
I/ActivityManager( 1944): Killing 9042:android.process.acore/u0a2 (adj 13): empty #3
E/Environment( 9107): canonicalPath = /storage/sdcard
D/WifiService( 1944): New client listening to asynchronous messages
V/ActivityManager( 1944): resumeTopActivityLocked mLowResumedActivityPkg :[com.android.launcher3] HomeActivity :[com.android.launcher3 ]
V/ActivityManager( 1944): resumeTopActivityLocked:  go home
I/ActivityManager( 1944): Killing 9061:com.estrongs.android.pop/u0a17 (adj 13): empty #3
D/WifiService( 1944): Client connection lost with reason: 4
V/ActivityManager( 1944): resumeTopActivityLocked mLowResumedActivityPkg :[com.android.launcher3] HomeActivity :[com.android.launcher3 ]
V/ActivityManager( 1944): resumeTopActivityLocked:  go home
D/AndroidRuntime( 9104): >>>>>> START com.android.internal.os.RuntimeInit uid 0 <<<<<<
D/AndroidRuntime( 9104): CheckJNI is OFF
E/cutils-trace( 9104): Error opening trace file: No such file or directory (2)
E/memtrack( 9104): Couldn't load memtrack module (No such file or directory)
E/android.os.Debug( 9104): failed to load memtrack module: -2
I/EthernetJNI( 9104): Loading ethernet jni class
D/AndroidRuntime( 9104): Calling main entry com.android.commands.am.Am
I/ActivityManager( 1944): START u0 {act=android.intent.action.MAIN cat=[android.intent.category.LAUNCHER] flg=0x10000000 cmp=adv.com.nrt.myapplication2/.MainActivity} from uid 0 on display 0
V/WindowManager( 1944): addAppToken: AppWindowToken{8eb9a81 token=Token{1d790668 ActivityRecord{740a58b u0 adv.com.nrt.myapplication2/.MainActivity t109}}} to stack=1 task=109 at 0
V/ActivityManager( 1944): resumeTopActivityLocked mLowResumedActivityPkg :[adv.com.nrt.myapplication2] HomeActivity :[com.android.launcher3 ]
V/WindowManager( 1944): Adding window Window{26143a80 u0 Starting adv.com.nrt.myapplication2} at 2 of 5 (after Window{19679e05 u0 com.android.launcher3/com.android.launcher3.Launcher})
V/ActivityManager( 1944): resumeTopActivityLocked mLowResumedActivityPkg :[adv.com.nrt.myapplication2] HomeActivity :[com.android.launcher3 ]
D/AndroidRuntime( 9104): Shutting down VM
I/art     ( 9134): Late-enabling -Xcheck:jni
I/ActivityManager( 1944): Start proc 9134:adv.com.nrt.myapplication2/u0a44 for activity adv.com.nrt.myapplication2/.MainActivity
V/ActivityManager( 1944): stopActivityLocked mLowResumedActivityPkg=[ adv.com.nrt.myapplication2]Removing activity=[ com.android.launcher3]isLowRamGoHome =[false ]
E/Environment( 9134): canonicalPath = /storage/sdcard
I/hide    ( 1944): #############################
E/cutils-trace( 9154): Error opening trace file: No such file or directory (2)
I/dex2oat ( 9154): /system/bin/dex2oat --runtime-arg -classpath --runtime-arg  --instruction-set=arm --instruction-set-features=default --runtime-arg -Xrelocate --boot-image=/system/framework/boot.art --dex-file=/data/data/adv.com.nrt.myapplication2/files/instant-run/dex/slice-support-annotations-23.1.1_7e2a0b8794d0beee6f12ec8fe0057d7e503ee82a-classes.dex --oat-fd=19 --oat-location=/data/data/adv.com.nrt.myapplication2/cache/slice-support-annotations-23.1.1_7e2a0b8794d0beee6f12ec8fe0057d7e503ee82a-classes.dex --runtime-arg -Xms64m --runtime-arg -Xmx512m --compiler-filter=everything
I/dex2oat ( 9154): dex2oat took 25.981ms (threads: 2) arena alloc=0B java alloc=9KB native alloc=194KB free=7MB
E/cutils-trace( 9160): Error opening trace file: No such file or directory (2)
I/dex2oat ( 9160): /system/bin/dex2oat --runtime-arg -classpath --runtime-arg  --instruction-set=arm --instruction-set-features=default --runtime-arg -Xrelocate --boot-image=/system/framework/boot.art --dex-file=/data/data/adv.com.nrt.myapplication2/files/instant-run/dex/slice-slice_9-classes.dex --oat-fd=19 --oat-location=/data/data/adv.com.nrt.myapplication2/cache/slice-slice_9-classes.dex --runtime-arg -Xms64m --runtime-arg -Xmx512m --compiler-filter=everything
I/dex2oat ( 9160): dex2oat took 19.593ms (threads: 2) arena alloc=0B java alloc=1536B native alloc=194KB free=7MB
E/cutils-trace( 9165): Error opening trace file: No such file or directory (2)
I/dex2oat ( 9165): /system/bin/dex2oat --runtime-arg -classpath --runtime-arg  --instruction-set=arm --instruction-set-features=default --runtime-arg -Xrelocate --boot-image=/system/framework/boot.art --dex-file=/data/data/adv.com.nrt.myapplication2/files/instant-run/dex/slice-slice_8-classes.dex --oat-fd=19 --oat-location=/data/data/adv.com.nrt.myapplication2/cache/slice-slice_8-classes.dex --runtime-arg -Xms64m --runtime-arg -Xmx512m --compiler-filter=everything
I/dex2oat ( 9165): dex2oat took 33.295ms (threads: 2) arena alloc=68KB java alloc=4KB native alloc=469KB free=7MB
E/cutils-trace( 9170): Error opening trace file: No such file or directory (2)
I/dex2oat ( 9170): /system/bin/dex2oat --runtime-arg -classpath --runtime-arg  --instruction-set=arm --instruction-set-features=default --runtime-arg -Xrelocate --boot-image=/system/framework/boot.art --dex-file=/data/data/adv.com.nrt.myapplication2/files/instant-run/dex/slice-slice_7-classes.dex --oat-fd=19 --oat-location=/data/data/adv.com.nrt.myapplication2/cache/slice-slice_7-classes.dex --runtime-arg -Xms64m --runtime-arg -Xmx512m --compiler-filter=everything
I/dex2oat ( 9170): dex2oat took 28.381ms (threads: 2) arena alloc=0B java alloc=1536B native alloc=194KB free=7MB
E/cutils-trace( 9176): Error opening trace file: No such file or directory (2)
I/dex2oat ( 9176): /system/bin/dex2oat --runtime-arg -classpath --runtime-arg  --instruction-set=arm --instruction-set-features=default --runtime-arg -Xrelocate --boot-image=/system/framework/boot.art --dex-file=/data/data/adv.com.nrt.myapplication2/files/instant-run/dex/slice-slice_6-classes.dex --oat-fd=19 --oat-location=/data/data/adv.com.nrt.myapplication2/cache/slice-slice_6-classes.dex --runtime-arg -Xms64m --runtime-arg -Xmx512m --compiler-filter=everything
I/dex2oat ( 9176): dex2oat took 26.370ms (threads: 2) arena alloc=0B java alloc=1536B native alloc=194KB free=7MB
E/cutils-trace( 9187): Error opening trace file: No such file or directory (2)
I/dex2oat ( 9187): /system/bin/dex2oat --runtime-arg -classpath --runtime-arg  --instruction-set=arm --instruction-set-features=default --runtime-arg -Xrelocate --boot-image=/system/framework/boot.art --dex-file=/data/data/adv.com.nrt.myapplication2/files/instant-run/dex/slice-slice_5-classes.dex --oat-fd=19 --oat-location=/data/data/adv.com.nrt.myapplication2/cache/slice-slice_5-classes.dex --runtime-arg -Xms64m --runtime-arg -Xmx512m --compiler-filter=everything
I/dex2oat ( 9187): dex2oat took 71.352ms (threads: 2) arena alloc=137KB java alloc=33KB native alloc=749KB free=7MB
