E/cutils-trace( 9201): Error opening trace file: No such file or directory (2)
I/dex2oat ( 9201): /system/bin/dex2oat --runtime-arg -classpath --runtime-arg  --instruction-set=arm --instruction-set-features=default --runtime-arg -Xrelocate --boot-image=/system/framework/boot.art --dex-file=/data/data/adv.com.nrt.myapplication2/files/instant-run/dex/slice-slice_4-classes.dex --oat-fd=19 --oat-location=/data/data/adv.com.nrt.myapplication2/cache/slice-slice_4-classes.dex --runtime-arg -Xms64m --runtime-arg -Xmx512m --compiler-filter=everything
I/dex2oat ( 9201): dex2oat took 52.117ms (threads: 2) arena alloc=137KB java alloc=33KB native alloc=746KB free=7MB
E/cutils-trace( 9204): Error opening trace file: No such file or directory (2)
I/dex2oat ( 9204): /system/bin/dex2oat --runtime-arg -classpath --runtime-arg  --instruction-set=arm --instruction-set-features=default --runtime-arg -Xrelocate --boot-image=/system/framework/boot.art --dex-file=/data/data/adv.com.nrt.myapplication2/files/instant-run/dex/slice-slice_3-classes.dex --oat-fd=19 --oat-location=/data/data/adv.com.nrt.myapplication2/cache/slice-slice_3-classes.dex --runtime-arg -Xms64m --runtime-arg -Xmx512m --compiler-filter=everything
I/dex2oat ( 9204): dex2oat took 22.122ms (threads: 2) arena alloc=0B java alloc=1536B native alloc=194KB free=7MB
E/cutils-trace( 9207): Error opening trace file: No such file or directory (2)
I/dex2oat ( 9207): /system/bin/dex2oat --runtime-arg -classpath --runtime-arg  --instruction-set=arm --instruction-set-features=default --runtime-arg -Xrelocate --boot-image=/system/framework/boot.art --dex-file=/data/data/adv.com.nrt.myapplication2/files/instant-run/dex/slice-slice_2-classes.dex --oat-fd=19 --oat-location=/data/data/adv.com.nrt.myapplication2/cache/slice-slice_2-classes.dex --runtime-arg -Xms64m --runtime-arg -Xmx512m --compiler-filter=everything
I/dex2oat ( 9207): dex2oat took 90.592ms (threads: 2) arena alloc=137KB java alloc=112KB native alloc=993KB free=7MB
E/cutils-trace( 9210): Error opening trace file: No such file or directory (2)
I/dex2oat ( 9210): /system/bin/dex2oat --runtime-arg -classpath --runtime-arg  --instruction-set=arm --instruction-set-features=default --runtime-arg -Xrelocate --boot-image=/system/framework/boot.art --dex-file=/data/data/adv.com.nrt.myapplication2/files/instant-run/dex/slice-slice_1-classes.dex --oat-fd=19 --oat-location=/data/data/adv.com.nrt.myapplication2/cache/slice-slice_1-classes.dex --runtime-arg -Xms64m --runtime-arg -Xmx512m --compiler-filter=everything
I/dex2oat ( 9210): dex2oat took 23.178ms (threads: 2) arena alloc=0B java alloc=1536B native alloc=194KB free=7MB
E/cutils-trace( 9213): Error opening trace file: No such file or directory (2)
I/dex2oat ( 9213): /system/bin/dex2oat --runtime-arg -classpath --runtime-arg  --instruction-set=arm --instruction-set-features=default --runtime-arg -Xrelocate --boot-image=/system/framework/boot.art --dex-file=/data/data/adv.com.nrt.myapplication2/files/instant-run/dex/slice-slice_0-classes.dex --oat-fd=19 --oat-location=/data/data/adv.com.nrt.myapplication2/cache/slice-slice_0-classes.dex --runtime-arg -Xms64m --runtime-arg -Xmx512m --compiler-filter=everything
I/dex2oat ( 9213): dex2oat took 277.761ms (threads: 2) arena alloc=1703KB java alloc=269KB native alloc=2MB free=5MB
E/cutils-trace( 9224): Error opening trace file: No such file or directory (2)
I/dex2oat ( 9224): /system/bin/dex2oat --runtime-arg -classpath --runtime-arg  --instruction-set=arm --instruction-set-features=default --runtime-arg -Xrelocate --boot-image=/system/framework/boot.art --dex-file=/data/data/adv.com.nrt.myapplication2/files/instant-run/dex/slice-internal_impl-23.1.1_bbe06abfda21ae6cfaa981fd547c04be13a8a4b3-classes.dex --oat-fd=19 --oat-location=/data/data/adv.com.nrt.myapplication2/cache/slice-internal_impl-23.1.1_bbe06abfda21ae6cfaa981fd547c04be13a8a4b3-classes.dex --runtime-arg -Xms64m --runtime-arg -Xmx512m --compiler-filter=everything
I/dex2oat ( 9224): dex2oat took 503.308ms (threads: 2) arena alloc=42KB java alloc=605KB native alloc=1410KB free=6MB
E/cutils-trace( 9233): Error opening trace file: No such file or directory (2)
I/dex2oat ( 9233): /system/bin/dex2oat --runtime-arg -classpath --runtime-arg  --instruction-set=arm --instruction-set-features=default --runtime-arg -Xrelocate --boot-image=/system/framework/boot.art --dex-file=/data/data/adv.com.nrt.myapplication2/files/instant-run/dex/slice-com.google.android.gms-play-services-basement-8.1.0_1125ee0aaf112e6a0c9ae82717d064fcdf85b5f8-classes.dex --oat-fd=19 --oat-location=/data/data/adv.com.nrt.myapplication2/cache/slice-com.google.android.gms-play-services-basement-8.1.0_1125ee0aaf112e6a0c9ae82717d064fcdf85b5f8-classes.dex --runtime-arg -Xms64m --runtime-arg -Xmx512m --compiler-filter=everything
I/dex2oat ( 9233): dex2oat took 1.269s (threads: 2) arena alloc=426KB java alloc=1011KB native alloc=2MB free=5MB
E/cutils-trace( 9251): Error opening trace file: No such file or directory (2)
I/dex2oat ( 9251): /system/bin/dex2oat --runtime-arg -classpath --runtime-arg  --instruction-set=arm --instruction-set-features=default --runtime-arg -Xrelocate --boot-image=/system/framework/boot.art --dex-file=/data/data/adv.com.nrt.myapplication2/files/instant-run/dex/slice-com.google.android.gms-play-services-appindexing-8.1.0_39548c785cbcfef3839d4dbe0153a043ac4732c2-classes.dex --oat-fd=19 --oat-location=/data/data/adv.com.nrt.myapplication2/cache/slice-com.google.android.gms-play-services-appindexing-8.1.0_39548c785cbcfef3839d4dbe0153a043ac4732c2-classes.dex --runtime-arg -Xms64m --runtime-arg -Xmx512m --compiler-filter=everything
I/dex2oat ( 9251): dex2oat took 215.312ms (threads: 2) arena alloc=33KB java alloc=476KB native alloc=1031KB free=6MB
E/cutils-trace( 9260): Error opening trace file: No such file or directory (2)
I/dex2oat ( 9260): /system/bin/dex2oat --runtime-arg -classpath --runtime-arg  --instruction-set=arm --instruction-set-features=default --runtime-arg -Xrelocate --boot-image=/system/framework/boot.art --dex-file=/data/data/adv.com.nrt.myapplication2/files/instant-run/dex/slice-com.android.support-support-v4-23.1.1_1d6da55deb12a5e9b931fb715bc3b6ff8274c3af-classes.dex --oat-fd=19 --oat-location=/data/data/adv.com.nrt.myapplication2/cache/slice-com.android.support-support-v4-23.1.1_1d6da55deb12a5e9b931fb715bc3b6ff8274c3af-classes.dex --runtime-arg -Xms64m --runtime-arg -Xmx512m --compiler-filter=everything
I/hide    ( 1944): #############################
I/dex2oat ( 9260): dex2oat took 2.105s (threads: 2) arena alloc=45KB java alloc=2MB native alloc=3MB free=4MB
E/cutils-trace( 9289): Error opening trace file: No such file or directory (2)
I/dex2oat ( 9289): /system/bin/dex2oat --runtime-arg -classpath --runtime-arg  --instruction-set=arm --instruction-set-features=default --runtime-arg -Xrelocate --boot-image=/system/framework/boot.art --dex-file=/data/data/adv.com.nrt.myapplication2/files/instant-run/dex/slice-com.android.support-appcompat-v7-23.1.1_f8cad0e9026843e01a3aeaa33e1b3abd6c739ffd-classes.dex --oat-fd=19 --oat-location=/data/data/adv.com.nrt.myapplication2/cache/slice-com.android.support-appcompat-v7-23.1.1_f8cad0e9026843e01a3aeaa33e1b3abd6c739ffd-classes.dex --runtime-arg -Xms64m --runtime-arg -Xmx512m --compiler-filter=everything
W/dex2oat ( 9289): Before Android 4.1, method int android.support.v7.widget.ListViewCompat.lookForSelectablePosition(int, boolean) would have incorrectly overridden the package-private method in android.widget.ListView
I/dex2oat ( 9289): dex2oat took 1.469s (threads: 2) arena alloc=89KB java alloc=2MB native alloc=2MB free=5MB
W/ActivityManager( 1944): getRunningAppProcesses: caller 10044 does not hold REAL_GET_TASKS; limiting output
D/ShelterApp( 9134): init data
I/System.out( 9134): ---/mnt/sdcard/Shelter/data/1/1.jpg
D/FileUtils( 9134): parse  path = /mnt/sdcard/Shelter/data/1/1.jpg parse: ; 1 = mnt n = 1
I/System.out( 9134): ---/mnt/sdcard/Shelter/data/2/2.jpg
D/FileUtils( 9134): parse  path = /mnt/sdcard/Shelter/data/2/2.jpg parse: ; 1 = mnt n = 2
I/System.out( 9134): ---/mnt/sdcard/Shelter/data/3/3.jpg
D/FileUtils( 9134): parse  path = /mnt/sdcard/Shelter/data/3/3.jpg parse: ; 1 = mnt n = 3
I/System.out( 9134): ---/mnt/sdcard/Shelter/data/4/4.jpg
D/FileUtils( 9134): parse  path = /mnt/sdcard/Shelter/data/4/4.jpg parse: ; 1 = mnt n = 4
I/System.out( 9134): ---/mnt/sdcard/Shelter/data/5/5.jpg
D/FileUtils( 9134): parse  path = /mnt/sdcard/Shelter/data/5/5.jpg parse: ; 1 = mnt n = 5
I/System.out( 9134): ---/mnt/sdcard/Shelter/data/6/1.jpg
D/FileUtils( 9134): parse  path = /mnt/sdcard/Shelter/data/6/1.jpg parse: ; 1 = mnt n = 6
I/System.out( 9134): ---/mnt/sdcard/Shelter/data/7/7.jpg
D/FileUtils( 9134): parse  path = /mnt/sdcard/Shelter/data/7/7.jpg parse: ; 1 = mnt n = 7
I/System.out( 9134): ---/mnt/sdcard/Shelter/data/8/3.jpg
D/FileUtils( 9134): parse  path = /mnt/sdcard/Shelter/data/8/3.jpg parse: ; 1 = mnt n = 8
I/System.out( 9134): ---/mnt/sdcard/Shelter/data/9/SOLOMINI.mp4
D/FileUtils( 9134): parse  path = /mnt/sdcard/Shelter/data/9/SOLOMINI.mp4 parse: ; 1 = mnt n = 9
I/SurfaceView( 9134): surface type is: 3
D/ShelterApp( 9134): ConnectedSocket ....enter
D/ShelterApp( 9134): ConnectedSocket connect .....
D/ShelterApp( 9134): Socket error, connected again
W/GooglePlayServicesUtil( 9134): Google Play services is missing.
D/OpenGLRenderer( 9134): Use EGL_SWAP_BEHAVIOR_PRESERVED: false
D/Atlas   ( 9134): Validating map...
V/WindowManager( 1944): Adding window Window{279f302d u0 adv.com.nrt.myapplication2/adv.com.nrt.myapplication2.MainActivity} at 2 of 6 (before Window{26143a80 u0 Starting adv.com.nrt.myapplication2})
I/OpenGLRenderer( 9134): Initialized EGL, version 1.4
D/OpenGLRenderer( 9134): Enabling debug mode 0
V/WindowManager( 1944): Adding window Window{2d9beaf3 u0 SurfaceView} at 2 of 7 (before Window{279f302d u0 adv.com.nrt.myapplication2/adv.com.nrt.myapplication2.MainActivity})
D/ShelterApp( 9134): start request permission
I/ActivityManager( 1944): Displayed adv.com.nrt.myapplication2/.MainActivity: +7s995ms (total +1m1s449ms)
D/ShelterApp( 9134): handleMessage : msg : 1
D/ShelterApp( 9134): start play ,uri is/mnt/sdcard/Shelter/data/1/1.jpg
D/ShelterApp( 9134): start play png
I/ActivityManager( 1944): Killing 9083:com.android.gallery3d/u0a20 (adj 13): empty #3
V/ActivityManager( 1944): resumeTopActivityLocked mLowResumedActivityPkg :[adv.com.nrt.myapplication2] HomeActivity :[com.android.launcher3 ]
I/hide    ( 1944): #############################
E/Netd    ( 1454): Unable to create pid file (No such file or directory)
D/ShelterApp( 9134): handleMessage : msg : 2
D/ShelterApp( 9134): start play ,uri is/mnt/sdcard/Shelter/data/2/2.jpg
D/ShelterApp( 9134): start play png
I/hide    ( 1944): #############################
D/ShelterApp( 9134): ConnectedSocket ....enter
I/System.out( 9134): test X
D/ShelterApp( 9134): ConnectedSocket connect .....
D/ShelterApp( 9134): Socket error, connected again
D/ShelterApp( 9134): handleMessage : msg : 2
D/ShelterApp( 9134): start play ,uri is/mnt/sdcard/Shelter/data/3/3.jpg
D/ShelterApp( 9134): start play png
I/hide    ( 1944): #############################
D/ShelterApp( 9134): handleMessage : msg : 2
D/ShelterApp( 9134): start play ,uri is/mnt/sdcard/Shelter/data/4/4.jpg
D/ShelterApp( 9134): start play png
I/ActivityManager( 1944): Start proc 9555:com.android.deskclock/u0a15 for broadcast com.android.deskclock/com.android.alarmclock.DigitalAppWidgetProvider
E/Environment( 9555): canonicalPath = /storage/sdcard
I/ActivityManager( 1944): Killing 9107:com.svox.pico/u0a34 (adj 13): empty #3
I/art     ( 1471): Explicit concurrent mark sweep GC freed 703(30KB) AllocSpace objects, 0(0B) LOS objects, 24% free, 4MB/5MB, paused 1.091ms total 123.282ms
E/art     ( 9555): Failed writing handshake bytes (-1 of 14): Broken pipe
I/art     ( 9555): Debugger is no longer active
V/ActivityManager( 1944): resumeTopActivityLocked mLowResumedActivityPkg :[adv.com.nrt.myapplication2] HomeActivity :[com.android.launcher3 ]
I/art     ( 1471): Explicit concurrent mark sweep GC freed 6(208B) AllocSpace objects, 0(0B) LOS objects, 24% free, 4MB/5MB, paused 1.087ms total 71.340ms
I/art     ( 1471): Explicit concurrent mark sweep GC freed 5(160B) AllocSpace objects, 0(0B) LOS objects, 24% free, 4MB/5MB, paused 870us total 111.331ms
I/hide    ( 1944): #############################
D/ShelterApp( 9134): ConnectedSocket ....enter
I/System.out( 9134): test X
D/ShelterApp( 9134): ConnectedSocket connect .....
D/ShelterApp( 9134): Socket error, connected again
D/ShelterApp( 9134): handleMessage : msg : 2
D/ShelterApp( 9134): start play ,uri is/mnt/sdcard/Shelter/data/5/5.jpg
D/ShelterApp( 9134): start play png
I/hide    ( 1944): #############################
D/ShelterApp( 9134): handleMessage : msg : 2
D/ShelterApp( 9134): start play ,uri is/mnt/sdcard/Shelter/data/6/1.jpg
D/ShelterApp( 9134): start play png
I/hide    ( 1944): #############################
D/ShelterApp( 9134): ConnectedSocket ....enter
I/System.out( 9134): test X
D/ShelterApp( 9134): ConnectedSocket connect .....
D/ShelterApp( 9134): Socket error, connected again
I/art     ( 1944): Explicit concurrent mark sweep GC freed 11963(639KB) AllocSpace objects, 3(48KB) LOS objects, 12% free, 13MB/15MB, paused 3.588ms total 175.822ms
D/ShelterApp( 9134): handleMessage : msg : 2
D/ShelterApp( 9134): start play ,uri is/mnt/sdcard/Shelter/data/7/7.jpg
D/ShelterApp( 9134): start play png
I/hide    ( 1944): #############################
E/Netd    ( 1454): Unable to create pid file (No such file or directory)
D/ShelterApp( 9134): handleMessage : msg : 2
D/ShelterApp( 9134): start play ,uri is/mnt/sdcard/Shelter/data/8/3.jpg
D/ShelterApp( 9134): start play png
I/hide    ( 1944): #############################
D/ShelterApp( 9134): ConnectedSocket ....enter
I/System.out( 9134): test X
D/ShelterApp( 9134): ConnectedSocket connect .....
D/ShelterApp( 9134): Socket error, connected again
D/ShelterApp( 9134): handleMessage : msg : 2
D/ShelterApp( 9134): start play ,uri is/mnt/sdcard/Shelter/data/9/SOLOMINI.mp4
D/ShelterApp( 9134): start play mp4
D/ShelterApp( 9134): start request permission
D/ShelterApp( 9134): playVideo: Url = /mnt/sdcard/Shelter/data/9/SOLOMINI.mp4
V/HiMediaPlayerManage( 1460): Call HiMediaPlayerManage IN
V/HiMediaPlayerManage( 1460): Create HiPlayer
V/HisiMediaPlayer( 1460): [SWITCH-PG ] HiMediaPlayer construct
E/HisiMediaPlayer( 1460): initDevice IN
V/HisiMediaPlayer( 1460): initMediaDevice IN
E/HisiMediaPlayer( 1460): !!! some audio codec NOT found. you may NOT able to decode some audio type.
E/HI_VDEC ( 1460): [735336828 ERROR-HI_VDEC]:HI_CODEC_RegisterLib[408]:Register libHV.VIDEO.FFMPEG_VDEC.decode.so fail:Had been registered.
V/HisiMediaPlayer( 1460): HiMediaSystem::initPlayer() OK inst num [31]
V/HisiMediaPlayer( 1460): [SWITCH-PG ] initResource consume: 16 ms,sdk use:16 ms
V/HiMediaPlayerManage( 1460): initCheck
V/HiMediaPlayerManage( 1460): HiMediaPlayerManage setAudioSink
V/HisiMediaPlayer( 1460): Call HiMediaPlayer::setAudioSink IN
D/HisiMediaPlayer( 1460): do not use audio sink output for hiplayer
V/HiMediaPlayerManage( 1460): Call setDataSource IN
V/HiMediaPlayerManage( 1460): setDataSource(27, 0, 2097152)
V/HiMediaPlayerManage( 1460): st_dev  = 18
V/HiMediaPlayerManage( 1460): st_mode = 33273
V/HiMediaPlayerManage( 1460): st_uid  = 1023
V/HiMediaPlayerManage( 1460): st_gid  = 1028
V/HiMediaPlayerManage( 1460): st_size = 2097152
V/HisiMediaPlayer( 1460): [SWITCH-PG ] HiMediaPlayer::setDataSource fd[27] offset[0] length[2097152]
V/HisiMediaPlayer( 1460): HiMediaPlayer::setProcInfo,etype=3,time=1153759613
V/HisiMediaPlayer( 1460): mMediaParam.aszUrl is: /storage/sdcard/Shelter/data/9/SOLOMINI.mp4::offset=0::length=2097152::fd=32
V/HiMediaPlayerManage( 1460): message received msg=200, ext1=710, ext2=10
W/HiMediaPlayerManage( 1460): info/warning (710, 10)
V/HiMediaPlayerManage( 1460): back from callback
I/HiMediaPlayerManage( 1460): setParameter 6009
I/HiMediaPlayerManage( 1460): setParameter 6009=[.left=0.top=0.right=1920.bottom=1080]
I/HiMediaPlayerManage( 1460): setParameter info to newrect=[0,0,1920,1080]
V/HiMediaPlayerManage( 1460): Call updateVideoPosition IN
V/HiMediaPlayerManage( 1460): HiMediaPlayerManage::updateVideoPosition(0, 0, 1920, 1080)
V/HisiMediaPlayer( 1460): Call HiMediaPlayer::updateSurfacePosition IN, x:y:w:h = 0:0:1920:1080 
V/HisiSurfaceSetting( 1460): HiMediaPlayer::surfaceSetting::init
V/HisiSurfaceSetting( 1460): init mCvrs is 6
V/HisiSurfaceSetting( 1460): setVideoWindowAttr mWindow or GetWindowAttr error
V/HiMediaPlayerManage( 1460): setVideoSurfaceTexture
V/HiMediaPlayerManage( 1460): HiMediaPlayerManage::setVideoSurfaceTexture:0xb3826200
D/HisiMediaPlayer( 1460): HiMediaPlayer::setSurfaceTexture
D/HisiMediaPlayer( 1460): do not use graphic output for hiplayer
V/HisiMediaPlayer( 1460): if FromSurfaceFlinger 1
V/HisiMediaPlayer( 1460): push black buffer to surfaceflinger to flush last frame
D/HisiMediaPlayer( 1460): do not use graphic output for hiplayer
V/HiMediaPlayerManage( 1460): Call prepareAsync IN
V/HiMediaPlayerManage( 1460): Call prepareAsync_l IN
D/HiMediaPlayerManage( 1460): TIMEDTEXT in HiMediaPlayerManage::prepareAsync_l enter, ready to update timedtextflag
V/HisiMediaPlayer( 1460): [SWITCH-PG ] Call prepareAsync IN
V/HisiMediaPlayer( 1460): HiMediaPlayer::setProcInfo,etype=5,time=1153759668
V/HiMediaPlayerManage( 1460): message received msg=200, ext1=710, ext2=20
W/HiMediaPlayerManage( 1460): info/warning (710, 20)
V/HiMediaPlayerManage( 1460): back from callback
V/HisiMediaPlayer( 1460): prepareAsync CreatePlayer
V/HisiMediaPlayer( 1460): [SWITCH-PG ] start create HiPlayer...
V/HisiMediaPlayer( 1460): HiMediaPlayer::CommandQueue construct!
V/HisiMediaPlayer( 1460): HiMediaPlayer::CommandQueue::run()
V/HisiMediaPlayer( 1460): HiMediaPlayer::CommandQueue construct OUT!
E/HiPlayer( 1460): [23:45:26.965]: [hi_svr_player.c:HI_SVR_PLAYER_Init:139] player already init, ret 0x0 
V/HisiMediaPlayer( 1460): set vdec error cover: 0
V/HisiMediaPlayer( 1460): Init screen resolution w[1920] h [1080]
W/HiPlayer( 1460): [23:45:26.967] [svr_pctrl.c:5912] set log level is 4  
V/HisiMediaPlayer( 1460): HiMediaPlayer::getTrueHDSetting 0
V/HisiMediaPlayer( 1460): [SWITCH-PG ] create HiPlayer...done
V/HiMediaPlayerManage( 1460): message received msg=200, ext1=710, ext2=40
W/HiMediaPlayerManage( 1460): info/warning (710, 40)
V/HiMediaPlayerManage( 1460): back from callback
V/HisiMediaPlayer( 1460): enqueue PrepareCommand
W/MediaPlayer( 9134): info/warning (710, 20)
W/MediaPlayer( 9134): info/warning (710, 40)
V/HisiMediaPlayer( 1460): [SWITCH-PG ] Call doPrepare IN
W/HiPlayer( 1460): [23:45:26.969] [svr_pctrl.c:5882] Set headers data = 0x0  
E/HiPlayer( 1460): [23:45:26.969]: [svr_pctrl.c:SVR_PCTRL_Invoke:5479] media file no open, ret 0xffffffff 
E/HiPlayer( 1460): [23:45:26.969]: [svr_pctrl.c:SVR_PCTRL_Invoke:5458] media file no open, ret 0x0 
E/HiPlayer( 1460): [23:45:26.969]: [svr_pctrl.c:SVR_PCTRL_Invoke:5416] media file no open, ret 0x0 
W/HiPlayer( 1460): [23:45:26.969] [svr_pctrl.c:5489] Set buffer under run:1 
V/HisiMediaPlayer( 1460): ERR: HI_SVR_PLAYER_Invoke set buffer config fail, maybe is local file!
V/HisiMediaPlayer( 1460): BufferConfig:type(1)
V/HisiMediaPlayer( 1460): s64EventStart:500
V/HisiMediaPlayer( 1460): s64EventEnough:12000
V/HisiMediaPlayer( 1460): s64Total:20000
V/HisiMediaPlayer( 1460): s64TimeOut:0
V/HisiMediaPlayer( 1460): mUnderrun(1)
V/HisiMediaPlayer( 1460): s64BufMaxSize:20971520
E/HiPlayer( 1460): [23:45:26.969]: [svr_demuxer.c:_SVR_DEMUXER_Register:117] alredy regist demuxer, ret 0x0 
E/HiPlayer( 1460): [23:45:26.970]: [svr_url.c:_SVR_URL_Register:49] already regist protocol, ret 0x0 
I/HiPlayer( 1460): [23:45:26.970] [svr_file.c:136] use hiplayer file protocol! 
I/HiPlayer( 1460): [23:45:26.972] [svr_proc_intf.c:1280] module name = hiplayer00, module id = 335  
E/HiPlayer( 1460): [23:45:26.980]: [svr_lrcdec.c:LRC_DEMUXER_Find:827] not lrc file, ret 0xffffffff 
E/HiPlayer( 1460): [23:45:26.980]: [svr_subdec.c:SUB_DEMUXER_Find:883] not sub file, ret 0xffffffff 
I/HiPlayer-FFMpeg( 1460): [23:45:26.993]: [hi_svr_format.c,11254] SVR_MSG_Init cFileName: 0x26fb005d
I/HiPlayer-FFMpeg( 1460): [23:45:26.993]: DRM client 0
I/HiPlayer-FFMpeg( 1460): [23:45:26.993]: HI_FORMAT_INVOKE_BUFFER_SETCONFIG Args is HI_FORMAT_BUFFER_CONFIG_TIME
I/HiPlayer-FFMpeg( 1460): [23:45:26.993]: [hi_svr_format.c:9456] set hls live stream first play num 0 
E/HiPlayer-FFMpeg( 1460): [23:45:26.993]: pReferer is NULL!
I/HiPlayer-FFMpeg( 1460): [23:45:26.994]: [hi_svr_format.c:6830] avformat_open_input start! 
I/HiPlayer-FFMpeg( 1460): [23:45:26.994]: parse fd is 27
E/HiPlayer-FFMpeg( 1460): [23:45:26.998]: TS score: 0 0
I/HiPlayer-FFMpeg( 1460): [23:45:27.054]: [hi_svr_format.c:6923] avformat_open_input success! 
I/HiPlayer-FFMpeg( 1460): [23:45:27.054]: [hi_svr_format.c:3333] find stream info before 
W/HiPlayer-FFMpeg( 1460): [23:45:27.054]: [utils.c,3776],matroska/hls flv mov mkv demuxer or network, no need probe Codec Para
W/HiPlayer-FFMpeg( 1460): [23:45:27.054]: [utils.c:3810], set noheader property 
I/HiPlayer-FFMpeg( 1460): [23:45:27.055]: [utils.c:3825] find decoder 
I/HiPlayer-FFMpeg( 1460): [23:45:27.056]: [utils.c:3869] find decoder end 
I/HiPlayer-FFMpeg( 1460): [23:45:27.056]: [utils.c,3919], All info found
I/HiPlayer-FFMpeg( 1460): [23:45:27.056]: [utils.c,4077] find stream info probe data size: 0, cost time:1 ms
I/HiPlayer-FFMpeg( 1460): [23:45:27.056]: [utils.c:4107] try get parameter end 
I/HiPlayer-FFMpeg( 1460): [23:45:27.056]: [utils.c:4158] estimate timeings end 
I/HiPlayer-FFMpeg( 1460): [23:45:27.056]: [utils.c:4176] recaculate duration end 
I/HiPlayer-FFMpeg( 1460): [23:45:27.056]: [utils.c:4179] compute chapters end 
I/HiPlayer-FFMpeg( 1460): [23:45:27.057]: [hi_svr_format.c:3341] find stream info end 
W/HiPlayer-FFMpeg( 1460): [23:45:27.057]: [hi_svr_format.c:3366] start time is invalid! 
I/HiPlayer-FFMpeg( 1460): [23:45:27.057]: [hi_svr_format.c:3424] duration = 40446667 
I/HiPlayer-FFMpeg( 1460): [23:45:27.057]: 
I/HiPlayer-FFMpeg( 1460): 
I/HiPlayer-FFMpeg( 1460): *************************************************
I/HiPlayer-FFMpeg( 1460): [23:45:27.057]: Stream type: ES 
I/HiPlayer-FFMpeg( 1460): [23:45:27.057]: Source type: LOCAL 
I/HiPlayer-FFMpeg( 1460): [23:45:27.057]: 
I/HiPlayer-FFMpeg( 1460): Program 2: 
I/HiPlayer-FFMpeg( 1460): [23:45:27.057]:    video den = 25000 
I/HiPlayer-FFMpeg( 1460): [23:45:27.057]:    video num = 1 
I/HiPlayer-FFMpeg( 1460): [23:45:27.057]:    video index = 0, codec id = 28 
I/HiPlayer-FFMpeg( 1460): [23:45:27.057]:    video 0 info: 
I/HiPlayer-FFMpeg( 1460): [23:45:27.058]: r_frame_rate fps is 25.0
I/HiPlayer-FFMpeg( 1460): [23:45:27.058]:      stream idx:   0 
I/HiPlayer-FFMpeg( 1460): [23:45:27.058]:      w * h:        1280 * 720 
I/HiPlayer-FFMpeg( 1460): [23:45:27.058]:      fps:          25.0 
I/HiPlayer-FFMpeg( 1460): [23:45:27.058]:      bps:          339464 bits/s 
I/HiPlayer-FFMpeg( 1460): [23:45:27.058]:      format:       H264 
I/HiPlayer-FFMpeg( 1460): [23:45:27.058]:    audio den = 24000 
I/HiPlayer-FFMpeg( 1460): [23:45:27.058]:    audio num = 1 
I/HiPlayer-FFMpeg( 1460): [23:45:27.058]:    audio index = 1, samplerate = 48000 
I/HiPlayer-FFMpeg( 1460): [23:45:27.058]:    audio channels = 2, blockalign = 0 
I/HiPlayer-FFMpeg( 1460): [23:45:27.059]:    audio codeid = 86018, bitrate = 63619 
I/HiPlayer-FFMpeg( 1460): [23:45:27.059]:    audio bit per sample = 16
I/HiPlayer-FFMpeg( 1460): [23:45:27.059]:    audio 0 info: 
I/HiPlayer-FFMpeg( 1460): [23:45:27.059]:      stream idx:   1 
I/HiPlayer-FFMpeg( 1460): [23:45:27.059]:      samplerate:   48000 Hz 
I/HiPlayer-FFMpeg( 1460): [23:45:27.059]:      bitpersample: 16 
I/HiPlayer-FFMpeg( 1460): [23:45:27.059]:      channels:     2 
I/HiPlayer-FFMpeg( 1460): [23:45:27.059]:      blockAlign:   0 
I/HiPlayer-FFMpeg( 1460): [23:45:27.059]:      bps:          63619 bits/s 
I/HiPlayer-FFMpeg( 1460): [23:45:27.059]:      lang:         und 
I/HiPlayer-FFMpeg( 1460): [23:45:27.059]:      samplerateidx:     6 
I/HiPlayer-FFMpeg( 1460): [23:45:27.059]:      samplerate in tab: 24000 
I/HiPlayer-FFMpeg( 1460): [23:45:27.060]:      profile:           1 
I/HiPlayer-FFMpeg( 1460): [23:45:27.060]:      channels:          2 
I/HiPlayer-FFMpeg( 1460): [23:45:27.060]:      format:       AAC 
I/HiPlayer-FFMpeg( 1460): [23:45:27.060]: 
I/HiPlayer-FFMpeg( 1460): 
I/HiPlayer-FFMpeg( 1460): *************************************************
I/HiPlayer-FFMpeg( 1460): [23:45:27.060]: HI_SVR_FORMAT_FindStream NetUrl:0
I/HiPlayer-FFMpeg( 1460): [23:45:27.060]: [hi_svr_format.c,11409] Thread_GetBufferStreamType:2
W/HiPlayer( 1460): [23:45:27.060] [svr_pctrl.c:4383] find subtitle file 
W/HiPlayer( 1460): [23:45:27.061] [svr_pctrl.c:4483] set vsink 0, asink:0 
I/HiPlayer( 1460): [23:45:27.061] [svr_padpt.c:4469] use hisi ao to output. 
I/HiMW_com_convert( 1469): >> precision volume input: 25
I/HiMW_com_convert( 1469): >> precision volume : -23.500000
D/HiMW_ply_tv( 1469): Check Suspend Status Begin
D/HiMW_ply_tv( 1469): Check Suspend Status End
D/HiMW_ply_tv( 1469): -----------enableAvc Begin--------
I/HiPlayer( 1460): [23:45:27.083] [svr_padpt.c:4507] eStreamType:0, u32AudBufSize:2097152, u32VidBufSize:10485760 
D/HiMW_adp_system( 1469): handleMsg:444 msgType = 1310722, args = 0x0 size=0
I/HiMW_drv_audiomanage( 1469): GEQ band:0 Gain:0
I/HiMW_drv_audiomanage( 1469): GEQ band:1 Gain:0
I/HiMW_drv_audiomanage( 1469): GEQ band:2 Gain:0
I/HiMW_drv_audiomanage( 1469): GEQ band:3 Gain:0
I/HiMW_drv_audiomanage( 1469): GEQ band:4 Gain:0
I/HiPlayer( 1460): [23:45:27.086] [svr_pctrl.c:4488] enter play unf consume 25 (increase 25 for creating padpt) 
E/HisiMediaPlayer( 1460): HI_SVR_PLAYER_SetMedia use time = 120 ms
I/HisiMediaPlayer( 1460): SetOutPutSettings 3D Support & Type: 0
I/HisiMediaPlayer( 1460): mDisplayStrategy Is 1
I/HisiMediaPlayer( 1460): OutPut Adapter Mode
I/HisiMediaPlayer( 1460): TV Support 1080P_24FPS Ability is 0
V/HisiMediaPlayer( 1460): curAStreamId is 0 format 2 subid is -1
V/HisiMediaPlayer( 1460): going to set seek mode to pos
I/HiPlayer-FFMpeg( 1460): [23:45:27.089]: [Thread_doInvoke:10043] set seek mode:1#
E/HisiMediaPlayer( 1460): ERR: HI_SVR_PLAYER_Invoke HI_FORMAT_INVOKE_SET_SEEK_MODE fail!
V/HisiMediaPlayer( 1460): going to set dobly drc mode mode to line
D/HiMW_Audio_Base( 1469): ----------Call enableAvc End-----------
W/HiPlayer( 1460): [23:45:27.090] [svr_pctrl.c:5932] set dolby drcmode 2 
D/HiMW_ply_tv( 1469): -----------setAvcAttr Begin--------
I/HiPlayer( 1460): [23:45:27.091] [svr_padpt.c:6315] Set s32DolbyDrcMode is 2 
V/HisiMediaPlayer( 1460): set set dobly drc mode success
V/HisiMediaPlayer( 1460): [SWITCH-PG ] Call prepareAsyncComplete IN
V/HisiMediaPlayer( 1460): HiMediaPlayer::setProcInfo,etype=6,time=1153759795
V/HisiMediaPlayer( 1460): HiMediaPlayer::prepareAsyncComplete, go to prepare_l
V/HisiMediaPlayer( 1460): prepare_l go to get file info
V/HisiMediaPlayer( 1460): *************************************************
V/HisiMediaPlayer( 1460): Stream type: ES 
V/HisiMediaPlayer( 1460): Source type: LOCAL 
V/HisiMediaPlayer( 1460): File size:   2097152 bytes 
V/HisiMediaPlayer( 1460): Start time:  0:0:0 
V/HisiMediaPlayer( 1460): Duration:    0:0:40 
V/HisiMediaPlayer( 1460): bps:         414798 bits/s 
V/HisiMediaPlayer( 1460): Program 0: 
V/HisiMediaPlayer( 1460): service name: 
V/HisiMediaPlayer( 1460): service provider: 
V/HisiMediaPlayer( 1460):    video 0 info: 
V/HisiMediaPlayer( 1460):      stream idx:   0 
V/HisiMediaPlayer( 1460):      format:       4 
V/HisiMediaPlayer( 1460):      w * h:        1280 * 720 
V/HisiMediaPlayer( 1460):      fps:          25.0 
V/HisiMediaPlayer( 1460):      bps:          339464 bits/s 
V/HisiMediaPlayer( 1460):      duration:     0:0:40 
V/HisiMediaPlayer( 1460):    audio 0 info: 
V/HisiMediaPlayer( 1460):      stream idx:   1 
V/HisiMediaPlayer( 1460):      format:       2 
V/HisiMediaPlayer( 1460):      samplerate:   48000 Hz 
V/HisiMediaPlayer( 1460):      bitpersample: 16 
V/HisiMediaPlayer( 1460):      channels:     2 
V/HisiMediaPlayer( 1460):      bps:          16 bits/s 
V/HisiMediaPlayer( 1460):      lang:         und 
V/HisiMediaPlayer( 1460):      subID:        -1
V/HisiMediaPlayer( 1460):      duration:     0:0:40 
V/HisiMediaPlayer( 1460): *************************************************
E/HisiSubtitle( 1460): User data style.xml file read failed!... try to read system style.xml file
E/HisiSubtitle( 1460): Subtitle system style.xml file is not parsed successfully. 
E/HisiSubtitle( 1460): Can't find Style xmlfile
V/HiMediaPlayerManage( 1460): message received msg=5, ext1=1280, ext2=720
V/HiMediaPlayerManage( 1460): New video size 1280 x 720
V/HiMediaPlayerManage( 1460): back from callback
V/HisiMediaPlayer( 1460): prepare_l get file info finish
V/HiMediaPlayerManage( 1460): message received msg=200, ext1=710, ext2=80
W/HiMediaPlayerManage( 1460): info/warning (710, 80)
W/MediaPlayer( 9134): info/warning (710, 80)
V/HiMediaPlayerManage( 1460): back from callback
V/HisiMediaPlayer( 1460): setdatasource prepared,send video size
V/HiMediaPlayerManage( 1460): message received msg=5, ext1=1280, ext2=720
V/HiMediaPlayerManage( 1460): New video size 1280 x 720
V/HiMediaPlayerManage( 1460): back from callback
V/HiMediaPlayerManage( 1460): message received msg=1, ext1=0, ext2=0
V/HiMediaPlayerManage( 1460): prepared
E/MediaPlayer( 9134): Should have subtitle controller already set
V/HiMediaPlayerManage( 1460): Call setLooping IN
V/HisiMediaPlayer( 1460): SetLooping loop[0]
V/HiMediaPlayerManage( 1460): Call setLooping IN
V/HisiMediaPlayer( 1460): SetLooping loop[0]
V/HiMediaPlayerManage( 1460): Call start IN
V/HisiMediaPlayer( 1460): SetLooping loop[0]
V/HisiMediaPlayer( 1460): SetVolume L-R [1.00  1.00]
V/HisiMediaPlayer( 1460): [SWITCH-PG ] Call HiMediaPlayer::start() IN
V/HisiMediaPlayer( 1460): HiMediaPlayer::setProcInfo,etype=1,time=0
V/HisiMediaPlayer( 1460): HiMediaPlayer::setProcInfo,etype=2,time=0
V/HisiMediaPlayer( 1460): HiMediaPlayer::setProcInfo,etype=3,time=1153759613
V/HisiMediaPlayer( 1460): HiMediaPlayer::setProcInfo,etype=4,time=0
V/HisiMediaPlayer( 1460): HiMediaPlayer::setProcInfo,etype=5,time=1153759668
V/HisiMediaPlayer( 1460): HiMediaPlayer::setProcInfo,etype=6,time=1153759795
V/HisiMediaPlayer( 1460): HiMediaPlayer::setProcInfo,etype=7,time=1153759812
V/HiMediaPlayerManage( 1460): back from callback
V/HiMediaPlayerManage( 1460): message received msg=200, ext1=710, ext2=90
W/HiMediaPlayerManage( 1460): info/warning (710, 90)
V/HiMediaPlayerManage( 1460): back from callback
W/HiPlayer( 1460): [23:45:27.109] [svr_pctrl.c:5496] Get seekable result:1 
E/HisiMediaPlayer( 1460): send MEDIA_INFO_SYSTEM_MEM_SIZE event,size:1024
V/HiMediaPlayerManage( 1460): message received msg=200, ext1=1016, ext2=1024
W/HiMediaPlayerManage( 1460): info/warning (1016, 1024)
V/HiMediaPlayerManage( 1460): back from callback
V/HisiMediaPlayer( 1460): [SWITCH-PG ] Call doStart IN
I/HiPlayer-FFMpeg( 1460): [23:45:27.109]: user ope, resume cmd(0), set bclose = 0, bstop = 0 
D/HiMW_Audio_Base( 1469): ----------Call setAvcAttr End-----------
D/HiMW_ply_tv( 1469): -----------setAvcAttr End--------
I/HiMW_ply_tv( 1469): Call tv listener!
E/HiMW_cus_set( 1469): [onAudioConfig] called
I/HiPlayer( 1460): [23:45:27.119] [svr_padpt.c:2478] Select cap level = 12, protocol level = 1 ,u32PixelNum:921600 
I/HiPlayer( 1460): [23:45:27.120] [svr_padpt.c:3112] curOpt.enDecType=0, enCapLevel=0, enProtocolLevel=0, newOpt.enDecType=0, enCapLevel=12, enProtocolLevel=1  
I/HiPlayer( 1460): [23:45:27.120] [svr_padpt.c:3133] Video rotate is 0, set rotate ret = 0xffffffff  
I/HiPlayer( 1460): [23:45:27.120] [svr_padpt.c:3158] open video channel 
I/HiPlayer( 1460): [23:45:27.146] [svr_padpt.c:2705] [SVR_PADPT_IfDisableFormat:2705] checking if format[(null)] should be enabled in prop[],bIsDivx:0 
I/HiPlayer( 1460): [23:45:27.147] [svr_padpt.c:3245] Set ErrCover = 0  
I/HiPlayer( 1460): [23:45:27.158] [svr_padpt.c:5543] call HI_UNF_AVPLAY_Start vid channel before  
I/HiPlayer( 1460): [23:45:27.242] [svr_padpt.c:5545] call HI_UNF_AVPLAY_Start vid channel after  
I/HiPlayer( 1460): [23:45:27.242] [svr_padpt.c:2705] [SVR_PADPT_IfDisableFormat:2705] checking if format[(null)] should be enabled in prop[],bIsDivx:0 
I/HiPlayer( 1460): [23:45:27.254] [svr_padpt.c:2839] Audio Decoder Type is 2147614721  
I/HiPlayer( 1460): [23:45:27.255] [svr_padpt.c:5559] call HI_UNF_AVPLAY_Start aud channel before  
I/HiPlayer( 1460): [23:45:27.258] [svr_padpt.c:5561] call HI_UNF_AVPLAY_Start aud channel after  
I/HiPlayer( 1460): [23:45:27.258] [svr_padpt.c:5598] padpt start using time:139 ms 
I/HiPlayer( 1460): [23:45:27.258] [svr_pctrl.c:3492] enter play unf consume 164(increase 139 for padpt start) 
I/HiPlayer( 1460): [23:45:27.258] [svr_buffer_event.c:79] Enter preroll state 
E/HiPlayer( 1460): [23:45:27.258]: [svr_pctrl.c:_SVR_PCTRL_AVSync:2993] never do seek, ret 0x0 
V/HisiMediaPlayer( 1460): [SWITCH-PG ] Receive Event: HI_SVR_PLAYER_EVENT_STATE State [HI_SVR_PLAYER_STATE_PLAY(2)]
V/HisiMediaPlayer( 1460): HiMediaPlayer::setProcInfo,etype=8,time=1153759962
V/HiMediaPlayerManage( 1460): message received msg=200, ext1=710, ext2=100
W/HiMediaPlayerManage( 1460): info/warning (710, 100)
V/HiMediaPlayerManage( 1460): back from callback
V/HisiSurfaceSetting( 1460): HI_UNF_VO_SetWindowAttr x[0] y[0] w[1920] h[1080] VideoRect x[0] y[0] w[1920] h[1080]mCvrs[6] ratio [w 0] [h 0] bUserDefAspectRatio is 0
V/HisiMediaPlayer( 1460): After updateSurfaceSetting
E/ShelterApp( 9134): 
I/HiMediaPlayerManage( 1460): setParameter 6009
I/HiMediaPlayerManage( 1460): setParameter 6009=[.left=0.top=0.right=1920.bottom=1080]
I/HiMediaPlayerManage( 1460): setParameter info to newrect=[0,0,1920,1080]
V/HiMediaPlayerManage( 1460): Call updateVideoPosition IN
V/HiMediaPlayerManage( 1460): HiMediaPlayerManage::updateVideoPosition(0, 0, 1920, 1080)
V/HisiMediaPlayer( 1460): Call HiMediaPlayer::updateSurfacePosition IN, x:y:w:h = 0:0:1920:1080 
W/MediaPlayer( 9134): info/warning (710, 90)
W/MediaPlayer( 9134): info/warning (1016, 1024)
W/MediaPlayer( 9134): info/warning (710, 100)
D/ShelterApp( 9134): handleMessage : msg : 1
D/ShelterApp( 9134): start play ,uri is/mnt/sdcard/Shelter/data/9/SOLOMINI.mp4
D/ShelterApp( 9134): start play mp4
D/ShelterApp( 9134): playVideo: Url = /mnt/sdcard/Shelter/data/9/SOLOMINI.mp4
V/HiMediaPlayerManage( 1460): Call reset IN
V/HisiMediaPlayer( 1460): [SWITCH-PG ] Call HiMediaPlayer::reset() IN
V/HisiMediaPlayer( 1460): [SWITCH-PG ] HiMediaPlayer destroyHiPlayer Step 1, time is 1153759971 
I/HiPlayer( 1460): [23:45:27.267] [hi_svr_player.c:365] user invoke player pre close file function 
W/HiPlayer( 1460): [23:45:27.267] [svr_pctrl.c:5369] pctrl invoke call pre close file 
I/HiPlayer-FFMpeg( 1460): [23:45:27.267]: call pre close file, set bclose = 1 
V/HisiMediaPlayer( 1460): HiMediaPlayer destroyHiPlayer after PRE_CLOSE, time is 1153759971 
E/HiPlayer-FFMpeg( 1460): [23:45:27.267]: call _SVR_FORMAT_InterruptCB ### _SVR_FORMAT_InterruptCB return 1 !
V/HisiMediaPlayer( 1460): HiMediaPlayer call HI_SVR_PLAYER_Destroy before, time is 1153759981 
E/HisiMediaPlayer( 1460): enque destroy player cmd
V/HisiMediaPlayer( 1460): Call doDestroyPlayer IN
V/HiMediaPlayerManage( 1460): message received msg=8, ext1=0, ext2=0
V/HiMediaPlayerManage( 1460): unrecognized message: (8, 0, 0)
V/HiMediaPlayerManage( 1460): back from callback
I/HiPlayer( 1460): [23:45:27.277] [hi_svr_player.c:283] call player destroy function 
W/HiPlayer( 1460): [23:45:27.277] [svr_pctrl.c:5369] pctrl invoke call pre close file 
I/HiPlayer-FFMpeg( 1460): [23:45:27.278]: call pre close file, set bclose = 1 
W/HiPlayer( 1460): [23:45:27.278] [svr_pctrl.c:4739] set evt cb use 0 ms 
I/HiPlayer( 1460): [23:45:27.309] [svr_pctrl.c:3388] exit play unf consume 31(increase 31 for padpt stop) 
E/HiPlayer( 1460): [23:45:27.309]: [svr_pctrl.c:_SVR_PCTRL_FreeOldFrame:1150] get ext sub hdl fail, ret 0x0 
W/HiPlayer( 1460): [23:45:27.309] [svr_pctrl.c:3966] main thread exit 
W/HiPlayer( 1460): [23:45:27.319] [svr_pctrl.c:4765] check deinit status use 41 ms 
W/HiPlayer( 1460): [23:45:27.319] [svr_pctrl.c:4775] change goto state use 41 ms 
W/HiPlayer( 1460): [23:45:27.319] [svr_pctrl.c:4779] waite main thread exit use 41 ms 
I/HiPlayer( 1460): [23:45:27.319] [svr_padpt.c:4649] detach sound device, ret = 0x0 ! 
I/HiPlayer( 1460): [23:45:27.326] [svr_padpt.c:4664] detach window, ret = 0x0 ! 
I/HiPlayer( 1460): [23:45:27.331] [svr_padpt.c:4680] destroy so handle, ret = 0x0 ! 
I/HiPlayer( 1460): [23:45:27.347] [svr_padpt.c:4693] close vid channel, ret = 0x0 ! 
I/HiPlayer( 1460): [23:45:27.350] [svr_padpt.c:4702] close aud channel, ret = 0x0 ! 
I/HiPlayer( 1460): [23:45:27.357] [svr_padpt.c:4738] destroy avplay handle, ret = 0x0 ! 
I/HiPlayer( 1460): [23:45:27.366] [svr_padpt.c:4751] destroy window, ret = 0x0 ! 
I/HiPlayer( 1460): [23:45:27.366] [svr_pctrl.c:4795] exit play unf consume 78(increase 47 for padpt destroy) 
W/HiPlayer( 1460): [23:45:27.366] [svr_pctrl.c:4796] destroy device use 88 ms 
E/HiPlayer-FFMpeg( 1460): [23:45:27.367]: [FFMPEG_MSG][hi_svr_msg.c:459] invalid param
E/HiPlayer-FFMpeg( 1460): [23:45:27.367]: [FFMPEG_MSG][hi_svr_msg.c:585] invalid param
I/HiPlayer-FFMpeg( 1460): [23:45:27.367]: FFMPEG_MSG_DeInit finish
W/HiPlayer( 1460): [23:45:27.370] [svr_pctrl.c:4799] close all file use 92 ms 
W/HiPlayer( 1460): [23:45:27.370] [svr_pctrl.c:4813] [SWITCH-PG ] destroy hiplayer totol time is 92 ms 
V/HisiMediaPlayer( 1460): HiMediaPlayer call HI_SVR_PLAYER_Destroy after, time is 1153760075 
V/HisiMediaPlayer( 1460): begin destroy mCmdQueue 1153760075 
V/HisiMediaPlayer( 1460): signal thread out
V/HisiMediaPlayer( 1460): HiMediaPlayer::CommandQueue() deconstruct
V/HisiMediaPlayer( 1460): finish destroy mCmdQueue 1153760075 
V/HisiSubManager( 1460): Call cleanSubMem IN
V/HisiMediaPlayer( 1460): HiMediaPlayer destroyHiPlayer Step 2, time is 1153760075 
V/HisiMediaPlayer( 1460): HiMediaPlayer destroyHiPlayer Step 3, time is 1153760075 
V/HisiMediaPlayer( 1460): HiMediaPlayer destroyHiPlayer Step 4, time is 1153760075 
V/HisiMediaPlayer( 1460): HiMediaPlayer destroyHiPlayer Step 5
I/HisiMediaPlayer( 1460): Reset to 2d
E/HiMediaPlayerManage( 1460): mLockThreadId RESET LOCAL ID IS -1274403072
V/HiMediaPlayerManage( 1460): Call reset IN
E/HiMediaPlayerManage( 1460): mLockThreadId RESET LOCAL ID IS -1225679892
V/HiMediaPlayerManage( 1460): Call ~HiMediaPlayerManage IN
V/HisiMediaPlayer( 1460): [SWITCH-PG ] HiMediaPlayer destructor start
V/HisiMediaPlayer( 1460): HiMediaPlayer::setProcInfo,etype=11,time=1153760076
V/HisiMediaPlayer( 1460): [SWITCH-PG ] HiMediaPlayer destructor Finish
V/HiMediaPlayerManage( 1460): Call HiMediaPlayerManage IN
V/HiMediaPlayerManage( 1460): Create HiPlayer
V/HisiMediaPlayer( 1460): [SWITCH-PG ] HiMediaPlayer construct
E/HisiMediaPlayer( 1460): initDevice IN
V/HisiMediaPlayer( 1460): initMediaDevice IN
V/HisiMediaPlayer( 1460): sched_thread out
E/HisiMediaPlayer( 1460): !!! some audio codec NOT found. you may NOT able to decode some audio type.
E/HI_VDEC ( 1460): [735337301 ERROR-HI_VDEC]:HI_CODEC_RegisterLib[408]:Register libHV.VIDEO.FFMPEG_VDEC.decode.so fail:Had been registered.
V/HisiMediaPlayer( 1460): HiMediaSystem::initPlayer() OK inst num [32]
V/HisiMediaPlayer( 1460): [SWITCH-PG ] initResource consume: 8 ms,sdk use:8 ms
V/HiMediaPlayerManage( 1460): initCheck
V/HiMediaPlayerManage( 1460): HiMediaPlayerManage setAudioSink
V/HisiMediaPlayer( 1460): Call HiMediaPlayer::setAudioSink IN
D/HisiMediaPlayer( 1460): do not use audio sink output for hiplayer
V/HiMediaPlayerManage( 1460): Call setDataSource IN
V/HiMediaPlayerManage( 1460): setDataSource(27, 0, 2097152)
V/HiMediaPlayerManage( 1460): st_dev  = 18
V/HiMediaPlayerManage( 1460): st_mode = 33273
V/HiMediaPlayerManage( 1460): st_uid  = 1023
V/HiMediaPlayerManage( 1460): st_gid  = 1028
V/HiMediaPlayerManage( 1460): st_size = 2097152
V/HisiMediaPlayer( 1460): [SWITCH-PG ] HiMediaPlayer::setDataSource fd[27] offset[0] length[2097152]
V/HisiMediaPlayer( 1460): HiMediaPlayer::setProcInfo,etype=3,time=1153760085
V/HisiMediaPlayer( 1460): mMediaParam.aszUrl is: /storage/sdcard/Shelter/data/9/SOLOMINI.mp4::offset=0::length=2097152::fd=32
V/HiMediaPlayerManage( 1460): message received msg=200, ext1=710, ext2=10
W/HiMediaPlayerManage( 1460): info/warning (710, 10)
V/HiMediaPlayerManage( 1460): back from callback
E/MediaPlayer( 9134): call setDataSource function 
D/MediaPlayer( 9134): call setDataSource function 
I/HiMediaPlayerManage( 1460): setParameter 6009
I/HiMediaPlayerManage( 1460): setParameter 6009=[.left=0.top=0.right=1920.bottom=1080]
I/HiMediaPlayerManage( 1460): setParameter info to newrect=[0,0,1920,1080]
V/HiMediaPlayerManage( 1460): Call updateVideoPosition IN
V/HiMediaPlayerManage( 1460): HiMediaPlayerManage::updateVideoPosition(0, 0, 1920, 1080)
V/HisiMediaPlayer( 1460): Call HiMediaPlayer::updateSurfacePosition IN, x:y:w:h = 0:0:1920:1080 
V/HisiSurfaceSetting( 1460): HiMediaPlayer::surfaceSetting::init
V/HisiSurfaceSetting( 1460): init mCvrs is 6
V/HisiSurfaceSetting( 1460): setVideoWindowAttr mWindow or GetWindowAttr error
I/HiMediaPlayerManage( 1460): setParameter 6009
I/HiMediaPlayerManage( 1460): setParameter 6009=[.left=0.top=0.right=1920.bottom=1080]
I/HiMediaPlayerManage( 1460): setParameter info to newrect=[0,0,1920,1080]
V/HiMediaPlayerManage( 1460): Call updateVideoPosition IN
V/HiMediaPlayerManage( 1460): HiMediaPlayerManage::updateVideoPosition(0, 0, 1920, 1080)
V/HisiMediaPlayer( 1460): Call HiMediaPlayer::updateSurfacePosition IN, x:y:w:h = 0:0:1920:1080 
V/HiMediaPlayerManage( 1460): setVideoSurfaceTexture
V/HiMediaPlayerManage( 1460): HiMediaPlayerManage::setVideoSurfaceTexture:0xb3826120
D/HisiMediaPlayer( 1460): HiMediaPlayer::setSurfaceTexture
D/HisiMediaPlayer( 1460): do not use graphic output for hiplayer
V/HisiMediaPlayer( 1460): if FromSurfaceFlinger 1
V/HisiMediaPlayer( 1460): push black buffer to surfaceflinger to flush last frame
D/HisiMediaPlayer( 1460): do not use graphic output for hiplayer
V/HiMediaPlayerManage( 1460): Call prepareAsync IN
V/HiMediaPlayerManage( 1460): Call prepareAsync_l IN
D/HiMediaPlayerManage( 1460): TIMEDTEXT in HiMediaPlayerManage::prepareAsync_l enter, ready to update timedtextflag
V/HisiMediaPlayer( 1460): [SWITCH-PG ] Call prepareAsync IN
V/HisiMediaPlayer( 1460): HiMediaPlayer::setProcInfo,etype=5,time=1153760115
V/HiMediaPlayerManage( 1460): message received msg=200, ext1=710, ext2=20
W/HiMediaPlayerManage( 1460): info/warning (710, 20)
V/HiMediaPlayerManage( 1460): back from callback
V/HisiMediaPlayer( 1460): prepareAsync CreatePlayer
V/HisiMediaPlayer( 1460): [SWITCH-PG ] start create HiPlayer...
V/HisiMediaPlayer( 1460): HiMediaPlayer::CommandQueue construct!
V/HisiMediaPlayer( 1460): HiMediaPlayer::CommandQueue::run()
V/HisiMediaPlayer( 1460): HiMediaPlayer::CommandQueue construct OUT!
E/HiPlayer( 1460): [23:45:27.411]: [hi_svr_player.c:HI_SVR_PLAYER_Init:139] player already init, ret 0x0 
V/HisiMediaPlayer( 1460): set vdec error cover: 0
V/HisiMediaPlayer( 1460): Init screen resolution w[1920] h [1080]
W/HiPlayer( 1460): [23:45:27.412] [svr_pctrl.c:5912] set log level is 4  
V/HisiMediaPlayer( 1460): HiMediaPlayer::getTrueHDSetting 0
V/HisiMediaPlayer( 1460): [SWITCH-PG ] create HiPlayer...done
V/HiMediaPlayerManage( 1460): message received msg=200, ext1=710, ext2=40
W/HiMediaPlayerManage( 1460): info/warning (710, 40)
V/HiMediaPlayerManage( 1460): back from callback
V/HisiMediaPlayer( 1460): enqueue PrepareCommand
W/MediaPlayer( 9134): info/warning (710, 20)
W/MediaPlayer( 9134): info/warning (710, 40)
V/HisiMediaPlayer( 1460): [SWITCH-PG ] Call doPrepare IN
W/HiPlayer( 1460): [23:45:27.413] [svr_pctrl.c:5882] Set headers data = 0x0  
E/HiPlayer( 1460): [23:45:27.413]: [svr_pctrl.c:SVR_PCTRL_Invoke:5479] media file no open, ret 0xffffffff 
E/HiPlayer( 1460): [23:45:27.413]: [svr_pctrl.c:SVR_PCTRL_Invoke:5458] media file no open, ret 0x0 
E/HiPlayer( 1460): [23:45:27.413]: [svr_pctrl.c:SVR_PCTRL_Invoke:5416] media file no open, ret 0x0 
W/HiPlayer( 1460): [23:45:27.413] [svr_pctrl.c:5489] Set buffer under run:1 
V/HisiMediaPlayer( 1460): ERR: HI_SVR_PLAYER_Invoke set buffer config fail, maybe is local file!
V/HisiMediaPlayer( 1460): BufferConfig:type(1)
V/HisiMediaPlayer( 1460): s64EventStart:500
V/HisiMediaPlayer( 1460): s64EventEnough:12000
V/HisiMediaPlayer( 1460): s64Total:20000
V/HisiMediaPlayer( 1460): s64TimeOut:0
V/HisiMediaPlayer( 1460): mUnderrun(1)
V/HisiMediaPlayer( 1460): s64BufMaxSize:20971520
E/HiPlayer( 1460): [23:45:27.413]: [svr_demuxer.c:_SVR_DEMUXER_Register:117] alredy regist demuxer, ret 0x0 
E/HiPlayer( 1460): [23:45:27.413]: [svr_url.c:_SVR_URL_Register:49] already regist protocol, ret 0x0 
I/HiPlayer( 1460): [23:45:27.413] [svr_file.c:136] use hiplayer file protocol! 
I/HiPlayer( 1460): [23:45:27.417] [svr_proc_intf.c:1280] module name = hiplayer00, module id = 335  
E/HiPlayer( 1460): [23:45:27.417]: [svr_lrcdec.c:LRC_DEMUXER_Find:827] not lrc file, ret 0xffffffff 
E/HiPlayer( 1460): [23:45:27.417]: [svr_subdec.c:SUB_DEMUXER_Find:883] not sub file, ret 0xffffffff 
I/HiPlayer-FFMpeg( 1460): [23:45:27.423]: [hi_svr_format.c,11254] SVR_MSG_Init cFileName: 0x27090060
I/HiPlayer-FFMpeg( 1460): [23:45:27.423]: DRM client 0
I/HiPlayer-FFMpeg( 1460): [23:45:27.423]: HI_FORMAT_INVOKE_BUFFER_SETCONFIG Args is HI_FORMAT_BUFFER_CONFIG_TIME
I/HiPlayer-FFMpeg( 1460): [23:45:27.423]: [hi_svr_format.c:9456] set hls live stream first play num 0 
E/HiPlayer-FFMpeg( 1460): [23:45:27.423]: pReferer is NULL!
I/HiPlayer-FFMpeg( 1460): [23:45:27.423]: [hi_svr_format.c:6830] avformat_open_input start! 
I/HiPlayer-FFMpeg( 1460): [23:45:27.423]: parse fd is 27
E/HiPlayer-FFMpeg( 1460): [23:45:27.425]: TS score: 0 0
I/HiPlayer-FFMpeg( 1460): [23:45:27.447]: [hi_svr_format.c:6923] avformat_open_input success! 
I/HiPlayer-FFMpeg( 1460): [23:45:27.447]: [hi_svr_format.c:3333] find stream info before 
W/HiPlayer-FFMpeg( 1460): [23:45:27.447]: [utils.c,3776],matroska/hls flv mov mkv demuxer or network, no need probe Codec Para
W/HiPlayer-FFMpeg( 1460): [23:45:27.447]: [utils.c:3810], set noheader property 
I/HiPlayer-FFMpeg( 1460): [23:45:27.447]: [utils.c:3825] find decoder 
I/HiPlayer-FFMpeg( 1460): [23:45:27.448]: [utils.c:3869] find decoder end 
I/HiPlayer-FFMpeg( 1460): [23:45:27.448]: [utils.c,3919], All info found
I/HiPlayer-FFMpeg( 1460): [23:45:27.448]: [utils.c,4077] find stream info probe data size: 0, cost time:0 ms
I/HiPlayer-FFMpeg( 1460): [23:45:27.448]: [utils.c:4107] try get parameter end 
I/HiPlayer-FFMpeg( 1460): [23:45:27.448]: [utils.c:4158] estimate timeings end 
I/HiPlayer-FFMpeg( 1460): [23:45:27.448]: [utils.c:4176] recaculate duration end 
I/HiPlayer-FFMpeg( 1460): [23:45:27.448]: [utils.c:4179] compute chapters end 
I/HiPlayer-FFMpeg( 1460): [23:45:27.448]: [hi_svr_format.c:3341] find stream info end 
W/HiPlayer-FFMpeg( 1460): [23:45:27.448]: [hi_svr_format.c:3366] start time is invalid! 
I/HiPlayer-FFMpeg( 1460): [23:45:27.448]: [hi_svr_format.c:3424] duration = 40446667 
I/HiPlayer-FFMpeg( 1460): [23:45:27.448]: 
I/HiPlayer-FFMpeg( 1460): 
I/HiPlayer-FFMpeg( 1460): *************************************************
I/HiPlayer-FFMpeg( 1460): [23:45:27.448]: Stream type: ES 
I/HiPlayer-FFMpeg( 1460): [23:45:27.448]: Source type: LOCAL 
I/HiPlayer-FFMpeg( 1460): [23:45:27.448]: 
I/HiPlayer-FFMpeg( 1460): Program 2: 
I/HiPlayer-FFMpeg( 1460): [23:45:27.448]:    video den = 25000 
I/HiPlayer-FFMpeg( 1460): [23:45:27.448]:    video num = 1 
I/HiPlayer-FFMpeg( 1460): [23:45:27.448]:    video index = 0, codec id = 28 
I/HiPlayer-FFMpeg( 1460): [23:45:27.448]:    video 0 info: 
I/HiPlayer-FFMpeg( 1460): [23:45:27.448]: r_frame_rate fps is 25.0
I/HiPlayer-FFMpeg( 1460): [23:45:27.448]:      stream idx:   0 
I/HiPlayer-FFMpeg( 1460): [23:45:27.448]:      w * h:        1280 * 720 
I/HiPlayer-FFMpeg( 1460): [23:45:27.448]:      fps:          25.0 
I/HiPlayer-FFMpeg( 1460): [23:45:27.448]:      bps:          339464 bits/s 
I/HiPlayer-FFMpeg( 1460): [23:45:27.448]:      format:       H264 
I/HiPlayer-FFMpeg( 1460): [23:45:27.449]:    audio den = 24000 
I/HiPlayer-FFMpeg( 1460): [23:45:27.449]:    audio num = 1 
I/HiPlayer-FFMpeg( 1460): [23:45:27.449]:    audio index = 1, samplerate = 48000 
I/HiPlayer-FFMpeg( 1460): [23:45:27.449]:    audio channels = 2, blockalign = 0 
I/HiPlayer-FFMpeg( 1460): [23:45:27.449]:    audio codeid = 86018, bitrate = 63619 
I/HiPlayer-FFMpeg( 1460): [23:45:27.449]:    audio bit per sample = 16
I/HiPlayer-FFMpeg( 1460): [23:45:27.449]:    audio 0 info: 
I/HiPlayer-FFMpeg( 1460): [23:45:27.449]:      stream idx:   1 
I/HiPlayer-FFMpeg( 1460): [23:45:27.449]:      samplerate:   48000 Hz 
I/HiPlayer-FFMpeg( 1460): [23:45:27.449]:      bitpersample: 16 
I/HiPlayer-FFMpeg( 1460): [23:45:27.449]:      channels:     2 
I/HiPlayer-FFMpeg( 1460): [23:45:27.449]:      blockAlign:   0 
I/HiPlayer-FFMpeg( 1460): [23:45:27.449]:      bps:          63619 bits/s 
I/HiPlayer-FFMpeg( 1460): [23:45:27.449]:      lang:         und 
