I/HiPlayer-FFMpeg( 1460): [23:48:29.585]: [utils.c:4176] recaculate duration end 
I/HiPlayer-FFMpeg( 1460): [23:48:29.585]: [utils.c:4179] compute chapters end 
I/HiPlayer-FFMpeg( 1460): [23:48:29.585]: [hi_svr_format.c:3341] find stream info end 
W/HiPlayer-FFMpeg( 1460): [23:48:29.585]: [hi_svr_format.c:3366] start time is invalid! 
I/HiPlayer-FFMpeg( 1460): [23:48:29.585]: [hi_svr_format.c:3424] duration = 40446667 
I/HiPlayer-FFMpeg( 1460): [23:48:29.585]: 
I/HiPlayer-FFMpeg( 1460): 
I/HiPlayer-FFMpeg( 1460): *************************************************
I/HiPlayer-FFMpeg( 1460): [23:48:29.585]: Stream type: ES 
I/HiPlayer-FFMpeg( 1460): [23:48:29.585]: Source type: LOCAL 
I/HiPlayer-FFMpeg( 1460): [23:48:29.585]: 
I/HiPlayer-FFMpeg( 1460): Program 2: 
I/HiPlayer-FFMpeg( 1460): [23:48:29.585]:    video den = 25000 
I/HiPlayer-FFMpeg( 1460): [23:48:29.585]:    video num = 1 
I/HiPlayer-FFMpeg( 1460): [23:48:29.585]:    video index = 0, codec id = 28 
I/HiPlayer-FFMpeg( 1460): [23:48:29.585]:    video 0 info: 
I/HiPlayer-FFMpeg( 1460): [23:48:29.585]: r_frame_rate fps is 25.0
I/HiPlayer-FFMpeg( 1460): [23:48:29.585]:      stream idx:   0 
I/HiPlayer-FFMpeg( 1460): [23:48:29.585]:      w * h:        1280 * 720 
I/HiPlayer-FFMpeg( 1460): [23:48:29.585]:      fps:          25.0 
I/HiPlayer-FFMpeg( 1460): [23:48:29.585]:      bps:          339464 bits/s 
I/HiPlayer-FFMpeg( 1460): [23:48:29.585]:      format:       H264 
I/HiPlayer-FFMpeg( 1460): [23:48:29.585]:    audio den = 24000 
I/HiPlayer-FFMpeg( 1460): [23:48:29.585]:    audio num = 1 
I/HiPlayer-FFMpeg( 1460): [23:48:29.586]:    audio index = 1, samplerate = 48000 
I/HiPlayer-FFMpeg( 1460): [23:48:29.586]:    audio channels = 2, blockalign = 0 
I/HiPlayer-FFMpeg( 1460): [23:48:29.586]:    audio codeid = 86018, bitrate = 63619 
I/HiPlayer-FFMpeg( 1460): [23:48:29.586]:    audio bit per sample = 16
I/HiPlayer-FFMpeg( 1460): [23:48:29.586]:    audio 0 info: 
I/HiPlayer-FFMpeg( 1460): [23:48:29.586]:      stream idx:   1 
I/HiPlayer-FFMpeg( 1460): [23:48:29.586]:      samplerate:   48000 Hz 
I/HiPlayer-FFMpeg( 1460): [23:48:29.586]:      bitpersample: 16 
I/HiPlayer-FFMpeg( 1460): [23:48:29.586]:      channels:     2 
I/HiPlayer-FFMpeg( 1460): [23:48:29.586]:      blockAlign:   0 
I/HiPlayer-FFMpeg( 1460): [23:48:29.586]:      bps:          63619 bits/s 
I/HiPlayer-FFMpeg( 1460): [23:48:29.586]:      lang:         und 
I/HiPlayer-FFMpeg( 1460): [23:48:29.586]:      samplerateidx:     6 
I/HiPlayer-FFMpeg( 1460): [23:48:29.586]:      samplerate in tab: 24000 
I/HiPlayer-FFMpeg( 1460): [23:48:29.586]:      profile:           1 
I/HiPlayer-FFMpeg( 1460): [23:48:29.586]:      channels:          2 
I/HiPlayer-FFMpeg( 1460): [23:48:29.586]:      format:       AAC 
I/HiPlayer-FFMpeg( 1460): [23:48:29.586]: 
I/HiPlayer-FFMpeg( 1460): 
I/HiPlayer-FFMpeg( 1460): *************************************************
I/HiPlayer-FFMpeg( 1460): [23:48:29.586]: HI_SVR_FORMAT_FindStream NetUrl:0
I/HiPlayer-FFMpeg( 1460): [23:48:29.586]: [hi_svr_format.c,11409] Thread_GetBufferStreamType:2
W/HiPlayer( 1460): [23:48:29.586] [svr_pctrl.c:4383] find subtitle file 
W/HiPlayer( 1460): [23:48:29.587] [svr_pctrl.c:4483] set vsink 0, asink:0 
I/HiPlayer( 1460): [23:48:29.587] [svr_padpt.c:4469] use hisi ao to output. 
I/HiPlayer( 1460): [23:48:29.587] [svr_padpt.c:4507] eStreamType:0, u32AudBufSize:2097152, u32VidBufSize:10485760 
I/HiPlayer( 1460): [23:48:29.589] [svr_pctrl.c:4488] enter play unf consume 2 (increase 2 for creating padpt) 
E/HisiMediaPlayer( 1460): HI_SVR_PLAYER_SetMedia use time = 43 ms
I/HisiMediaPlayer( 1460): SetOutPutSettings 3D Support & Type: 0
I/HisiMediaPlayer( 1460): mDisplayStrategy Is 1
I/HisiMediaPlayer( 1460): OutPut Adapter Mode
I/HisiMediaPlayer( 1460): TV Support 1080P_24FPS Ability is 0
V/HisiMediaPlayer( 1460): curAStreamId is 0 format 2 subid is -1
V/HisiMediaPlayer( 1460): going to set seek mode to pos
I/HiPlayer-FFMpeg( 1460): [23:48:29.589]: [Thread_doInvoke:10043] set seek mode:1#
E/HisiMediaPlayer( 1460): ERR: HI_SVR_PLAYER_Invoke HI_FORMAT_INVOKE_SET_SEEK_MODE fail!
V/HisiMediaPlayer( 1460): going to set dobly drc mode mode to line
W/HiPlayer( 1460): [23:48:29.589] [svr_pctrl.c:5932] set dolby drcmode 2 
I/HiPlayer( 1460): [23:48:29.589] [svr_padpt.c:6315] Set s32DolbyDrcMode is 2 
V/HisiMediaPlayer( 1460): set set dobly drc mode success
V/HisiMediaPlayer( 1460): [SWITCH-PG ] Call prepareAsyncComplete IN
V/HisiMediaPlayer( 1460): HiMediaPlayer::setProcInfo,etype=6,time=1153942293
V/HisiMediaPlayer( 1460): HiMediaPlayer::prepareAsyncComplete, go to prepare_l
V/HisiMediaPlayer( 1460): prepare_l go to get file info
V/HisiMediaPlayer( 1460): *************************************************
V/HisiMediaPlayer( 1460): Stream type: ES 
V/HisiMediaPlayer( 1460): Source type: LOCAL 
V/HisiMediaPlayer( 1460): File size:   2097152 bytes 
V/HisiMediaPlayer( 1460): Start time:  0:0:0 
V/HisiMediaPlayer( 1460): Duration:    0:0:40 
V/HisiMediaPlayer( 1460): bps:         414798 bits/s 
V/HisiMediaPlayer( 1460): Program 0: 
V/HisiMediaPlayer( 1460): service name: 
V/HisiMediaPlayer( 1460): service provider: 
V/HisiMediaPlayer( 1460):    video 0 info: 
V/HisiMediaPlayer( 1460):      stream idx:   0 
V/HisiMediaPlayer( 1460):      format:       4 
V/HisiMediaPlayer( 1460):      w * h:        1280 * 720 
V/HisiMediaPlayer( 1460):      fps:          25.0 
V/HisiMediaPlayer( 1460):      bps:          339464 bits/s 
V/HisiMediaPlayer( 1460):      duration:     0:0:40 
V/HisiMediaPlayer( 1460):    audio 0 info: 
V/HisiMediaPlayer( 1460):      stream idx:   1 
V/HisiMediaPlayer( 1460):      format:       2 
V/HisiMediaPlayer( 1460):      samplerate:   48000 Hz 
V/HisiMediaPlayer( 1460):      bitpersample: 16 
V/HisiMediaPlayer( 1460):      channels:     2 
V/HisiMediaPlayer( 1460):      bps:          16 bits/s 
V/HisiMediaPlayer( 1460):      lang:         und 
V/HisiMediaPlayer( 1460):      subID:        -1
V/HisiMediaPlayer( 1460):      duration:     0:0:40 
V/HisiMediaPlayer( 1460): *************************************************
E/HisiSubtitle( 1460): User data style.xml file read failed!... try to read system style.xml file
E/HisiSubtitle( 1460): Subtitle system style.xml file is not parsed successfully. 
E/HisiSubtitle( 1460): Can't find Style xmlfile
V/HiMediaPlayerManage( 1460): message received msg=5, ext1=1280, ext2=720
V/HiMediaPlayerManage( 1460): New video size 1280 x 720
V/HiMediaPlayerManage( 1460): back from callback
V/HisiMediaPlayer( 1460): prepare_l get file info finish
V/HiMediaPlayerManage( 1460): message received msg=200, ext1=710, ext2=80
W/HiMediaPlayerManage( 1460): info/warning (710, 80)
V/HiMediaPlayerManage( 1460): back from callback
V/HisiMediaPlayer( 1460): setdatasource prepared,send video size
V/HiMediaPlayerManage( 1460): message received msg=5, ext1=1280, ext2=720
V/HiMediaPlayerManage( 1460): New video size 1280 x 720
V/HiMediaPlayerManage( 1460): back from callback
V/HiMediaPlayerManage( 1460): message received msg=1, ext1=0, ext2=0
V/HiMediaPlayerManage( 1460): prepared
V/HiMediaPlayerManage( 1460): back from callback
W/HiPlayer( 1460): [23:48:29.601] [svr_pctrl.c:5496] Get seekable result:1 
E/HisiMediaPlayer( 1460): send MEDIA_INFO_SYSTEM_MEM_SIZE event,size:1024
V/HiMediaPlayerManage( 1460): message received msg=200, ext1=1016, ext2=1024
W/HiMediaPlayerManage( 1460): info/warning (1016, 1024)
V/HiMediaPlayerManage( 1460): back from callback
W/MediaPlayer(10783): info/warning (710, 80)
W/MediaPlayer(10783): info/warning (1016, 1024)
E/MediaPlayer(10783): Should have subtitle controller already set
V/HiMediaPlayerManage( 1460): Call setLooping IN
V/HisiMediaPlayer( 1460): SetLooping loop[0]
V/HiMediaPlayerManage( 1460): Call setLooping IN
V/HisiMediaPlayer( 1460): SetLooping loop[0]
V/HiMediaPlayerManage( 1460): Call start IN
V/HisiMediaPlayer( 1460): SetLooping loop[0]
V/HisiMediaPlayer( 1460): SetVolume L-R [1.00  1.00]
V/HisiMediaPlayer( 1460): [SWITCH-PG ] Call HiMediaPlayer::start() IN
V/HisiMediaPlayer( 1460): HiMediaPlayer::setProcInfo,etype=1,time=0
V/HisiMediaPlayer( 1460): HiMediaPlayer::setProcInfo,etype=2,time=0
V/HisiMediaPlayer( 1460): HiMediaPlayer::setProcInfo,etype=3,time=1153942221
V/HisiMediaPlayer( 1460): HiMediaPlayer::setProcInfo,etype=4,time=0
V/HisiMediaPlayer( 1460): HiMediaPlayer::setProcInfo,etype=5,time=1153942248
V/HisiMediaPlayer( 1460): HiMediaPlayer::setProcInfo,etype=6,time=1153942293
V/HisiMediaPlayer( 1460): HiMediaPlayer::setProcInfo,etype=7,time=1153942307
V/HiMediaPlayerManage( 1460): message received msg=200, ext1=710, ext2=90
W/HiMediaPlayerManage( 1460): info/warning (710, 90)
V/HiMediaPlayerManage( 1460): back from callback
V/HisiMediaPlayer( 1460): [SWITCH-PG ] Call doStart IN
I/HiPlayer-FFMpeg( 1460): [23:48:29.604]: user ope, resume cmd(0), set bclose = 0, bstop = 0 
I/HiMW_com_convert( 1469): >> precision volume input: 25
I/HiMW_com_convert( 1469): >> precision volume : -23.500000
D/HiMW_ply_tv( 1469): Check Suspend Status Begin
D/HiMW_ply_tv( 1469): Check Suspend Status End
D/HiMW_ply_tv( 1469): -----------enableAvc Begin--------
I/HiPlayer( 1460): [23:48:29.612] [svr_padpt.c:2478] Select cap level = 12, protocol level = 1 ,u32PixelNum:921600 
D/HiMW_adp_system( 1469): handleMsg:444 msgType = 1310722, args = 0x0 size=0
I/HiPlayer( 1460): [23:48:29.612] [svr_padpt.c:3112] curOpt.enDecType=0, enCapLevel=0, enProtocolLevel=0, newOpt.enDecType=0, enCapLevel=12, enProtocolLevel=1  
I/HiPlayer( 1460): [23:48:29.612] [svr_padpt.c:3133] Video rotate is 0, set rotate ret = 0xffffffff  
I/HiPlayer( 1460): [23:48:29.612] [svr_padpt.c:3158] open video channel 
I/HiMW_drv_audiomanage( 1469): GEQ band:0 Gain:0
I/HiMW_drv_audiomanage( 1469): GEQ band:1 Gain:0
I/HiMW_drv_audiomanage( 1469): GEQ band:2 Gain:0
I/HiMW_drv_audiomanage( 1469): GEQ band:3 Gain:0
I/HiMW_drv_audiomanage( 1469): GEQ band:4 Gain:0
D/HiMW_Audio_Base( 1469): ----------Call enableAvc End-----------
D/HiMW_ply_tv( 1469): -----------setAvcAttr Begin--------
D/HiMW_Audio_Base( 1469): ----------Call setAvcAttr End-----------
D/HiMW_ply_tv( 1469): -----------setAvcAttr End--------
I/HiMW_ply_tv( 1469): Call tv listener!
E/HiMW_cus_set( 1469): [onAudioConfig] called
I/HiPlayer( 1460): [23:48:29.626] [svr_padpt.c:2705] [SVR_PADPT_IfDisableFormat:2705] checking if format[(null)] should be enabled in prop[],bIsDivx:0 
I/HiPlayer( 1460): [23:48:29.626] [svr_padpt.c:3245] Set ErrCover = 0  
I/HiPlayer( 1460): [23:48:29.630] [svr_padpt.c:5543] call HI_UNF_AVPLAY_Start vid channel before  
I/HiPlayer( 1460): [23:48:29.709] [svr_padpt.c:5545] call HI_UNF_AVPLAY_Start vid channel after  
I/HiPlayer( 1460): [23:48:29.709] [svr_padpt.c:2705] [SVR_PADPT_IfDisableFormat:2705] checking if format[(null)] should be enabled in prop[],bIsDivx:0 
I/HiPlayer( 1460): [23:48:29.714] [svr_padpt.c:2839] Audio Decoder Type is 2147614721  
I/HiPlayer( 1460): [23:48:29.714] [svr_padpt.c:5559] call HI_UNF_AVPLAY_Start aud channel before  
I/HiPlayer( 1460): [23:48:29.715] [svr_padpt.c:5561] call HI_UNF_AVPLAY_Start aud channel after  
I/HiPlayer( 1460): [23:48:29.715] [svr_padpt.c:5598] padpt start using time:103 ms 
I/HiPlayer( 1460): [23:48:29.715] [svr_pctrl.c:3492] enter play unf consume 105(increase 103 for padpt start) 
I/HiPlayer( 1460): [23:48:29.715] [svr_buffer_event.c:79] Enter preroll state 
E/HiPlayer( 1460): [23:48:29.715]: [svr_pctrl.c:_SVR_PCTRL_AVSync:2993] never do seek, ret 0x0 
V/HisiMediaPlayer( 1460): [SWITCH-PG ] Receive Event: HI_SVR_PLAYER_EVENT_STATE State [HI_SVR_PLAYER_STATE_PLAY(2)]
V/HisiMediaPlayer( 1460): HiMediaPlayer::setProcInfo,etype=8,time=1153942419
V/HiMediaPlayerManage( 1460): message received msg=200, ext1=710, ext2=100
W/HiMediaPlayerManage( 1460): info/warning (710, 100)
V/HiMediaPlayerManage( 1460): back from callback
V/HisiSurfaceSetting( 1460): HI_UNF_VO_SetWindowAttr x[0] y[0] w[1920] h[1080] VideoRect x[0] y[0] w[1920] h[1080]mCvrs[6] ratio [w 0] [h 0] bUserDefAspectRatio is 0
V/HisiMediaPlayer( 1460): After updateSurfaceSetting
E/ShelterApp(10783): 
E/MediaPlayer(10783): Should have subtitle controller already set
D/MediaPlayer(10783): setUvMOSInfo and return!!!
W/MediaPlayer(10783): info/warning (710, 90)
W/MediaPlayer(10783): info/warning (710, 100)
I/HiPlayer-FFMpeg( 1460): [23:48:29.717]: [SWITCH-PG ][SEEK2 ] first frame read (video), key=1, size=2251, pts=0(0), pos=15731, time=1153942421
I/HiPlayer-FFMpeg( 1460): [23:48:29.717]: [SWITCH-PG ][SEEK2 ] first frame read (video Key frame), key=1, size=2251, pts=0(0), pos=15731, time=1153942421
I/HiPlayer( 1460): [23:48:29.717] [svr_padpt.c:6249] Record first pts 0 after reset padpt 
I/HiPlayer( 1460): [23:48:29.717] [svr_pctrl.c:2675] [SWITCH-PG ][SEEK2 ] first frame vid sent,s64Pts=0, size=2251! 
V/HisiMediaPlayer( 1460): Receive Event: HI_SVR_PLAYER_EVENT_SOF 
I/HiPlayer-FFMpeg( 1460): [23:48:29.721]: [SWITCH-PG ][SEEK2 ] first frame read (audio), key=1, size=34, pts=0(0), pos=18652, time=1153942425
I/HiPlayer( 1460): [23:48:29.721] [svr_pctrl.c:2664] [SWITCH-PG ][SEEK2 ] first frame aud sent,s64Pts=0! 
I/HiPlayer( 1460): [23:48:29.757] [svr_padpt.c:2127] vdec norm switch event received,u32NewWidth:1280 
I/HiPlayer( 1460): [23:48:29.757] [svr_padpt.c:1125] New Norm, bProgressive:0, enNewFormat:260, u32FrameRate:25000, u32ImageHeight:720, u32ImageWidth:1280 
V/HisiMediaPlayer( 1460): Receive Event: HI_SVR_PLAYER_EVENT_NORM_SWITCH 
V/HiMediaPlayerManage( 1460): message received msg=200, ext1=1013, ext2=1280
W/HiMediaPlayerManage( 1460): info/warning (1013, 1280)
V/HiMediaPlayerManage( 1460): back from callback
W/MediaPlayer(10783): info/warning (1013, 1280)
I/HiMW_drv_videomanage( 1469): bAfdEnable = -1275495344, enCodeFrame = -1245548480, u32Afd = -1239451220, u32AspectWidth = -1240041835, u32AspectHeight = 0
I/HiMW_drv_videomanage( 1469): [query:501]not found channel!
I/HiMW_drv_videomanage( 1469): [setAspect][1671]: crop: 0,0,0,0 video:0,0,1920,1080
I/HiMW_drv_avplayextend( 1469): [setWinAttr][929]: crop: 0,0,0,0 video:0,0,1920,1080
D/HiMW_drv_avplayextend( 1469): [setWinAttr][930]: bUseCropRect = [1]
I/HiMW_drv_avplayextend( 1469): ======[freezeWin][838]==========================
I/HiMW_drv_avplayextend( 1469): ======[freezeWin][842]==========================
I/HiPlayer( 1460): [23:48:29.853] [svr_padpt.c:2066] [SWITCH-PG ][SEEK2 ] first frame video received, u32SrcPts=200 
W/HiPlayer( 1460): [23:48:29.853] [svr_padpt.c:2075] fps changed from 0 to 25.000
W/HiPlayer( 1460):  
V/HisiMediaPlayer( 1460): [SWITCH-PG ] HI_SVR_PLAYER_EVENT_FIRST_FRAME_TIME, time:242 
V/HiMediaPlayerManage( 1460): message received msg=200, ext1=1010, ext2=242
W/HiMediaPlayerManage( 1460): info/warning (1010, 242)
W/MediaPlayer(10783): info/warning (3, 242)
D/MediaPlayer(10783): has no set the property of uvmos!!! 
V/HiMediaPlayerManage( 1460): back from callback
V/HisiMediaPlayer( 1460): HiMediaPlayer::setProcInfo,etype=9,time=1153942559
I/HisiMediaPlayer( 1460): Receive Event: Current play progress is 0 
I/HisiMediaPlayer( 1460): Receive Event: Current play progress is 1 
I/HisiMediaPlayer( 1460): Receive Event: Current play progress is 2 
I/HisiMediaPlayer( 1460): Receive Event: Current play progress is 3 
I/HisiMediaPlayer( 1460): Receive Event: Current play progress is 4 
I/HisiMediaPlayer( 1460): Receive Event: Current play progress is 5 
I/HisiMediaPlayer( 1460): Receive Event: Current play progress is 6 
I/HisiMediaPlayer( 1460): Receive Event: Current play progress is 7 
I/hide    ( 1944): #############################
I/HisiMediaPlayer( 1460): Receive Event: Current play progress is 8 
I/HisiMediaPlayer( 1460): Receive Event: Current play progress is 9 
I/HisiMediaPlayer( 1460): Receive Event: Current play progress is 10 
I/HisiMediaPlayer( 1460): Receive Event: Current play progress is 11 
D/ShelterApp(10783): ConnectedSocket ....enter
I/System.out(10783): test X
D/ShelterApp(10783): ConnectedSocket connect .....
D/ShelterApp(10783): Socket error, connected again
I/HisiMediaPlayer( 1460): Receive Event: Current play progress is 12 
I/HisiMediaPlayer( 1460): Receive Event: Current play progress is 13 
I/HisiMediaPlayer( 1460): Receive Event: Current play progress is 14 
I/art     ( 1944): Explicit concurrent mark sweep GC freed 10366(475KB) AllocSpace objects, 0(0B) LOS objects, 12% free, 13MB/15MB, paused 4.043ms total 243.712ms
I/HisiMediaPlayer( 1460): Receive Event: Current play progress is 15 
I/HisiMediaPlayer( 1460): Receive Event: Current play progress is 16 
I/HisiMediaPlayer( 1460): Receive Event: Current play progress is 17 
I/HisiMediaPlayer( 1460): Receive Event: Current play progress is 18 
I/HisiMediaPlayer( 1460): Receive Event: Current play progress is 19 
I/hide    ( 1944): #############################
I/HisiMediaPlayer( 1460): Receive Event: Current play progress is 20 
I/HisiMediaPlayer( 1460): Receive Event: Current play progress is 21 
I/HisiMediaPlayer( 1460): Receive Event: Current play progress is 22 
I/HisiMediaPlayer( 1460): Receive Event: Current play progress is 23 
I/HisiMediaPlayer( 1460): Receive Event: Current play progress is 24 
I/HisiMediaPlayer( 1460): Receive Event: Current play progress is 25 
I/HisiMediaPlayer( 1460): Receive Event: Current play progress is 26 
I/HisiMediaPlayer( 1460): Receive Event: Current play progress is 27 
I/HisiMediaPlayer( 1460): Receive Event: Current play progress is 28 
I/HisiMediaPlayer( 1460): Receive Event: Current play progress is 29 
I/HisiMediaPlayer( 1460): Receive Event: Current play progress is 30 
I/HisiMediaPlayer( 1460): Receive Event: Current play progress is 31 
I/HisiMediaPlayer( 1460): Receive Event: Current play progress is 32 
I/hide    ( 1944): #############################
I/HisiMediaPlayer( 1460): Receive Event: Current play progress is 33 
I/HisiMediaPlayer( 1460): Receive Event: Current play progress is 34 
I/HisiMediaPlayer( 1460): Receive Event: Current play progress is 35 
I/HisiMediaPlayer( 1460): Receive Event: Current play progress is 36 
D/ShelterApp(10783): ConnectedSocket ....enter
I/System.out(10783): test X
D/ShelterApp(10783): ConnectedSocket connect .....
D/ShelterApp(10783): Socket error, connected again
I/HisiMediaPlayer( 1460): Receive Event: Current play progress is 37 
I/HisiMediaPlayer( 1460): Receive Event: Current play progress is 38 
I/HisiMediaPlayer( 1460): Receive Event: Current play progress is 39 
I/HisiMediaPlayer( 1460): Receive Event: Current play progress is 40 
I/HisiMediaPlayer( 1460): Receive Event: Current play progress is 41 
I/HisiMediaPlayer( 1460): Receive Event: Current play progress is 42 
I/HisiMediaPlayer( 1460): Receive Event: Current play progress is 43 
I/HisiMediaPlayer( 1460): Receive Event: Current play progress is 44 
I/hide    ( 1944): #############################
I/HisiMediaPlayer( 1460): Receive Event: Current play progress is 45 
I/HisiMediaPlayer( 1460): Receive Event: Current play progress is 46 
I/HisiMediaPlayer( 1460): Receive Event: Current play progress is 47 
I/HisiMediaPlayer( 1460): Receive Event: Current play progress is 48 
E/Netd    ( 1454): Unable to create pid file (No such file or directory)
I/HisiMediaPlayer( 1460): Receive Event: Current play progress is 49 
I/HisiMediaPlayer( 1460): Receive Event: Current play progress is 50 
I/HisiMediaPlayer( 1460): Receive Event: Current play progress is 51 
I/HisiMediaPlayer( 1460): Receive Event: Current play progress is 52 
I/HisiMediaPlayer( 1460): Receive Event: Current play progress is 53 
I/HisiMediaPlayer( 1460): Receive Event: Current play progress is 54 
I/HisiMediaPlayer( 1460): Receive Event: Current play progress is 55 
I/HisiMediaPlayer( 1460): Receive Event: Current play progress is 56 
I/HisiMediaPlayer( 1460): Receive Event: Current play progress is 57 
I/hide    ( 1944): #############################
I/HisiMediaPlayer( 1460): Receive Event: Current play progress is 58 
I/HisiMediaPlayer( 1460): Receive Event: Current play progress is 59 
I/HisiMediaPlayer( 1460): Receive Event: Current play progress is 60 
D/ShelterApp(10783): ConnectedSocket ....enter
I/System.out(10783): test X
D/ShelterApp(10783): ConnectedSocket connect .....
D/ShelterApp(10783): Socket error, connected again
I/HisiMediaPlayer( 1460): Receive Event: Current play progress is 61 
I/HisiMediaPlayer( 1460): Receive Event: Current play progress is 62 
I/HisiMediaPlayer( 1460): Receive Event: Current play progress is 63 
I/HisiMediaPlayer( 1460): Receive Event: Current play progress is 64 
I/HisiMediaPlayer( 1460): Receive Event: Current play progress is 65 
I/HisiMediaPlayer( 1460): Receive Event: Current play progress is 66 
I/HisiMediaPlayer( 1460): Receive Event: Current play progress is 67 
W/ProcessCpuTracker( 1944): Skipping unknown process pid 13185
I/HisiMediaPlayer( 1460): Receive Event: Current play progress is 68 
I/HisiMediaPlayer( 1460): Receive Event: Current play progress is 69 
I/hide    ( 1944): #############################
I/HisiMediaPlayer( 1460): Receive Event: Current play progress is 70 
I/HisiMediaPlayer( 1460): Receive Event: Current play progress is 71 
I/HisiMediaPlayer( 1460): Receive Event: Current play progress is 72 
I/HisiMediaPlayer( 1460): Receive Event: Current play progress is 73 
I/HisiMediaPlayer( 1460): Receive Event: Current play progress is 74 
I/HisiMediaPlayer( 1460): Receive Event: Current play progress is 75 
I/HisiMediaPlayer( 1460): Receive Event: Current play progress is 76 
I/HisiMediaPlayer( 1460): Receive Event: Current play progress is 77 
I/HisiMediaPlayer( 1460): Receive Event: Current play progress is 78 
I/HisiMediaPlayer( 1460): Receive Event: Current play progress is 79 
I/HisiMediaPlayer( 1460): Receive Event: Current play progress is 80 
I/HisiMediaPlayer( 1460): Receive Event: Current play progress is 81 
I/hide    ( 1944): #############################
I/HisiMediaPlayer( 1460): Receive Event: Current play progress is 82 
I/HisiMediaPlayer( 1460): Receive Event: Current play progress is 83 
I/HisiMediaPlayer( 1460): Receive Event: Current play progress is 84 
I/HisiMediaPlayer( 1460): Receive Event: Current play progress is 85 
D/ShelterApp(10783): ConnectedSocket ....enter
I/System.out(10783): test X
D/ShelterApp(10783): ConnectedSocket connect .....
D/ShelterApp(10783): Socket error, connected again
I/HisiMediaPlayer( 1460): Receive Event: Current play progress is 86 
I/HisiMediaPlayer( 1460): Receive Event: Current play progress is 87 
I/HisiMediaPlayer( 1460): Receive Event: Current play progress is 88 
I/HisiMediaPlayer( 1460): Receive Event: Current play progress is 89 
I/HisiMediaPlayer( 1460): Receive Event: Current play progress is 90 
I/HisiMediaPlayer( 1460): Receive Event: Current play progress is 91 
I/HisiMediaPlayer( 1460): Receive Event: Current play progress is 92 
I/HisiMediaPlayer( 1460): Receive Event: Current play progress is 93 
I/hide    ( 1944): #############################
I/HisiMediaPlayer( 1460): Receive Event: Current play progress is 94 
I/HisiMediaPlayer( 1460): Receive Event: Current play progress is 95 
I/HisiMediaPlayer( 1460): Receive Event: Current play progress is 96 
I/HisiMediaPlayer( 1460): Receive Event: Current play progress is 97 
I/HisiMediaPlayer( 1460): Receive Event: Current play progress is 98 
I/HisiMediaPlayer( 1460): Receive Event: Current play progress is 99 
I/HiPlayer( 1460): [23:49:10.191] [svr_padpt.c:2137] avplay EOS event received 
I/HisiMediaPlayer( 1460): Receive Event: Current play progress is 100 
E/HiPlayer( 1460): [23:49:10.239]: [svr_pctrl.c:_SVR_PCTRL_FreeOldFrame:1150] get ext sub hdl fail, ret 0x0 
I/HiPlayer( 1460): [23:49:10.270] [svr_pctrl.c:3639] padpt stop consume 31 
V/HisiMediaPlayer( 1460): [SWITCH-PG ] Receive Event: HI_SVR_PLAYER_EVENT_STATE State [HI_SVR_PLAYER_STATE_STOP(6)]
I/HiPlayer-FFMpeg( 1460): [23:49:10.286]: user ope, resume cmd(6), set bclose = 0, bstop = 0 
E/HiPlayer( 1460): [23:49:10.286]: [svr_pctrl.c:_SVR_PCTRL_FreeOldFrame:1150] get ext sub hdl fail, ret 0x0 
W/HiPlayer( 1460): [23:49:10.287] [svr_pctrl.c:2810] Seek aud stream before, seek pts = 0, seek flag = 1 
I/HiPlayer-FFMpeg( 1460): [23:49:10.287]: [SEEK2 ] HI_SVR_FORMAT_SeekPts start
I/HiPlayer-FFMpeg( 1460): [23:49:10.287]: [SEEK2 ] Thread_SeekPts start
I/HiPlayer-FFMpeg( 1460): [23:49:10.288]: Buffer List is empty!
I/HiPlayer-FFMpeg( 1460): [23:49:10.288]: [SEEK2 ] Thread_SeekPts end
W/HiPlayer( 1460): [23:49:10.288] [svr_pctrl.c:2815] Seek aud stream after 
V/HisiMediaPlayer( 1460): Receive Event: HI_SVR_PLAYER_EVENT_EOF 
V/HisiMediaPlayer( 1460): NOT LOOPING, send event MEDIA_PLAYBACK_COMPLETE
V/HiMediaPlayerManage( 1460): message received msg=2, ext1=0, ext2=0
V/HiMediaPlayerManage( 1460): playback complete
V/HiMediaPlayerManage( 1460): back from callback
D/MediaPlayer(10783): has no set the property of uvmos!!! 
D/ShelterApp(10783): palyvideo enter sync
D/ShelterApp(10783): palyvideo  exit sync
D/ShelterApp(10783): handleMessage : msg : 2
D/ShelterApp(10783): start play ,uri is/mnt/sdcard/Shelter/data/1/1.jpg
D/ShelterApp(10783): start play png
V/HiMediaPlayerManage( 1460): Call isPlaying IN
V/HisiMediaPlayer( 1460): Call doIsPlaying IN
V/HiMediaPlayerManage( 1460): isPlaying: 0
I/Choreographer(10783): Skipped 38 frames!  The application may be doing too much work on its main thread.
D/AndroidRuntime(13390): >>>>>> START com.android.internal.os.RuntimeInit uid 0 <<<<<<
D/AndroidRuntime(13390): CheckJNI is OFF
E/cutils-trace(13390): Error opening trace file: No such file or directory (2)
E/memtrack(13390): Couldn't load memtrack module (No such file or directory)
E/android.os.Debug(13390): failed to load memtrack module: -2
I/EthernetJNI(13390): Loading ethernet jni class
D/AndroidRuntime(13390): Calling main entry com.android.commands.am.Am
I/ActivityManager( 1944): Force stopping adv.com.nrt.myapplication2 appid=10044 user=0: from pid 13390
I/ActivityManager( 1944): Killing 10783:adv.com.nrt.myapplication2/u0a44 (adj 0): stop adv.com.nrt.myapplication2
V/HiMediaPlayerManage( 1460): Call reset IN
V/HisiMediaPlayer( 1460): [SWITCH-PG ] Call HiMediaPlayer::reset() IN
V/HisiMediaPlayer( 1460): [SWITCH-PG ] HiMediaPlayer destroyHiPlayer Step 1, time is 1153983914 
I/HiPlayer( 1460): [23:49:11.210] [hi_svr_player.c:365] user invoke player pre close file function 
I/WindowState( 1944): WIN DEATH: Window{254c1637 u0 adv.com.nrt.myapplication2/adv.com.nrt.myapplication2.MainActivity}
W/HiPlayer( 1460): [23:49:11.210] [svr_pctrl.c:5369] pctrl invoke call pre close file 
I/HiPlayer-FFMpeg( 1460): [23:49:11.210]: call pre close file, set bclose = 1 
V/HisiMediaPlayer( 1460): HiMediaPlayer destroyHiPlayer after PRE_CLOSE, time is 1153983914 
W/WindowManager( 1944): Force-removing child win Window{223c490d u0 SurfaceView} from container Window{254c1637 u0 adv.com.nrt.myapplication2/adv.com.nrt.myapplication2.MainActivity}
V/HisiMediaPlayer( 1460): HiMediaPlayer call HI_SVR_PLAYER_Destroy before, time is 1153983924 
E/HisiMediaPlayer( 1460): enque destroy player cmd
V/HisiMediaPlayer( 1460): Call doDestroyPlayer IN
V/HiMediaPlayerManage( 1460): message received msg=8, ext1=0, ext2=0
V/HiMediaPlayerManage( 1460): unrecognized message: (8, 0, 0)
V/HiMediaPlayerManage( 1460): back from callback
I/HiPlayer( 1460): [23:49:11.220] [hi_svr_player.c:283] call player destroy function 
W/HiPlayer( 1460): [23:49:11.220] [svr_pctrl.c:5369] pctrl invoke call pre close file 
W/HiPlayer( 1460): [23:49:11.220] [svr_pctrl.c:4739] set evt cb use 0 ms 
I/HiPlayer( 1460): [23:49:11.223] [svr_pctrl.c:3397] exit play unf consume 31(increase 31 for last padpt stop) 
E/HiPlayer( 1460): [23:49:11.224]: [svr_pctrl.c:_SVR_PCTRL_FreeOldFrame:1150] get ext sub hdl fail, ret 0x0 
W/HiPlayer( 1460): [23:49:11.224] [svr_pctrl.c:3966] main thread exit 
W/ActivityManager( 1944): Force removing ActivityRecord{3534c2ba u0 adv.com.nrt.myapplication2/.MainActivity t110}: app died, no saved state
W/HiPlayer( 1460): [23:49:11.231] [svr_pctrl.c:4765] check deinit status use 11 ms 
W/HiPlayer( 1460): [23:49:11.231] [svr_pctrl.c:4775] change goto state use 11 ms 
W/HiPlayer( 1460): [23:49:11.231] [svr_pctrl.c:4779] waite main thread exit use 11 ms 
I/HiPlayer( 1460): [23:49:11.231] [svr_padpt.c:4649] detach sound device, ret = 0x0 ! 
V/ActivityManager( 1944): resumeTopActivityLocked mLowResumedActivityPkg :[com.android.launcher3] HomeActivity :[com.android.launcher3 ]
V/ActivityManager( 1944): resumeTopActivityLocked:  go home
I/HiPlayer( 1460): [23:49:11.252] [svr_padpt.c:4664] detach window, ret = 0x0 ! 
I/HiPlayer( 1460): [23:49:11.254] [svr_padpt.c:4680] destroy so handle, ret = 0x0 ! 
W/ActivityManager( 1944): Spurious death for ProcessRecord{ac0a70e 10783:adv.com.nrt.myapplication2/u0a44}, curProc for 10783: null
D/AndroidRuntime(13390): Shutting down VM
I/HiPlayer( 1460): [23:49:11.290] [svr_padpt.c:4693] close vid channel, ret = 0x0 ! 
I/HiPlayer( 1460): [23:49:11.293] [svr_padpt.c:4702] close aud channel, ret = 0x0 ! 
I/HiPlayer( 1460): [23:49:11.303] [svr_padpt.c:4738] destroy avplay handle, ret = 0x0 ! 
I/HiPlayer( 1460): [23:49:11.306] [svr_padpt.c:4751] destroy window, ret = 0x0 ! 
I/HiPlayer( 1460): [23:49:11.306] [svr_pctrl.c:4795] exit play unf consume 106(increase 75 for padpt destroy) 
W/HiPlayer( 1460): [23:49:11.307] [svr_pctrl.c:4796] destroy device use 87 ms 
E/HiPlayer-FFMpeg( 1460): [23:49:11.307]: [FFMPEG_MSG][hi_svr_msg.c:459] invalid param
E/HiPlayer-FFMpeg( 1460): [23:49:11.307]: [FFMPEG_MSG][hi_svr_msg.c:585] invalid param
I/HiPlayer-FFMpeg( 1460): [23:49:11.307]: FFMPEG_MSG_DeInit finish
W/HiPlayer( 1460): [23:49:11.310] [svr_pctrl.c:4799] close all file use 90 ms 
W/HiPlayer( 1460): [23:49:11.310] [svr_pctrl.c:4813] [SWITCH-PG ] destroy hiplayer totol time is 90 ms 
V/HisiMediaPlayer( 1460): HiMediaPlayer call HI_SVR_PLAYER_Destroy after, time is 1153984014 
V/HisiMediaPlayer( 1460): begin destroy mCmdQueue 1153984014 
V/HisiMediaPlayer( 1460): signal thread out
V/HisiMediaPlayer( 1460): HiMediaPlayer::CommandQueue() deconstruct
V/HisiMediaPlayer( 1460): finish destroy mCmdQueue 1153984014 
V/HisiSubManager( 1460): Call cleanSubMem IN
V/HisiMediaPlayer( 1460): HiMediaPlayer destroyHiPlayer Step 2, time is 1153984014 
V/HisiMediaPlayer( 1460): HiMediaPlayer destroyHiPlayer Step 3, time is 1153984014 
V/HisiMediaPlayer( 1460): HiMediaPlayer destroyHiPlayer Step 4, time is 1153984014 
V/HisiMediaPlayer( 1460): HiMediaPlayer destroyHiPlayer Step 5
I/HisiMediaPlayer( 1460): Reset to 2d
E/HiMediaPlayerManage( 1460): mLockThreadId RESET LOCAL ID IS -1274401152
V/HiMediaPlayerManage( 1460): Call ~HiMediaPlayerManage IN
V/HisiMediaPlayer( 1460): [SWITCH-PG ] HiMediaPlayer destructor start
V/HisiMediaPlayer( 1460): HiMediaPlayer::setProcInfo,etype=11,time=1153984015
V/HisiMediaPlayer( 1460): [SWITCH-PG ] HiMediaPlayer destructor Finish
V/HisiMediaPlayer( 1460): sched_thread out
W/InputMethodManagerService( 1944): Got RemoteException sending setActive(false) notification to pid 10783 uid 10044
W/OpenGLRenderer( 2402): Incorrectly called buildLayer on View: ShortcutAndWidgetContainer, destroying layer...
I/hide    ( 1944): #############################
I/hide    ( 1944): #############################
E/Netd    ( 1454): Unable to create pid file (No such file or directory)
D/AndroidRuntime(13453): >>>>>> START com.android.internal.os.RuntimeInit uid 0 <<<<<<
D/AndroidRuntime(13453): CheckJNI is OFF
E/cutils-trace(13453): Error opening trace file: No such file or directory (2)
E/memtrack(13453): Couldn't load memtrack module (No such file or directory)
E/android.os.Debug(13453): failed to load memtrack module: -2
I/EthernetJNI(13453): Loading ethernet jni class
D/AndroidRuntime(13453): Calling main entry com.android.commands.am.Am
I/ActivityManager( 1944): START u0 {act=android.intent.action.MAIN cat=[android.intent.category.LAUNCHER] flg=0x10000000 cmp=adv.com.nrt.myapplication2/.MainActivity} from uid 0 on display 0
V/WindowManager( 1944): addAppToken: AppWindowToken{e64261a token=Token{dbe8cc5 ActivityRecord{343b073c u0 adv.com.nrt.myapplication2/.MainActivity t111}}} to stack=1 task=111 at 0
V/ActivityManager( 1944): resumeTopActivityLocked mLowResumedActivityPkg :[adv.com.nrt.myapplication2] HomeActivity :[com.android.launcher3 ]
V/WindowManager( 1944): Adding window Window{205e8f7d u0 Starting adv.com.nrt.myapplication2} at 2 of 5 (after Window{19679e05 u0 com.android.launcher3/com.android.launcher3.Launcher})
V/ActivityManager( 1944): resumeTopActivityLocked mLowResumedActivityPkg :[adv.com.nrt.myapplication2] HomeActivity :[com.android.launcher3 ]
D/AndroidRuntime(13453): Shutting down VM
I/art     (13463): Late-enabling -Xcheck:jni
I/ActivityManager( 1944): Start proc 13463:adv.com.nrt.myapplication2/u0a44 for activity adv.com.nrt.myapplication2/.MainActivity
V/ActivityManager( 1944): stopActivityLocked mLowResumedActivityPkg=[ adv.com.nrt.myapplication2]Removing activity=[ com.android.launcher3]isLowRamGoHome =[false ]
E/Environment(13463): canonicalPath = /storage/sdcard
E/art     (13463): Failed sending reply to debugger: Broken pipe
I/art     (13463): Debugger is no longer active
W/art     (13463): Failed to find OatDexFile for DexFile /data/data/adv.com.nrt.myapplication2/files/instant-run/dex/slice-slice_0-classes.dex ( canonical path /data/data/adv.com.nrt.myapplication2/files/instant-run/dex/slice-slice_0-classes.dex) with checksum 0x01796e25 in OatFile /data/data/adv.com.nrt.myapplication2/cache/slice-slice_0-classes.dex
E/cutils-trace(13479): Error opening trace file: No such file or directory (2)
I/dex2oat (13479): /system/bin/dex2oat --runtime-arg -classpath --runtime-arg  --instruction-set=arm --instruction-set-features=default --runtime-arg -Xrelocate --boot-image=/system/framework/boot.art --dex-file=/data/data/adv.com.nrt.myapplication2/files/instant-run/dex/slice-slice_0-classes.dex --oat-fd=17 --oat-location=/data/data/adv.com.nrt.myapplication2/cache/slice-slice_0-classes.dex --runtime-arg -Xms64m --runtime-arg -Xmx512m --compiler-filter=everything
I/dex2oat (13479): dex2oat took 297.657ms (threads: 2) arena alloc=1727KB java alloc=269KB native alloc=2MB free=5MB
W/ActivityManager( 1944): getRunningAppProcesses: caller 10044 does not hold REAL_GET_TASKS; limiting output
D/ShelterApp(13463): init data
I/System.out(13463): ---/mnt/sdcard/Shelter/data/1/1.jpg
D/FileUtils(13463): parse  path = /mnt/sdcard/Shelter/data/1/1.jpg parse: ; 1 = mnt n = 1
I/System.out(13463): ---/mnt/sdcard/Shelter/data/2/2.jpg
D/FileUtils(13463): parse  path = /mnt/sdcard/Shelter/data/2/2.jpg parse: ; 1 = mnt n = 2
I/System.out(13463): ---/mnt/sdcard/Shelter/data/3/3.jpg
D/FileUtils(13463): parse  path = /mnt/sdcard/Shelter/data/3/3.jpg parse: ; 1 = mnt n = 3
I/System.out(13463): ---/mnt/sdcard/Shelter/data/4/4.jpg
D/FileUtils(13463): parse  path = /mnt/sdcard/Shelter/data/4/4.jpg parse: ; 1 = mnt n = 4
I/System.out(13463): ---/mnt/sdcard/Shelter/data/5/5.jpg
D/FileUtils(13463): parse  path = /mnt/sdcard/Shelter/data/5/5.jpg parse: ; 1 = mnt n = 5
I/System.out(13463): ---/mnt/sdcard/Shelter/data/6/1.jpg
D/FileUtils(13463): parse  path = /mnt/sdcard/Shelter/data/6/1.jpg parse: ; 1 = mnt n = 6
I/System.out(13463): ---/mnt/sdcard/Shelter/data/7/7.jpg
D/FileUtils(13463): parse  path = /mnt/sdcard/Shelter/data/7/7.jpg parse: ; 1 = mnt n = 7
I/System.out(13463): ---/mnt/sdcard/Shelter/data/8/3.jpg
D/FileUtils(13463): parse  path = /mnt/sdcard/Shelter/data/8/3.jpg parse: ; 1 = mnt n = 8
I/System.out(13463): ---/mnt/sdcard/Shelter/data/9/SOLOMINI.mp4
D/FileUtils(13463): parse  path = /mnt/sdcard/Shelter/data/9/SOLOMINI.mp4 parse: ; 1 = mnt n = 9
I/SurfaceView(13463): surface type is: 3
D/ShelterApp(13463): ConnectedSocket ....enter
D/ShelterApp(13463): ConnectedSocket connect .....
D/ShelterApp(13463): Socket error, connected again
W/GooglePlayServicesUtil(13463): Google Play services is missing.
D/OpenGLRenderer(13463): Use EGL_SWAP_BEHAVIOR_PRESERVED: false
D/Atlas   (13463): Validating map...
V/WindowManager( 1944): Adding window Window{1494abb1 u0 adv.com.nrt.myapplication2/adv.com.nrt.myapplication2.MainActivity} at 2 of 6 (before Window{205e8f7d u0 Starting adv.com.nrt.myapplication2})
I/OpenGLRenderer(13463): Initialized EGL, version 1.4
D/OpenGLRenderer(13463): Enabling debug mode 0
V/WindowManager( 1944): Adding window Window{3c20fc17 u0 SurfaceView} at 2 of 7 (before Window{1494abb1 u0 adv.com.nrt.myapplication2/adv.com.nrt.myapplication2.MainActivity})
D/ShelterApp(13463): start request permission
I/ActivityManager( 1944): Displayed adv.com.nrt.myapplication2/.MainActivity: +873ms
D/ShelterApp(13463): handleMessage : msg : 1
D/ShelterApp(13463): start play ,uri is/mnt/sdcard/Shelter/data/1/1.jpg
D/ShelterApp(13463): start play png
I/art     ( 1944): Explicit concurrent mark sweep GC freed 11491(591KB) AllocSpace objects, 3(48KB) LOS objects, 12% free, 13MB/15MB, paused 2.431ms total 78.783ms
I/hide    ( 1944): #############################
D/TaskPersister( 1944): removeObsoleteFile: deleting file=110_task.xml
D/ShelterApp(13463): handleMessage : msg : 2
D/ShelterApp(13463): start play ,uri is/mnt/sdcard/Shelter/data/2/2.jpg
D/ShelterApp(13463): start play png
I/hide    ( 1944): #############################
D/AndroidRuntime(13606): >>>>>> START com.android.internal.os.RuntimeInit uid 0 <<<<<<
D/AndroidRuntime(13606): CheckJNI is OFF
E/cutils-trace(13606): Error opening trace file: No such file or directory (2)
E/memtrack(13606): Couldn't load memtrack module (No such file or directory)
E/android.os.Debug(13606): failed to load memtrack module: -2
I/EthernetJNI(13606): Loading ethernet jni class
D/AndroidRuntime(13606): Calling main entry com.android.commands.am.Am
I/ActivityManager( 1944): Force stopping adv.com.nrt.myapplication2 appid=10044 user=0: from pid 13606
I/ActivityManager( 1944): Killing 13463:adv.com.nrt.myapplication2/u0a44 (adj 0): stop adv.com.nrt.myapplication2
W/InputDispatcher( 1944): channel '1494abb1 adv.com.nrt.myapplication2/adv.com.nrt.myapplication2.MainActivity (server)' ~ Consumer closed input channel or an error occurred.  events=0x9
E/InputDispatcher( 1944): channel '1494abb1 adv.com.nrt.myapplication2/adv.com.nrt.myapplication2.MainActivity (server)' ~ Channel is unrecoverably broken and will be disposed!
I/WindowState( 1944): WIN DEATH: Window{1494abb1 u0 adv.com.nrt.myapplication2/adv.com.nrt.myapplication2.MainActivity}
W/InputDispatcher( 1944): Attempted to unregister already unregistered input channel '1494abb1 adv.com.nrt.myapplication2/adv.com.nrt.myapplication2.MainActivity (server)'
W/WindowManager( 1944): Force-removing child win Window{3c20fc17 u0 SurfaceView} from container Window{1494abb1 u0 adv.com.nrt.myapplication2/adv.com.nrt.myapplication2.MainActivity}
W/WindowManager( 1944): Failed looking up window
W/WindowManager( 1944): java.lang.IllegalArgumentException: Requested window android.os.BinderProxy@b833896 does not exist
W/WindowManager( 1944): 	at com.android.server.wm.WindowManagerService.windowForClientLocked(WindowManagerService.java:8645)
W/WindowManager( 1944): 	at com.android.server.wm.WindowManagerService.windowForClientLocked(WindowManagerService.java:8636)
W/WindowManager( 1944): 	at com.android.server.wm.WindowState$DeathRecipient.binderDied(WindowState.java:1142)
W/WindowManager( 1944): 	at android.os.BinderProxy.sendDeathNotice(Binder.java:551)
I/WindowState( 1944): WIN DEATH: null
W/ActivityManager( 1944): Force removing ActivityRecord{343b073c u0 adv.com.nrt.myapplication2/.MainActivity t111}: app died, no saved state
V/ActivityManager( 1944): resumeTopActivityLocked mLowResumedActivityPkg :[com.android.launcher3] HomeActivity :[com.android.launcher3 ]
V/ActivityManager( 1944): resumeTopActivityLocked:  go home
W/ActivityManager( 1944): Spurious death for ProcessRecord{fe42070 13463:adv.com.nrt.myapplication2/u0a44}, curProc for 13463: null
D/AndroidRuntime(13606): Shutting down VM
W/InputMethodManagerService( 1944): Got RemoteException sending setActive(false) notification to pid 13463 uid 10044
W/OpenGLRenderer( 2402): Incorrectly called buildLayer on View: ShortcutAndWidgetContainer, destroying layer...
I/hide    ( 1944): #############################
I/hide    ( 1944): #############################
I/hide    ( 1944): #############################
I/hide    ( 1944): #############################
E/Netd    ( 1454): Unable to create pid file (No such file or directory)
I/hide    ( 1944): #############################
I/hide    ( 1944): #############################
D/AndroidRuntime(13705): >>>>>> START com.android.internal.os.RuntimeInit uid 0 <<<<<<
D/AndroidRuntime(13705): CheckJNI is OFF
E/cutils-trace(13705): Error opening trace file: No such file or directory (2)
E/memtrack(13705): Couldn't load memtrack module (No such file or directory)
E/android.os.Debug(13705): failed to load memtrack module: -2
I/EthernetJNI(13705): Loading ethernet jni class
D/AndroidRuntime(13705): Calling main entry com.android.commands.am.Am
I/ActivityManager( 1944): START u0 {act=android.intent.action.MAIN cat=[android.intent.category.LAUNCHER] flg=0x10000000 cmp=adv.com.nrt.myapplication2/.MainActivity} from uid 0 on display 0
V/WindowManager( 1944): addAppToken: AppWindowToken{3342d39c token=Token{1d1570f ActivityRecord{3ad0c46e u0 adv.com.nrt.myapplication2/.MainActivity t112}}} to stack=1 task=112 at 0
V/ActivityManager( 1944): resumeTopActivityLocked mLowResumedActivityPkg :[adv.com.nrt.myapplication2] HomeActivity :[com.android.launcher3 ]
V/WindowManager( 1944): Adding window Window{2ce31907 u0 Starting adv.com.nrt.myapplication2} at 2 of 5 (after Window{19679e05 u0 com.android.launcher3/com.android.launcher3.Launcher})
V/ActivityManager( 1944): resumeTopActivityLocked mLowResumedActivityPkg :[adv.com.nrt.myapplication2] HomeActivity :[com.android.launcher3 ]
D/AndroidRuntime(13705): Shutting down VM
I/art     (13715): Late-enabling -Xcheck:jni
I/ActivityManager( 1944): Start proc 137