D/PowerManagerService( 1944): getInputBlocked: false
D/PowerManagerService( 1944): getInputBlocked: false
D/PowerManagerService( 1944): getInputBlocked: false
D/PowerManagerService( 1944): getInputBlocked: false
D/PowerManagerService( 1944): getInputBlocked: false
D/PowerManagerService( 1944): getInputBlocked: false
D/PowerManagerService( 1944): getInputBlocked: false
D/PowerManagerService( 1944): getInputBlocked: false
D/PowerManagerService( 1944): getInputBlocked: false
D/PowerManagerService( 1944): getInputBlocked: false
D/PowerManagerService( 1944): getInputBlocked: false
D/PowerManagerService( 1944): getInputBlocked: false
D/PowerManagerService( 1944): getInputBlocked: false
D/PowerManagerService( 1944): getInputBlocked: false
D/PowerManagerService( 1944): getInputBlocked: false
D/PowerManagerService( 1944): getInputBlocked: false
D/PowerManagerService( 1944): getInputBlocked: false
D/PowerManagerService( 1944): getInputBlocked: false
D/PowerManagerService( 1944): getInputBlocked: false
D/PowerManagerService( 1944): getInputBlocked: false
D/PowerManagerService( 1944): getInputBlocked: false
D/PowerManagerService( 1944): getInputBlocked: false
D/PowerManagerService( 1944): getInputBlocked: false
D/PowerManagerService( 1944): getInputBlocked: false
D/PowerManagerService( 1944): getInputBlocked: false
D/PowerManagerService( 1944): getInputBlocked: false
D/PowerManagerService( 1944): getInputBlocked: false
D/PowerManagerService( 1944): getInputBlocked: false
D/PowerManagerService( 1944): getInputBlocked: false
D/PowerManagerService( 1944): getInputBlocked: false
D/PowerManagerService( 1944): getInputBlocked: false
D/PowerManagerService( 1944): getInputBlocked: false
D/PowerManagerService( 1944): getInputBlocked: false
D/PowerManagerService( 1944): getInputBlocked: false
D/PowerManagerService( 1944): getInputBlocked: false
D/PowerManagerService( 1944): getInputBlocked: false
D/PowerManagerService( 1944): getInputBlocked: false
D/PowerManagerService( 1944): getInputBlocked: false
D/PowerManagerService( 1944): getInputBlocked: false
D/PowerManagerService( 1944): getInputBlocked: false
D/PowerManagerService( 1944): getInputBlocked: false
D/PowerManagerService( 1944): getInputBlocked: false
D/PowerManagerService( 1944): getInputBlocked: false
D/PowerManagerService( 1944): getInputBlocked: false
D/PowerManagerService( 1944): getInputBlocked: false
D/PowerManagerService( 1944): getInputBlocked: false
D/PowerManagerService( 1944): getInputBlocked: false
D/PowerManagerService( 1944): getInputBlocked: false
D/PowerManagerService( 1944): getInputBlocked: false
D/PowerManagerService( 1944): getInputBlocked: false
D/PowerManagerService( 1944): getInputBlocked: false
D/PowerManagerService( 1944): getInputBlocked: false
D/PowerManagerService( 1944): getInputBlocked: false
D/PowerManagerService( 1944): getInputBlocked: false
D/PowerManagerService( 1944): getInputBlocked: false
D/PowerManagerService( 1944): getInputBlocked: false
D/PowerManagerService( 1944): getInputBlocked: false
D/PowerManagerService( 1944): getInputBlocked: false
D/PowerManagerService( 1944): getInputBlocked: false
D/PowerManagerService( 1944): getInputBlocked: false
D/PowerManagerService( 1944): getInputBlocked: false
D/PowerManagerService( 1944): getInputBlocked: false
D/PowerManagerService( 1944): getInputBlocked: false
D/PowerManagerService( 1944): getInputBlocked: false
D/PowerManagerService( 1944): getInputBlocked: false
D/PowerManagerService( 1944): getInputBlocked: false
D/PowerManagerService( 1944): getInputBlocked: false
D/PowerManagerService( 1944): getInputBlocked: false
D/PowerManagerService( 1944): getInputBlocked: false
D/PowerManagerService( 1944): getInputBlocked: false
D/PowerManagerService( 1944): getInputBlocked: false
D/PowerManagerService( 1944): getInputBlocked: false
D/PowerManagerService( 1944): getInputBlocked: false
D/PowerManagerService( 1944): getInputBlocked: false
D/PowerManagerService( 1944): getInputBlocked: false
D/PowerManagerService( 1944): getInputBlocked: false
D/PowerManagerService( 1944): getInputBlocked: false
D/PowerManagerService( 1944): getInputBlocked: false
D/PowerManagerService( 1944): getInputBlocked: false
D/PowerManagerService( 1944): getInputBlocked: false
D/PowerManagerService( 1944): getInputBlocked: false
D/PowerManagerService( 1944): getInputBlocked: false
D/PowerManagerService( 1944): getInputBlocked: false
D/PowerManagerService( 1944): getInputBlocked: false
D/PowerManagerService( 1944): getInputBlocked: false
D/PowerManagerService( 1944): getInputBlocked: false
D/PowerManagerService( 1944): getInputBlocked: false
D/PowerManagerService( 1944): getInputBlocked: false
D/PowerManagerService( 1944): getInputBlocked: false
D/PowerManagerService( 1944): getInputBlocked: false
D/PowerManagerService( 1944): getInputBlocked: false
D/PowerManagerService( 1944): getInputBlocked: false
D/PowerManagerService( 1944): getInputBlocked: false
D/PowerManagerService( 1944): getInputBlocked: false
D/PowerManagerService( 1944): getInputBlocked: false
D/PowerManagerService( 1944): getInputBlocked: false
D/PowerManagerService( 1944): getInputBlocked: false
D/PowerManagerService( 1944): getInputBlocked: false
D/PowerManagerService( 1944): getInputBlocked: false
D/PowerManagerService( 1944): getInputBlocked: false
D/PowerManagerService( 1944): getInputBlocked: false
D/PowerManagerService( 1944): getInputBlocked: false
D/PowerManagerService( 1944): getInputBlocked: false
D/PowerManagerService( 1944): getInputBlocked: false
D/PowerManagerService( 1944): getInputBlocked: false
D/PowerManagerService( 1944): getInputBlocked: false
D/PowerManagerService( 1944): getInputBlocked: false
D/PowerManagerService( 1944): getInputBlocked: false
D/PowerManagerService( 1944): getInputBlocked: false
D/PowerManagerService( 1944): getInputBlocked: false
D/PowerManagerService( 1944): getInputBlocked: false
D/PowerManagerService( 1944): getInputBlocked: false
D/PowerManagerService( 1944): getInputBlocked: false
D/PowerManagerService( 1944): getInputBlocked: false
D/PowerManagerService( 1944): getInputBlocked: false
D/PowerManagerService( 1944): getInputBlocked: false
D/PowerManagerService( 1944): getInputBlocked: false
D/PowerManagerService( 1944): getInputBlocked: false
D/PowerManagerService( 1944): getInputBlocked: false
D/PowerManagerService( 1944): getInputBlocked: false
D/PowerManagerService( 1944): getInputBlocked: false
D/PowerManagerService( 1944): getInputBlocked: false
D/PowerManagerService( 1944): getInputBlocked: false
D/PowerManagerService( 1944): getInputBlocked: false
D/PowerManagerService( 1944): getInputBlocked: false
D/PowerManagerService( 1944): getInputBlocked: false
D/PowerManagerService( 1944): getInputBlocked: false
D/PowerManagerService( 1944): getInputBlocked: false
D/PowerManagerService( 1944): getInputBlocked: false
D/PowerManagerService( 1944): getInputBlocked: false
D/PowerManagerService( 1944): getInputBlocked: false
D/PowerManagerService( 1944): getInputBlocked: false
D/PowerManagerService( 1944): getInputBlocked: false
D/PowerManagerService( 1944): getInputBlocked: false
D/PowerManagerService( 1944): getInputBlocked: false
D/PowerManagerService( 1944): getInputBlocked: false
D/PowerManagerService( 1944): getInputBlocked: false
D/PowerManagerService( 1944): getInputBlocked: false
D/PowerManagerService( 1944): getInputBlocked: false
D/PowerManagerService( 1944): getInputBlocked: false
D/PowerManagerService( 1944): getInputBlocked: false
D/PowerManagerService( 1944): getInputBlocked: false
D/PowerManagerService( 1944): getInputBlocked: false
D/PowerManagerService( 1944): getInputBlocked: false
D/PowerManagerService( 1944): getInputBlocked: false
D/PowerManagerService( 1944): getInputBlocked: false
D/PowerManagerService( 1944): getInputBlocked: false
D/PowerManagerService( 1944): getInputBlocked: false
D/PowerManagerService( 1944): getInputBlocked: false
D/PowerManagerService( 1944): getInputBlocked: false
D/PowerManagerService( 1944): getInputBlocked: false
D/PowerManagerService( 1944): getInputBlocked: false
D/PowerManagerService( 1944): getInputBlocked: false
D/PowerManagerService( 1944): getInputBlocked: false
D/PowerManagerService( 1944): getInputBlocked: false
D/PowerManagerService( 1944): getInputBlocked: false
D/PowerManagerService( 1944): getInputBlocked: false
D/PowerManagerService( 1944): getInputBlocked: false
D/PowerManagerService( 1944): getInputBlocked: false
D/PowerManagerService( 1944): getInputBlocked: false
D/PowerManagerService( 1944): getInputBlocked: false
D/PowerManagerService( 1944): getInputBlocked: false
D/PowerManagerService( 1944): getInputBlocked: false
D/PowerManagerService( 1944): getInputBlocked: false
I/ActivityManager( 1944): START u0 {act=android.intent.action.DELETE dat=package:adv.com.nrt.myapplication2 flg=0x10800000 cmp=com.android.packageinstaller/.UninstallerActivity (has extras)} from uid 1000 on display 0
V/WindowManager( 1944): addAppToken: AppWindowToken{27d75a71 token=Token{e1d1018 ActivityRecord{2d0d07fb u0 com.android.packageinstaller/.UninstallerActivity t106}}} to stack=1 task=106 at 0
V/ActivityManager( 1944): resumeTopActivityLocked mLowResumedActivityPkg :[com.android.packageinstaller] HomeActivity :[com.android.launcher3 ]
V/ActivityManager( 1944): resumeTopActivityLocked mLowResumedActivityPkg :[com.android.packageinstaller] HomeActivity :[com.android.launcher3 ]
I/ActivityManager( 1944): Start proc 8678:com.android.packageinstaller/u0a31 for activity com.android.packageinstaller/.UninstallerActivity
V/ActivityManager( 1944): stopActivityLocked mLowResumedActivityPkg=[ com.android.packageinstaller]Removing activity=[ com.android.launcher3]isLowRamGoHome =[false ]
V/WindowManager( 1944): Adding window Window{397bebe2 u0 com.android.packageinstaller/com.android.packageinstaller.UninstallerActivity} at 2 of 5 (after Window{19679e05 u0 com.android.launcher3/com.android.launcher3.Launcher})
V/WindowManager( 1944): Adding window Window{3c99ca30 u0 com.android.packageinstaller/com.android.packageinstaller.UninstallerActivity} at 2 of 6 (before Window{397bebe2 u0 com.android.packageinstaller/com.android.packageinstaller.UninstallerActivity})
D/PowerManagerService( 1944): getInputBlocked: false
D/PowerManagerService( 1944): getInputBlocked: false
D/PowerManagerService( 1944): getInputBlocked: false
D/PowerManagerService( 1944): getInputBlocked: false
D/PowerManagerService( 1944): getInputBlocked: false
D/PowerManagerService( 1944): getInputBlocked: false
D/PowerManagerService( 1944): getInputBlocked: false
D/PowerManagerService( 1944): getInputBlocked: false
D/PowerManagerService( 1944): getInputBlocked: false
D/PowerManagerService( 1944): getInputBlocked: false
D/PowerManagerService( 1944): getInputBlocked: false
D/PowerManagerService( 1944): getInputBlocked: false
D/PowerManagerService( 1944): getInputBlocked: false
D/PowerManagerService( 1944): getInputBlocked: false
D/PowerManagerService( 1944): getInputBlocked: false
D/PowerManagerService( 1944): getInputBlocked: false
D/PowerManagerService( 1944): getInputBlocked: false
D/PowerManagerService( 1944): getInputBlocked: false
D/PowerManagerService( 1944): getInputBlocked: false
D/PowerManagerService( 1944): getInputBlocked: false
D/PowerManagerService( 1944): getInputBlocked: false
D/PowerManagerService( 1944): getInputBlocked: false
D/PowerManagerService( 1944): getInputBlocked: false
D/PowerManagerService( 1944): getInputBlocked: false
D/PowerManagerService( 1944): getInputBlocked: false
D/PowerManagerService( 1944): getInputBlocked: false
D/PowerManagerService( 1944): getInputBlocked: false
D/PowerManagerService( 1944): getInputBlocked: false
D/PowerManagerService( 1944): getInputBlocked: false
D/PowerManagerService( 1944): getInputBlocked: false
D/PowerManagerService( 1944): getInputBlocked: false
D/PowerManagerService( 1944): getInputBlocked: false
D/PowerManagerService( 1944): getInputBlocked: false
D/PowerManagerService( 1944): getInputBlocked: false
D/PowerManagerService( 1944): getInputBlocked: false
D/PowerManagerService( 1944): getInputBlocked: false
D/PowerManagerService( 1944): getInputBlocked: false
D/PowerManagerService( 1944): getInputBlocked: false
D/PowerManagerService( 1944): getInputBlocked: false
D/PowerManagerService( 1944): getInputBlocked: false
D/PowerManagerService( 1944): getInputBlocked: false
D/PowerManagerService( 1944): getInputBlocked: false
D/PowerManagerService( 1944): getInputBlocked: false
D/PowerManagerService( 1944): getInputBlocked: false
D/PowerManagerService( 1944): getInputBlocked: false
D/PowerManagerService( 1944): getInputBlocked: false
D/PowerManagerService( 1944): getInputBlocked: false
D/PowerManagerService( 1944): getInputBlocked: false
D/PowerManagerService( 1944): getInputBlocked: false
D/PowerManagerService( 1944): getInputBlocked: false
D/PowerManagerService( 1944): getInputBlocked: false
D/PowerManagerService( 1944): getInputBlocked: false
D/PowerManagerService( 1944): getInputBlocked: false
D/PowerManagerService( 1944): getInputBlocked: false
D/PowerManagerService( 1944): getInputBlocked: false
D/PowerManagerService( 1944): getInputBlocked: false
D/PowerManagerService( 1944): getInputBlocked: false
D/PowerManagerService( 1944): getInputBlocked: false
D/PowerManagerService( 1944): getInputBlocked: false
D/PowerManagerService( 1944): getInputBlocked: false
D/PowerManagerService( 1944): getInputBlocked: false
D/PowerManagerService( 1944): getInputBlocked: false
D/PowerManagerService( 1944): getInputBlocked: false
D/PowerManagerService( 1944): getInputBlocked: false
D/PowerManagerService( 1944): getInputBlocked: false
D/PowerManagerService( 1944): getInputBlocked: false
D/PowerManagerService( 1944): getInputBlocked: false
D/PowerManagerService( 1944): getInputBlocked: false
D/PowerManagerService( 1944): getInputBlocked: false
D/PowerManagerService( 1944): getInputBlocked: false
D/PowerManagerService( 1944): getInputBlocked: false
D/PowerManagerService( 1944): getInputBlocked: false
D/PowerManagerService( 1944): getInputBlocked: false
D/PowerManagerService( 1944): getInputBlocked: false
D/PowerManagerService( 1944): getInputBlocked: false
D/PowerManagerService( 1944): getInputBlocked: false
D/PowerManagerService( 1944): getInputBlocked: false
D/PowerManagerService( 1944): getInputBlocked: false
D/PowerManagerService( 1944): getInputBlocked: false
D/PowerManagerService( 1944): getInputBlocked: false
D/PowerManagerService( 1944): getInputBlocked: false
D/PowerManagerService( 1944): getInputBlocked: false
D/PowerManagerService( 1944): getInputBlocked: false
D/PowerManagerService( 1944): getInputBlocked: false
D/PowerManagerService( 1944): getInputBlocked: false
D/PowerManagerService( 1944): getInputBlocked: false
D/PowerManagerService( 1944): getInputBlocked: false
D/PowerManagerService( 1944): getInputBlocked: false
D/PowerManagerService( 1944): getInputBlocked: false
D/PowerManagerService( 1944): getInputBlocked: false
D/PowerManagerService( 1944): getInputBlocked: false
D/PowerManagerService( 1944): getInputBlocked: false
D/PowerManagerService( 1944): getInputBlocked: false
D/PowerManagerService( 1944): getInputBlocked: false
D/PowerManagerService( 1944): getInputBlocked: false
D/PowerManagerService( 1944): getInputBlocked: false
D/PowerManagerService( 1944): getInputBlocked: false
D/PowerManagerService( 1944): getInputBlocked: false
D/PowerManagerService( 1944): getInputBlocked: false
D/PowerManagerService( 1944): getInputBlocked: false
D/PowerManagerService( 1944): getInputBlocked: false
D/PowerManagerService( 1944): getInputBlocked: false
D/PowerManagerService( 1944): getInputBlocked: false
D/PowerManagerService( 1944): getInputBlocked: false
D/PowerManagerService( 1944): getInputBlocked: false
D/PowerManagerService( 1944): getInputBlocked: false
D/PowerManagerService( 1944): getInputBlocked: false
D/PowerManagerService( 1944): getInputBlocked: false
D/PowerManagerService( 1944): getInputBlocked: false
D/PowerManagerService( 1944): getInputBlocked: false
D/PowerManagerService( 1944): getInputBlocked: false
D/PowerManagerService( 1944): getInputBlocked: false
D/PowerManagerService( 1944): getInputBlocked: false
D/PowerManagerService( 1944): getInputBlocked: false
D/PowerManagerService( 1944): getInputBlocked: false
D/PowerManagerService( 1944): getInputBlocked: false
D/PowerManagerService( 1944): getInputBlocked: false
D/PowerManagerService( 1944): getInputBlocked: false
D/PowerManagerService( 1944): getInputBlocked: false
D/PowerManagerService( 1944): getInputBlocked: false
D/PowerManagerService( 1944): getInputBlocked: false
D/PowerManagerService( 1944): getInputBlocked: false
D/PowerManagerService( 1944): getInputBlocked: false
D/PowerManagerService( 1944): getInputBlocked: false
D/PowerManagerService( 1944): getInputBlocked: false
D/PowerManagerService( 1944): getInputBlocked: false
D/PowerManagerService( 1944): getInputBlocked: false
D/PowerManagerService( 1944): getInputBlocked: false
D/PowerManagerService( 1944): getInputBlocked: false
D/PowerManagerService( 1944): getInputBlocked: false
D/PowerManagerService( 1944): getInputBlocked: false
D/PowerManagerService( 1944): getInputBlocked: false
D/PowerManagerService( 1944): getInputBlocked: false
D/PowerManagerService( 1944): getInputBlocked: false
D/PowerManagerService( 1944): getInputBlocked: false
D/PowerManagerService( 1944): getInputBlocked: false
D/PowerManagerService( 1944): getInputBlocked: false
D/PowerManagerService( 1944): getInputBlocked: false
D/PowerManagerService( 1944): getInputBlocked: false
D/PowerManagerService( 1944): getInputBlocked: false
D/PowerManagerService( 1944): getInputBlocked: false
D/PowerManagerService( 1944): getInputBlocked: false
D/PowerManagerService( 1944): getInputBlocked: false
D/PowerManagerService( 1944): getInputBlocked: false
D/PowerManagerService( 1944): getInputBlocked: false
D/PowerManagerService( 1944): getInputBlocked: false
D/PowerManagerService( 1944): getInputBlocked: false
D/PowerManagerService( 1944): getInputBlocked: false
D/PowerManagerService( 1944): getInputBlocked: false
D/PowerManagerService( 1944): getInputBlocked: false
D/PowerManagerService( 1944): getInputBlocked: false
D/PowerManagerService( 1944): getInputBlocked: false
D/PowerManagerService( 1944): getInputBlocked: false
D/PowerManagerService( 1944): getInputBlocked: false
D/PowerManagerService( 1944): getInputBlocked: false
D/PowerManagerService( 1944): getInputBlocked: false
D/PowerManagerService( 1944): getInputBlocked: false
D/PowerManagerService( 1944): getInputBlocked: false
D/PowerManagerService( 1944): getInputBlocked: false
D/PowerManagerService( 1944): getInputBlocked: false
D/PowerManagerService( 1944): getInputBlocked: false
D/PowerManagerService( 1944): getInputBlocked: false
D/PowerManagerService( 1944): getInputBlocked: false
D/PowerManagerService( 1944): getInputBlocked: false
D/PowerManagerService( 1944): getInputBlocked: false
D/PowerManagerService( 1944): getInputBlocked: false
D/PowerManagerService( 1944): getInputBlocked: false
D/PowerManagerService( 1944): getInputBlocked: false
D/PowerManagerService( 1944): getInputBlocked: false
D/PowerManagerService( 1944): getInputBlocked: false
D/PowerManagerService( 1944): getInputBlocked: false
D/PowerManagerService( 1944): getInputBlocked: false
D/PowerManagerService( 1944): getInputBlocked: false
D/PowerManagerService( 1944): getInputBlocked: false
D/PowerManagerService( 1944): getInputBlocked: false
D/PowerManagerService( 1944): getInputBlocked: false
D/PowerManagerService( 1944): getInputBlocked: false
D/PowerManagerService( 1944): getInputBlocked: false
D/PowerManagerService( 1944): getInputBlocked: false
D/PowerManagerService( 1944): getInputBlocked: false
D/PowerManagerService( 1944): getInputBlocked: false
D/PowerManagerService( 1944): getInputBlocked: false
D/PowerManagerService( 1944): getInputBlocked: false
D/PowerManagerService( 1944): getInputBlocked: false
D/PowerManagerService( 1944): getInputBlocked: false
D/PowerManagerService( 1944): getInputBlocked: false
D/PowerManagerService( 1944): getInputBlocked: false
D/PowerManagerService( 1944): getInputBlocked: false
D/PowerManagerService( 1944): getInputBlocked: false
D/PowerManagerService( 1944): getInputBlocked: false
D/PowerManagerService( 1944): getInputBlocked: false
D/PowerManagerService( 1944): getInputBlocked: false
I/ActivityManager( 1944): START u0 {act=android.intent.action.VIEW cmp=com.android.packageinstaller/.UninstallAppProgress (has extras)} from uid 10031 on display 0
V/WindowManager( 1944): addAppToken: AppWindowToken{362be5eb token=Token{8ab153a ActivityRecord{375d4465 u0 com.android.packageinstaller/.UninstallAppProgress t106}}} to stack=1 task=106 at 1
V/ActivityManager( 1944): resumeTopActivityLocked mLowResumedActivityPkg :[com.android.packageinstaller] HomeActivity :[com.android.launcher3 ]
V/ActivityManager( 1944): resumeTopActivityLocked mLowResumedActivityPkg :[com.android.packageinstaller] HomeActivity :[com.android.launcher3 ]
V/ActivityManager( 1944): resumeTopActivityLocked mLowResumedActivityPkg :[com.android.packageinstaller] HomeActivity :[com.android.launcher3 ]
V/WindowManager( 1944): Adding window Window{34a54b06 u0 com.android.packageinstaller/com.android.packageinstaller.UninstallAppProgress} at 3 of 6 (after Window{3c99ca30 u0 com.android.packageinstaller/com.android.packageinstaller.UninstallerActivity})
I/ActivityManager( 1944): Force stopping adv.com.nrt.myapplication2 appid=10043 user=-1: uninstall pkg
I/ActivityManager( 1944): Killing 4281:adv.com.nrt.myapplication2/u0a43 (adj 11): stop adv.com.nrt.myapplication2
V/ActivityManager( 1944): resumeTopActivityLocked mLowResumedActivityPkg :[com.android.packageinstaller] HomeActivity :[com.android.launcher3 ]
V/ActivityManager( 1944): destroyActivityLocked mLowResumedActivityPkg=[ com.android.packageinstaller]Removing activity=[ com.android.packageinstaller]isLowRamGoHome =[false ]
W/ActivityManager( 1944): Spurious death for ProcessRecord{13e0f5c7 4281:adv.com.nrt.myapplication2/u0a43}, curProc for 4281: null
D/PowerManagerService( 1944): getInputBlocked: false
D/PowerManagerService( 1944): getInputBlocked: false
D/PowerManagerService( 1944): getInputBlocked: false
D/PowerManagerService( 1944): getInputBlocked: false
D/PowerManagerService( 1944): getInputBlocked: false
D/PowerManagerService( 1944): getInputBlocked: false
D/PowerManagerService( 1944): getInputBlocked: false
I/ActivityManager( 1944): Force stopping adv.com.nrt.myapplication2 appid=10043 user=0: pkg removed
V/ActivityManager( 1944): resumeTopActivityLocked mLowResumedActivityPkg :[com.android.packageinstaller] HomeActivity :[com.android.launcher3 ]
I/ActivityManager( 1944): Start proc 8748:android.process.acore/u0a2 for broadcast com.android.providers.contacts/.PackageIntentReceiver
V/ActivityManager( 1944): resumeTopActivityLocked mLowResumedActivityPkg :[com.android.packageinstaller] HomeActivity :[com.android.launcher3 ]
D/TaskPersister( 1944): removeObsoleteFile: deleting file=105_task.xml
D/TaskPersister( 1944): removeObsoleteFile: deleting file=105_task_thumbnail.png
D/JobSchedulerService( 1944): Receieved: android.intent.action.PACKAGE_REMOVED
D/BackupManagerService( 1944): Received broadcast Intent { act=android.intent.action.PACKAGE_REMOVED dat=package:adv.com.nrt.myapplication2 flg=0x4000010 (has extras) }
I/ActivityManager( 1944): Start proc 8769:com.estrongs.android.pop/u0a17 for broadcast com.estrongs.android.pop/.app.InstallMonitorReceiver
V/ActivityManager( 1944): resumeTopActivityLocked mLowResumedActivityPkg :[com.android.launcher3] HomeActivity :[com.android.launcher3 ]
V/ActivityManager( 1944): resumeTopActivityLocked:  go home
V/ActivityManager( 1944): destroyActivityLocked mLowResumedActivityPkg=[ com.android.launcher3]Removing activity=[ com.android.packageinstaller]isLowRamGoHome =[true ]
I/ActivityManager( 1944): START u0 {flg=0x10800000 cmp=com.estrongs.android.pop/.app.UninstallMonitorActivity (has extras)} from uid 10017 on display 0
V/WindowManager( 1944): addAppToken: AppWindowToken{6b40054 token=Token{327ce3a7 ActivityRecord{38a571a8 u0 com.estrongs.android.pop/.app.UninstallMonitorActivity t107}}} to stack=1 task=107 at 0
V/ActivityManager( 1944): resumeTopActivityLocked mLowResumedActivityPkg :[com.estrongs.android.pop] HomeActivity :[com.android.launcher3 ]
V/ActivityManager( 1944): resumeTopActivityLocked mLowResumedActivityPkg :[com.estrongs.android.pop] HomeActivity :[com.android.launcher3 ]
I/ActivityManager( 1944): Start proc 8789:com.android.gallery3d/u0a20 for broadcast com.android.gallery3d/.app.PackagesMonitor
I/ActivityManager( 1944): Killing 8748:android.process.acore/u0a2 (adj 13): empty #3
V/ActivityManager( 1944): resumeTopActivityLocked mLowResumedActivityPkg :[com.estrongs.android.pop] HomeActivity :[com.android.launcher3 ]
V/ActivityManager( 1944): resumeTopActivityLocked mLowResumedActivityPkg :[com.estrongs.android.pop] HomeActivity :[com.android.launcher3 ]
V/WindowManager( 1944): Adding window Window{2e7acdc0 u0 com.estrongs.android.pop/com.estrongs.android.pop.app.UninstallMonitorActivity} at 2 of 6 (after Window{19679e05 u0 com.android.launcher3/com.android.launcher3.Launcher})
W/InputMethodManagerService( 1944): Window already focused, ignoring focus gain of: com.android.internal.view.IInputMethodClient$Stub$Proxy@177a4af9 attribute=null, token = android.os.BinderProxy@3804957c
D/WifiService( 1944): New client listening to asynchronous messages
I/WindowManager( 1944): Screenshot max retries 4 of Token{327ce3a7 ActivityRecord{38a571a8 u0 com.estrongs.android.pop/.app.UninstallMonitorActivity t107 f}} appWin=Window{2e7acdc0 u0 com.estrongs.android.pop/com.estrongs.android.pop.app.UninstallMonitorActivity} drawState=1
W/InputMethodManagerService( 1944): Focus gain on non-focused client com.android.internal.view.IInputMethodClient$Stub$Proxy@29b0a09f (uid=10017 pid=8769)
I/ActivityManager( 1944): Start proc 8816:com.android.keychain/1000 for broadcast com.android.keychain/.KeyChainBroadcastReceiver
W/ContextImpl( 8816): Calling a method in the system process without a qualified user: android.app.ContextImpl.startService:1738 android.content.ContextWrapper.startService:516 android.content.ContextWrapper.startService:516 com.android.keychain.KeyChainBroadcastReceiver.onReceive:12 android.app.ActivityThread.handleReceiver:2609 
I/ActivityManager( 1944): Start proc 8833:com.android.documentsui/u0a16 for broadcast com.android.documentsui/.PackageReceiver
I/ActivityManager( 1944): Killing 8305:com.android.defcontainer/u0a3 (adj 13): empty #3
V/ActivityManager( 1944): resumeTopActivityLocked mLowResumedActivityPkg :[com.android.launcher3] HomeActivity :[com.android.launcher3 ]
V/ActivityManager( 1944): resumeTopActivityLocked:  go home
I/ActivityManager( 1944): Start proc 8854:android.process.media/u0a4 for content provider com.android.providers.downloads/.DownloadStorageProvider
W/ActivityManager( 1944): Activity pause timeout for ActivityRecord{38a571a8 u0 com.estrongs.android.pop/.app.UninstallMonitorActivity t107 f}
V/ActivityManager( 1944): resumeTopActivityLocked mLowResumedActivityPkg :[com.android.launcher3] HomeActivity :[com.android.launcher3 ]
V/ActivityManager( 1944): resumeTopActivityLocked:  go home
V/ActivityManager( 1944): resumeTopActivityLocked mLowResumedActivityPkg :[com.android.launcher3] HomeActivity :[com.android.launcher3 ]
V/ActivityManager( 1944): resumeTopActivityLocked:  go home
I/ActivityManager( 1944): Killing 8789:com.android.gallery3d/u0a20 (adj 13): empty #3
V/ActivityManager( 1944): resumeTopActivityLocked mLowResumedActivityPkg :[com.android.launcher3] HomeActivity :[com.android.launcher3 ]
V/ActivityManager( 1944): resumeTopActivityLocked:  go home
V/ActivityManager( 1944): destroyActivityLocked mLowResumedActivityPkg=[ com.android.launcher3]Removing activity=[ com.estrongs.android.pop]isLowRamGoHome =[true ]
I/ActivityManager( 1944): Killing 8816:com.android.keychain/1000 (adj 13): empty #3
V/ActivityManager( 1944): resumeTopActivityLocked mLowResumedActivityPkg :[com.android.launcher3] HomeActivity :[com.android.launcher3 ]
V/ActivityManager( 1944): resumeTopActivityLocked:  go home
V/ActivityManager( 1944): resumeTopActivityLocked mLowResumedActivityPkg :[com.android.launcher3] HomeActivity :[com.android.launcher3 ]
V/ActivityManager( 1944): resumeTopActivityLocked:  go home
I/ActivityManager( 1944): Start proc 8875:com.android.externalstorage/u0a5 for content provider com.android.externalstorage/.ExternalStorageProvider
I/ActivityManager( 1944): Killing 8833:com.android.documentsui/u0a16 (adj 13): empty #3
V/ActivityManager( 1944): resumeTopActivityLocked mLowResumedActivityPkg :[com.android.launcher3] HomeActivity :[com.android.launcher3 ]
V/ActivityManager( 1944): resumeTopActivityLocked:  go home
I/ActivityManager( 1944): Killing 8769:com.estrongs.android.pop/u0a17 (adj 13): empty #3
D/WifiService( 1944): Client connection lost with reason: 4
V/ActivityManager( 1944): resumeTopActivityLocked mLowResumedActivityPkg :[com.android.launcher3] HomeActivity :[com.android.launcher3 ]
V/ActivityManager( 1944): resumeTopActivityLocked:  go home
I/ActivityManager( 1944): Killing 8678:com.android.packageinstaller/u0a31 (adj 13): empty #3
I/WindowState( 1944): WIN DEATH: Window{2b26af53 u0 Toast}
V/ActivityManager( 1944): resumeTopActivityLocked mLowResumedActivityPkg :[com.android.launcher3] HomeActivity :[com.android.launcher3 ]
V/ActivityManager( 1944): resumeTopActivityLocked:  go home
D/TaskPersister( 1944): removeObsoleteFile: deleting file=94_task.xml
D/TaskPersister( 1944): removeObsoleteFile: deleting file=94_task_thumbnail.png
W/PackageManager( 1944): Package named 'adv.com.nrt.myapplication2' doesn't exist.
I/ActivityManager( 1944): Start proc 9021:com.android.defcontainer/u0a3 for service com.android.defcontainer/.DefaultContainerService
D/DefContainer( 9021): Copying /data/local/tmp/adv.com.nrt.myapplication2 to base.apk
D/PackageManager( 1944): Renaming /data/app/vmdl1152563743.tmp to /data/app/adv.com.nrt.myapplication2-1
W/PackageManager( 1944): Not granting permission android.permission.MOUNT_UNMOUNT_FILESYSTEMS to package adv.com.nrt.myapplication2 (protectionLevel=18 flags=0x48be46)
V/BackupManagerService( 1944): restoreAtInstall pkg=adv.com.nrt.myapplication2 token=2 restoreSet=0
V/BackupManagerService( 1944): Finishing install immediately
D/BackupManagerService( 1944): Received broadcast Intent { act=android.intent.action.PACKAGE_ADDED dat=package:adv.com.nrt.myapplication2 flg=0x4000010 (has extras) }
W/BackupManagerService( 1944): Removing schedule queue dupe of adv.com.nrt.myapplication2
I/ActivityManager( 1944): Start proc 9042:android.process.acore/u0a2 for broadcast com.android.providers.contacts/.PackageIntentReceiver
I/ActivityManager( 1944): Start proc 9061:com.estrongs.android.pop/u0a17 for broadcast com.estrongs.android.pop/.app.InstallMonitorReceiver
I/ActivityManager( 1944): Killing 8854:android.process.media/u0a4 (adj 13): empty #3
V/ActivityManager( 1944): resumeTopActivityLocked mLowResumedActivityPkg :[com.android.launcher3] HomeActivity :[com.android.launcher3 ]
V/ActivityManager( 1944): resumeTopActivityLocked:  go home
I/ActivityManager( 1944): START u0 {flg=0x10800000 cmp=com.estrongs.android.pop/.app.InstallMonitorActivity (has extras)} from uid 10017 on display 0
V/WindowManager( 1944): addAppToken: AppWindowToken{8074d token=Token{3afb36e4 ActivityRecord{3fbb9a77 u0 com.estrongs.android.pop/.app.InstallMonitorActivity t108}}} to stack=1 task=108 at 0
V/ActivityManager( 1944): resumeTopActivityLocked mLowResumedActivityPkg :[com.estrongs.android.pop] HomeActivity :[com.android.launcher3 ]
V/ActivityManager( 1944): resumeTopActivityLocked mLowResumedActivityPkg :[com.estrongs.android.pop] HomeActivity :[com.android.launcher3 ]
I/ActivityManager( 1944): Start proc 9083:com.android.gallery3d/u0a20 for broadcast com.android.gallery3d/.app.PackagesMonitor
W/InputMethodManagerService( 1944): Window already focused, ignoring focus gain of: com.android.internal.view.IInputMethodClient$Stub$Proxy@1cfbd305 attribute=null, token = android.os.BinderProxy@3804957c
V/ActivityManager( 1944): resumeTopActivityLocked mLowResumedActivityPkg :[com.android.launcher3] HomeActivity :[com.android.launcher3 ]
V/ActivityManager( 1944): resumeTopActivityLocked:  go home
V/ActivityManager( 1944): resumeTopActivityLocked mLowResumedActivityPkg :[com.android.launcher3] HomeActivity :[com.android.launcher3 ]
V/ActivityManager( 1944): resumeTopActivityLocked:  go home
V/ActivityManager( 1944): destroyActivityLocked mLowResumedActivityPkg=[ com.android.launcher3]Removing activity=[ com.estrongs.android.pop]isLowRamGoHome =[true ]
I/ActivityManager( 1944): Killing 8875:com.android.externalstorage/u0a5 (adj 13): empty #3
V/ActivityManager( 1944): resumeTopActivityLocked mLowResumedActivityPkg :[com.android.launcher3] HomeActivity :[com.android.launcher3 ]
V/ActivityManager( 1944): resumeTopActivityLocked:  go home
V/ActivityManager( 1944): resumeTopActivityLocked mLowResumedActivityPkg :[com.android.launcher3] HomeActivity :[com.android.launcher3 ]
V/ActivityManager( 1944): resumeTopActivityLocked:  go home
I/ActivityManager( 1944): Start proc 9107:com.svox.pico/u0a34 for broadcast com.svox.pico/.VoiceDataInstallerReceiver
I/ActivityManager( 1944): Killing 9042:android.process.acore/u0a2 (adj 13): empty #3
D/WifiService( 1944): New client listening to asynchronous messages
V/ActivityManager( 1944): resumeTopActivityLocked mLowResumedActivityPkg :[com.android.launcher3] HomeActivity :[com.android.launcher3 ]
V/ActivityManager( 1944): resumeTopActivityLocked:  go home
I/ActivityManager( 1944): Killing 9061:com.estrongs.android.pop/u0a17 (adj 13): empty #3
D/WifiService( 1944): Client connection lost with reason: 4
V/ActivityManager( 1944): resumeTopActivityLocked mLowResumedActivityPkg :[com.android.launcher3] HomeActivity :[com.android.launcher3 ]
V/ActivityManager( 1944): resumeTopActivityLocked:  go home
I/ActivityManager( 1944): START u0 {act=android.intent.action.MAIN cat=[android.intent.category.LAUNCHER] flg=0x10000000 cmp=adv.com.nrt.myapplication2/.MainActivity} from uid 0 on display 0
V/WindowManager( 1944): addAppToken: AppWindowToken{8eb9a81 token=Token{1d790668 ActivityRecord{740a58b u0 adv.com.nrt.myapplication2/.MainActivity t109}}} to stack=1 task=109 at 0
V/ActivityManager( 1944): resumeTopActivityLocked mLowResumedActivityPkg :[adv.com.nrt.myapplication2] HomeActivity :[com.android.launcher3 ]
V/WindowManager( 1944): Adding window Window{26143a80 u0 Starting adv.com.nrt.myapplication2} at 2 of 5 (after Window{19679e05 u0 com.android.launcher3/com.android.launcher3.Launcher})
V/ActivityManager( 1944): resumeTopActivityLocked mLowResumedActivityPkg :[adv.com.nrt.myapplication2] HomeActivity :[com.android.launcher3 ]
I/ActivityManager( 1944): Start proc 9134:adv.com.nrt.myapplication2/u0a44 for activity adv.com.nrt.myapplication2/.MainActivity
V/ActivityManager( 1944): stopActivityLocked mLowResumedActivityPkg=[ adv.com.nrt.myapplication2]Removing activity=[ com.android.launcher3]isLowRamGoHome =[false ]
W/ActivityManager( 1944): getRunningAppProcesses: caller 10044 does not hold REAL_GET_TASKS; limiting output
V/WindowManager( 1944): Adding window Window{279f302d u0 adv.com.nrt.myapplication2/adv.com.nrt.myapplication2.MainActivity} at 2 of 6 (before Window{26143a80 u0 Starting adv.com.nrt.myapplication2})
V/WindowManager( 1944): Adding window Window{2d9beaf3 u0 SurfaceView} at 2 of 7 (before Window{279f302d u0 adv.com.nrt.myapplication2/adv.com.nrt.myapplication2.MainActivity})
I/ActivityManager( 1944): Killing 9083:com.android.gallery3d/u0a20 (adj 13): empty #3
V/ActivityManager( 1944): resumeTopActivityLocked mLowResumedActivityPkg :[adv.com.nrt.myapplication2] HomeActivity :[com.android.launcher3 ]
I/ActivityManager( 1944): Start proc 9555:com.android.deskclock/u0a15 for broadcast com.android.deskclock/com.android.alarmclock.DigitalAppWidgetProvider
I/ActivityManager( 1944): Killing 9107:com.svox.pico/u0a34 (adj 13): empty #3
V/ActivityManager( 1944): resumeTopActivityLocked mLowResumedActivityPkg :[adv.com.nrt.myapplication2] HomeActivity :[com.android.launcher3 ]
--------- beginning of main
I/HisiMediaPlayer( 1460): mDisplayStrategy Is 1
I/HisiMediaPlayer( 1460): OutPut Adapter Mode
I/HisiMediaPlayer( 1460): TV Support 1080P_24FPS Ability is 0
V/HisiMediaPlayer( 1460): curAStreamId is 0 format 2 subid is -1
V/HisiMediaPlayer( 1460): going to set seek mode to pos
I/HiPlayer-FFMpeg( 1460): [23:45:27.089]: [Thread_doInvoke:10043] set seek mode:1#
E/HisiMediaPlayer( 1460): ERR: HI_SVR_PLAYER_Invoke HI_FORMAT_INVOKE_SET_SEEK_MODE fail!
V/HisiMediaPlayer( 1460): going to set dobly drc mode mode to line
D/HiMW_Audio_Base( 1469): ----------Call enableAvc End-----------
W/HiPlayer( 1460): [23:45:27.090] [svr_pctrl.c:5932] set dolby drcmode 2 
D/HiMW_ply_tv( 1469): -----------setAvcAttr Begin--------
I/HiPlayer( 1460): [23:45:27.091] [svr_padpt.c:6315] Set s32DolbyDrcMode is 2 
V/HisiMediaPlayer( 1460): set set dobly drc mode success
V/HisiMediaPlayer( 1460): [SWITCH-PG ] Call prepareAsyncComplete IN
V/HisiMediaPlayer( 1460): HiMediaPlayer::setProcInfo,etype=6,time=1153759795
V/HisiMediaPlayer( 1460): HiMediaPlayer::prepareAsyncComplete, go to prepare_l
V/HisiMediaPlayer( 1460): prepare_l go to get file info
V/HisiMediaPlayer( 1460): *************************************************
V/HisiMediaPlayer( 1460): Stream type: ES 
V/HisiMediaPlayer( 1460): Source type: LOCAL 
V/HisiMediaPlayer( 1460): File size:   2097152 bytes 
V/HisiMediaPlayer( 1460): Start time:  0:0:0 
V/HisiMediaPlayer( 1460): Duration:    0:0:40 
V/HisiMediaPlayer( 1460): bps:         414798 bits/s 
V/HisiMediaPlayer( 1460): Program 0: 
V/HisiMediaPlayer( 1460): service name: 
V/HisiMediaPlayer( 1460): service provider: 
V/HisiMediaPlayer( 1460):    video 0 info: 
V/HisiMediaPlayer( 1460):      stream idx:   0 
V/HisiMediaPlayer( 1460):      format:       4 
V/HisiMediaPlayer( 1460):      w * h:        1280 * 720 
V/HisiMediaPlayer( 1460):      fps:          25.0 
V/HisiMediaPlayer( 1460):      bps:          339464 bits/s 
V/HisiMediaPlayer( 1460):      duration:     0:0:40 
V/HisiMediaPlayer( 1460):    audio 0 info: 
V/HisiMediaPlayer( 1460):      stream idx:   1 
V/HisiMediaPlayer( 1460):      format:       2 
V/HisiMediaPlayer( 1460):      samplerate:   48000 Hz 
V/HisiMediaPlayer( 1460):      bitpersample: 16 
V/HisiMediaPlayer( 1460):      channels:     2 
V/HisiMediaPlayer( 1460):      bps:          16 bits/s 
V/HisiMediaPlayer( 1460):      lang:         und 
V/HisiMediaPlayer( 1460):      subID:        -1
V/HisiMediaPlayer( 1460):      duration:     0:0:40 
V/HisiMediaPlayer( 1460): *************************************************
E/HisiSubtitle( 1460): User data style.xml file read failed!... try to read system style.xml file
E/HisiSubtitle( 1460): Subtitle system style.xml file is not parsed successfully. 
E/HisiSubtitle( 1460): Can't find Style xmlfile
V/HiMediaPlayerManage( 1460): message received msg=5, ext1=1280, ext2=720
V/HiMediaPlayerManage( 1460): New video size 1280 x 720
V/HiMediaPlayerManage( 1460): back from callback
V/HisiMediaPlayer( 1460): prepare_l get file info finish
V/HiMediaPlayerManage( 1460): message received msg=200, ext1=710, ext2=80
W/HiMediaPlayerManage( 1460): info/warning (710, 80)
W/MediaPlayer( 9134): info/warning (710, 80)
V/HiMediaPlayerManage( 1460): back from callback
V/HisiMediaPlayer( 1460): setdatasource prepared,send video size
V/HiMediaPlayerManage( 1460): message received msg=5, ext1=1280, ext2=720
V/HiMediaPlayerManage( 1460): New video size 1280 x 720
V/HiMediaPlayerManage( 1460): back from callback
V/HiMediaPlayerManage( 1460): message received msg=1, ext1=0, ext2=0
V/HiMediaPlayerManage( 1460): prepared
E/MediaPlayer( 9134): Should have subtitle controller already set
V/HiMediaPlayerManage( 1460): Call setLooping IN
V/HisiMediaPlayer( 1460): SetLooping loop[0]
V/HiMediaPlayerManage( 1460): Call setLooping IN
V/HisiMediaPlayer( 1460): SetLooping loop[0]
V/HiMediaPlayerManage( 1460): Call start IN
V/HisiMediaPlayer( 1460): SetLooping loop[0]
V/HisiMediaPlayer( 1460): SetVolume L-R [1.00  1.00]
V/HisiMediaPlayer( 1460): [SWITCH-PG ] Call HiMediaPlayer::start() IN
V/HisiMediaPlayer( 1460): HiMediaPlayer::setProcInfo,etype=1,time=0
V/HisiMediaPlayer( 1460): HiMediaPlayer::setProcInfo,etype=2,time=0
V/HisiMediaPlayer( 1460): HiMediaPlayer::setProcInfo,etype=3,time=1153759613
V/HisiMediaPlayer( 1460): HiMediaPlayer::setProcInfo,etype=4,time=0
V/HisiMediaPlayer( 1460): HiMediaPlayer::setProcInfo,etype=5,time=1153759668
V/HisiMediaPlayer( 1460): HiMediaPlayer::setProcInfo,etype=6,time=1153759795
V/HisiMediaPlayer( 1460): HiMediaPlayer::setProcInfo,etype=7,time=1153759812
V/HiMediaPlayerManage( 1460): back from callback
V/HiMediaPlayerManage( 1460): message received msg=200, ext1=710, ext2=90
W/HiMediaPlayerManage( 1460): info/warning (710, 90)
V/HiMediaPlayerManage( 1460): back from callback
W/HiPlayer( 1460): [23:45:27.109] [svr_pctrl.c:5496] Get seekable result:1 
E/HisiMediaPlayer( 1460): send MEDIA_INFO_SYSTEM_MEM_SIZE event,size:1024
V/HiMediaPlayerManage( 1460): message received msg=200, ext1=1016, ext2=1024
W/HiMediaPlayerManage( 1460): info/warning (1016, 1024)
V/HiMediaPlayerManage( 1460): back from callback
V/HisiMediaPlayer( 1460): [SWITCH-PG ] Call doStart IN
I/HiPlayer-FFMpeg( 1460): [23:45:27.109]: user ope, resume cmd(0), set bclose = 0, bstop = 0 
D/HiMW_Audio_Base( 1469): ----------Call setAvcAttr End-----------
D/HiMW_ply_tv( 1469): -----------setAvcAttr End--------
I/HiMW_ply_tv( 1469): Call tv listener!
E/HiMW_cus_set( 1469): [onAudioConfig] called
I/HiPlayer( 1460): [23:45:27.119] [svr_padpt.c:2478] Select cap level = 12, protocol level = 1 ,u32PixelNum:921600 
I/HiPlayer( 1460): [23:45:27.120] [svr_padpt.c:3112] curOpt.enDecType=0, enCapLevel=0, enProtocolLevel=0, newOpt.enDecType=0, enCapLevel=12, enProtocolLevel=1  
I/HiPlayer( 1460): [23:45:27.120] [svr_padpt.c:3133] Video rotate is 0, set rotate ret = 0xffffffff  
I/HiPlayer( 1460): [23:45:27.120] [svr_padpt.c:3158] open video channel 
I/HiPlayer( 1460): [23:45:27.146] [svr_padpt.c:2705] [SVR_PADPT_IfDisableFormat:2705] checking if format[(null)] should be enabled in prop[],bIsDivx:0 
I/HiPlayer( 1460): [23:45:27.147] [svr_padpt.c:3245] Set ErrCover = 0  
I/HiPlayer( 1460): [23:45:27.158] [svr_padpt.c:5543] call HI_UNF_AVPLAY_Start vid channel before  
I/HiPlayer( 1460): [23:45:27.242] [svr_padpt.c:5545] call HI_UNF_AVPLAY_Start vid channel after  
I/HiPlayer( 1460): [23:45:27.242] [svr_padpt.c:2705] [SVR_PADPT_IfDisableFormat:2705] checking if format[(null)] should be enabled in prop[],bIsDivx:0 
I/HiPlayer( 1460): [23:45:27.254] [svr_padpt.c:2839] Audio Decoder Type is 2147614721  
I/HiPlayer( 1460): [23:45:27.255] [svr_padpt.c:5559] call HI_UNF_AVPLAY_Start aud channel before  
I/HiPlayer( 1460): [23:45:27.258] [svr_padpt.c:5561] call HI_UNF_AVPLAY_Start aud channel after  
I/HiPlayer( 1460): [23:45:27.258] [svr_padpt.c:5598] padpt start using time:139 ms 
I/HiPlayer( 1460): [23:45:27.258] [svr_pctrl.c:3492] enter play unf consume 164(increase 139 for padpt start) 
I/HiPlayer( 1460): [23:45:27.258] [svr_buffer_event.c:79] Enter preroll state 
E/HiPlayer( 1460): [23:45:27.258]: [svr_pctrl.c:_SVR_PCTRL_AVSync:2993] never do seek, ret 0x0 
V/HisiMediaPlayer( 1460): [SWITCH-PG ] Receive Event: HI_SVR_PLAYER_EVENT_STATE State [HI_SVR_PLAYER_STATE_PLAY(2)]
V/HisiMediaPlayer( 1460): HiMediaPlayer::setProcInfo,etype=8,time=1153759962
V/HiMediaPlayerManage( 1460): message received msg=200, ext1=710, ext2=100
W/HiMediaPlayerManage( 1460): info/warning (710, 100)
V/HiMediaPlayerManage( 1460): back from callback
V/HisiSurfaceSetting( 1460): HI_UNF_VO_SetWindowAttr x[0] y[0] w[1920] h[1080] VideoRect x[0] y[0] w[1920] h[1080]mCvrs[6] ratio [w 0] [h 0] bUserDefAspectRatio is 0
V/HisiMediaPlayer( 1460): After updateSurfaceSetting
E/ShelterApp( 9134): 
I/HiMediaPlayerManage( 1460): setParameter 6009
I/HiMediaPlayerManage( 1460): setParameter 6009=[.left=0.top=0.right=1920.bottom=1080]
I/HiMediaPlayerManage( 1460): setParameter info to newrect=[0,0,1920,1080]
V/HiMediaPlayerManage( 1460): Call updateVideoPosition IN
V/HiMediaPlayerManage( 1460): HiMediaPlayerManage::updateVideoPosition(0, 0, 1920, 1080)
V/HisiMediaPlayer( 1460): Call HiMediaPlayer::updateSurfacePosition IN, x:y:w:h = 0:0:1920:1080 
W/MediaPlayer( 9134): info/warning (710, 90)
W/MediaPlayer( 9134): info/warning (1016, 1024)
W/MediaPlayer( 9134): info/warning (710, 100)
D/ShelterApp( 9134): handleMessage : msg : 1
D/ShelterApp( 9134): start play ,uri is/mnt/sdcard/Shelter/data/9/SOLOMINI.mp4
D/ShelterApp( 9134): start play mp4
D/ShelterApp( 9134): playVideo: Url = /mnt/sdcard/Shelter/data/9/SOLOMINI.mp4
V/HiMediaPlayerManage( 1460): Call reset IN
V/HisiMediaPlayer( 1460): [SWITCH-PG ] Call HiMediaPlayer::reset() IN
V/HisiMediaPlayer( 1460): [SWITCH-PG ] HiMediaPlayer destroyHiPlayer Step 1, time is 1153759971 
I/HiPlayer( 1460): [23:45:27.267] [hi_svr_player.c:365] user invoke player pre close file function 
W/HiPlayer( 1460): [23:45:27.267] [svr_pctrl.c:5369] pctrl invoke call pre close file 
I/HiPlayer-FFMpeg( 1460): [23:45:27.267]: call pre close file, set bclose = 1 
V/HisiMediaPlayer( 1460): HiMediaPlayer destroyHiPlayer after PRE_CLOSE, time is 1153759971 
E/HiPlayer-FFMpeg( 1460): [23:45:27.267]: call _SVR_FORMAT_InterruptCB ### _SVR_FORMAT_InterruptCB return 1 !
V/HisiMediaPlayer( 1460): HiMediaPlayer call HI_SVR_PLAYER_Destroy before, time is 1153759981 
E/HisiMediaPlayer( 1460): enque destroy player cmd
V/HisiMediaPlayer( 1460): Call doDestroyPlayer IN
V/HiMediaPlayerManage( 1460): message received msg=8, ext1=0, ext2=0
V/HiMediaPlayerManage( 1460): unrecognized message: (8, 0, 0)
V/HiMediaPlayerManage( 1460): back from callback
I/HiPlayer( 1460): [23:45:27.277] [hi_svr_player.c:283] call player destroy function 
W/HiPlayer( 1460): [23:45:27.277] [svr_pctrl.c:5369] pctrl invoke call pre close file 
I/HiPlayer-FFMpeg( 1460): [23:45:27.278]: call pre close file, set bclose = 1 
W/HiPlayer( 1460): [23:45:27.278] [svr_pctrl.c:4739] set evt cb use 0 ms 
I/HiPlayer( 1460): [23:45:27.309] [svr_pctrl.c:3388] exit play unf consume 31(increase 31 for padpt stop) 
E/HiPlayer( 1460): [23:45:27.309]: [svr_pctrl.c:_SVR_PCTRL_FreeOldFrame:1150] get ext sub hdl fail, ret 0x0 
W/HiPlayer( 1460): [23:45:27.309] [svr_pctrl.c:3966] main thread exit 
W/HiPlayer( 1460): [23:45:27.319] [svr_pctrl.c:4765] check deinit status use 41 ms 
W/HiPlayer( 1460): [23:45:27.319] [svr_pctrl.c:4775] change goto state use 41 ms 
W/HiPlayer( 1460): [23:45:27.319] [svr_pctrl.c:4779] waite main thread exit use 41 ms 
I/HiPlayer( 1460): [23:45:27.319] [svr_padpt.c:4649] detach sound device, ret = 0x0 ! 
I/HiPlayer( 1460): [23:45:27.326] [svr_padpt.c:4664] detach window, ret = 0x0 ! 
I/HiPlayer( 1460): [23:45:27.331] [svr_padpt.c:4680] destroy so handle, ret = 0x0 ! 
I/HiPlayer( 1460): [23:45:27.347] [svr_padpt.c:4693] close vid channel, ret = 0x0 ! 
I/HiPlayer( 1460): [23:45:27.350] [svr_padpt.c:4702] close aud channel, ret = 0x0 ! 
I/HiPlayer( 1460): [23:45:27.357] [svr_padpt.c:4738] destroy avplay handle, ret = 0x0 ! 
I/HiPlayer( 1460): [23:45:27.366] [svr_padpt.c:4751] destroy window, ret = 0x0 ! 
I/HiPlayer( 1460): [23:45:27.366] [svr_pctrl.c:4795] exit play unf consume 78(increase 47 for padpt destroy) 
W/HiPlayer( 1460): [23:45:27.366] [svr_pctrl.c:4796] destroy device use 88 ms 
E/HiPlayer-FFMpeg( 1460): [23:45:27.367]: [FFMPEG_MSG][hi_svr_msg.c:459] invalid param
E/HiPlayer-FFMpeg( 1460): [23:45:27.367]: [FFMPEG_MSG][hi_svr_msg.c:585] invalid param
I/HiPlayer-FFMpeg( 1460): [23:45:27.367]: FFMPEG_MSG_DeInit finish
W/HiPlayer( 1460): [23:45:27.370] [svr_pctrl.c:4799] close all file use 92 ms 
W/HiPlayer( 1460): [23:45:27.370] [svr_pctrl.c:4813] [SWITCH-PG ] destroy hiplayer totol time is 92 ms 
V/HisiMediaPlayer( 1460): HiMediaPlayer call HI_SVR_PLAYER_Destroy after, time is 1153760075 
V/HisiMediaPlayer( 1460): begin destroy mCmdQueue 1153760075 
V/HisiMediaPlayer( 1460): signal thread out
V/HisiMediaPlayer( 1460): HiMediaPlayer::CommandQueue() deconstruct
V/HisiMediaPlayer( 1460): finish destroy mCmdQueue 1153760075 
V/HisiSubManager( 1460): Call cleanSubMem IN
V/HisiMediaPlayer( 1460): HiMediaPlayer destroyHiPlayer Step 2, time is 1153760075 
V/HisiMediaPlayer( 1460): HiMediaPlayer destroyHiPlayer Step 3, time is 1153760075 
V/HisiMediaPlayer( 1460): HiMediaPlayer destroyHiPlayer Step 4, time is 1153760075 
V/HisiMediaPlayer( 1460): HiMediaPlayer destroyHiPlayer Step 5
I/HisiMediaPlayer( 1460): Reset to 2d
E/HiMediaPlayerManage( 1460): mLockThreadId RESET LOCAL ID IS -1274403072
V/HiMediaPlayerManage( 1460): Call reset IN
E/HiMediaPlayerManage( 1460): mLockThreadId RESET LOCAL ID IS -1225679892
V/HiMediaPlayerManage( 1460): Call ~HiMediaPlayerManage IN
V/HisiMediaPlayer( 1460): [SWITCH-PG ] HiMediaPlayer destructor start
V/HisiMediaPlayer( 1460): HiMediaPlayer::setProcInfo,etype=11,time=1153760076
V/HisiMediaPlayer( 1460): [SWITCH-PG ] HiMediaPlayer destructor Finish
V/HiMediaPlayerManage( 1460): Call HiMediaPlayerManage IN
